Component: Arm Compiler for Embedded 6.23 Tool: armlink [5f102400]

==============================================================================

Section Cross References

    dma.o(.text.MX_DMA_Init) refers to stm32h7xx_hal_cortex.o(.text.HAL_NVIC_SetPriority) for HAL_NVIC_SetPriority
    dma.o(.text.MX_DMA_Init) refers to stm32h7xx_hal_cortex.o(.text.HAL_NVIC_EnableIRQ) for HAL_NVIC_EnableIRQ
    dma.o(.ARM.exidx.text.MX_DMA_Init) refers to dma.o(.text.MX_DMA_Init) for [Anonymous Symbol]
    freertos.o(.text.MX_FREERTOS_Init) refers to freertos.o(.text.StartDefaultTask) for StartDefaultTask
    freertos.o(.text.MX_FREERTOS_Init) refers to freertos.o(.rodata.defaultTask_attributes) for defaultTask_attributes
    freertos.o(.text.MX_FREERTOS_Init) refers to cmsis_os2.o(.text.osThreadNew) for osThreadNew
    freertos.o(.text.MX_FREERTOS_Init) refers to freertos.o(.bss.defaultTaskHandle) for defaultTaskHandle
    freertos.o(.ARM.exidx.text.MX_FREERTOS_Init) refers to freertos.o(.text.MX_FREERTOS_Init) for [Anonymous Symbol]
    freertos.o(.text.StartDefaultTask) refers to cmsis_os2.o(.text.osDelay) for osDelay
    freertos.o(.ARM.exidx.text.StartDefaultTask) refers to freertos.o(.text.StartDefaultTask) for [Anonymous Symbol]
    freertos.o(.rodata.defaultTask_attributes) refers to freertos.o(.rodata.str1.1) for [Anonymous Symbol]
    gpio.o(.ARM.exidx.text.MX_GPIO_Init) refers to gpio.o(.text.MX_GPIO_Init) for [Anonymous Symbol]
    main.o(.text.main) refers to stm32h7xx_hal_cortex.o(.text.HAL_MPU_Disable) for HAL_MPU_Disable
    main.o(.text.main) refers to stm32h7xx_hal_cortex.o(.text.HAL_MPU_ConfigRegion) for HAL_MPU_ConfigRegion
    main.o(.text.main) refers to stm32h7xx_hal_cortex.o(.text.HAL_MPU_Enable) for HAL_MPU_Enable
    main.o(.text.main) refers to stm32h7xx_hal.o(.text.HAL_Init) for HAL_Init
    main.o(.text.main) refers to main.o(.text.SystemClock_Config) for SystemClock_Config
    main.o(.text.main) refers to gpio.o(.text.MX_GPIO_Init) for MX_GPIO_Init
    main.o(.text.main) refers to dma.o(.text.MX_DMA_Init) for MX_DMA_Init
    main.o(.text.main) refers to usart.o(.text.MX_USART1_UART_Init) for MX_USART1_UART_Init
    main.o(.text.main) refers to usart.o(.text.MX_USART2_UART_Init) for MX_USART2_UART_Init
    main.o(.text.main) refers to usart.o(.text.MX_USART6_UART_Init) for MX_USART6_UART_Init
    main.o(.text.main) refers to test.o(.text.test_fn) for test_fn
    main.o(.text.main) refers to stm32h7xx_hal.o(.text.HAL_Delay) for HAL_Delay
    main.o(.ARM.exidx.text.main) refers to main.o(.text.main) for [Anonymous Symbol]
    main.o(.text.SystemClock_Config) refers to rt_memclr_w.o(.text) for __aeabi_memclr4
    main.o(.text.SystemClock_Config) refers to stm32h7xx_hal_pwr_ex.o(.text.HAL_PWREx_ConfigSupply) for HAL_PWREx_ConfigSupply
    main.o(.text.SystemClock_Config) refers to stm32h7xx_hal_rcc.o(.text.HAL_RCC_OscConfig) for HAL_RCC_OscConfig
    main.o(.text.SystemClock_Config) refers to stm32h7xx_hal_rcc.o(.text.HAL_RCC_ClockConfig) for HAL_RCC_ClockConfig
    main.o(.ARM.exidx.text.SystemClock_Config) refers to main.o(.text.SystemClock_Config) for [Anonymous Symbol]
    main.o(.ARM.exidx.text.Error_Handler) refers to main.o(.text.Error_Handler) for [Anonymous Symbol]
    main.o(.text.HAL_TIM_PeriodElapsedCallback) refers to stm32h7xx_hal.o(.text.HAL_IncTick) for HAL_IncTick
    main.o(.ARM.exidx.text.HAL_TIM_PeriodElapsedCallback) refers to main.o(.text.HAL_TIM_PeriodElapsedCallback) for [Anonymous Symbol]
    stm32h7xx_hal_msp.o(.text.HAL_MspInit) refers to stm32h7xx_hal_cortex.o(.text.HAL_NVIC_SetPriority) for HAL_NVIC_SetPriority
    stm32h7xx_hal_msp.o(.ARM.exidx.text.HAL_MspInit) refers to stm32h7xx_hal_msp.o(.text.HAL_MspInit) for [Anonymous Symbol]
    stm32h7xx_hal_timebase_tim.o(.text.HAL_InitTick) refers to stm32h7xx_hal_cortex.o(.text.HAL_NVIC_SetPriority) for HAL_NVIC_SetPriority
    stm32h7xx_hal_timebase_tim.o(.text.HAL_InitTick) refers to stm32h7xx_hal_cortex.o(.text.HAL_NVIC_EnableIRQ) for HAL_NVIC_EnableIRQ
    stm32h7xx_hal_timebase_tim.o(.text.HAL_InitTick) refers to stm32h7xx_hal.o(.data.uwTickPrio) for uwTickPrio
    stm32h7xx_hal_timebase_tim.o(.text.HAL_InitTick) refers to stm32h7xx_hal_rcc.o(.text.HAL_RCC_GetClockConfig) for HAL_RCC_GetClockConfig
    stm32h7xx_hal_timebase_tim.o(.text.HAL_InitTick) refers to stm32h7xx_hal_rcc.o(.text.HAL_RCC_GetPCLK2Freq) for HAL_RCC_GetPCLK2Freq
    stm32h7xx_hal_timebase_tim.o(.text.HAL_InitTick) refers to stm32h7xx_hal_timebase_tim.o(.bss.htim17) for htim17
    stm32h7xx_hal_timebase_tim.o(.text.HAL_InitTick) refers to stm32h7xx_hal_tim.o(.text.HAL_TIM_Base_Init) for HAL_TIM_Base_Init
    stm32h7xx_hal_timebase_tim.o(.text.HAL_InitTick) refers to stm32h7xx_hal_tim.o(.text.HAL_TIM_Base_Start_IT) for HAL_TIM_Base_Start_IT
    stm32h7xx_hal_timebase_tim.o(.ARM.exidx.text.HAL_InitTick) refers to stm32h7xx_hal_timebase_tim.o(.text.HAL_InitTick) for [Anonymous Symbol]
[...]
    [Anonymous Symbol]                       0x08001a9c   Section        0  stm32h7xx_hal_rcc_ex.o(.text.HAL_RCCEx_GetD3PCLK1Freq)
    [Anonymous Symbol]                       0x08001ac4   Section        0  stm32h7xx_hal_rcc_ex.o(.text.HAL_RCCEx_GetPLL2ClockFreq)
    [Anonymous Symbol]                       0x08001be4   Section        0  stm32h7xx_hal_rcc_ex.o(.text.HAL_RCCEx_GetPLL3ClockFreq)
    [Anonymous Symbol]                       0x08001d04   Section        0  stm32h7xx_hal_rcc_ex.o(.text.HAL_RCCEx_PeriphCLKConfig)
    [Anonymous Symbol]                       0x08002600   Section        0  stm32h7xx_hal_rcc.o(.text.HAL_RCC_ClockConfig)
    [Anonymous Symbol]                       0x08002846   Section        0  stm32h7xx_hal_rcc.o(.text.HAL_RCC_GetClockConfig)
    [Anonymous Symbol]                       0x0800289e   Section        0  stm32h7xx_hal_rcc.o(.text.HAL_RCC_GetHCLKFreq)
    [Anonymous Symbol]                       0x080028ea   Section        0  stm32h7xx_hal_rcc.o(.text.HAL_RCC_GetPCLK1Freq)
    [Anonymous Symbol]                       0x08002910   Section        0  stm32h7xx_hal_rcc.o(.text.HAL_RCC_GetPCLK2Freq)
    [Anonymous Symbol]                       0x08002938   Section        0  stm32h7xx_hal_rcc.o(.text.HAL_RCC_GetSysClockFreq)
    [Anonymous Symbol]                       0x08002a4c   Section        0  stm32h7xx_hal_rcc.o(.text.HAL_RCC_OscConfig)
    [Anonymous Symbol]                       0x08002f48   Section        0  stm32h7xx_hal_tim_ex.o(.text.HAL_TIMEx_Break2Callback)
    [Anonymous Symbol]                       0x08002f4a   Section        0  stm32h7xx_hal_tim_ex.o(.text.HAL_TIMEx_BreakCallback)
    [Anonymous Symbol]                       0x08002f4c   Section        0  stm32h7xx_hal_tim_ex.o(.text.HAL_TIMEx_CommutCallback)
    [Anonymous Symbol]                       0x08002f4e   Section        0  stm32h7xx_hal_tim.o(.text.HAL_TIM_Base_Init)
    [Anonymous Symbol]                       0x08002fae   Section        0  stm32h7xx_hal_tim.o(.text.HAL_TIM_Base_MspInit)
    [Anonymous Symbol]                       0x08002fb0   Section        0  stm32h7xx_hal_tim.o(.text.HAL_TIM_Base_Start_IT)
    [Anonymous Symbol]                       0x08003076   Section        0  stm32h7xx_hal_tim.o(.text.HAL_TIM_IC_CaptureCallback)
    [Anonymous Symbol]                       0x08003078   Section        0  stm32h7xx_hal_tim.o(.text.HAL_TIM_IRQHandler)
    [Anonymous Symbol]                       0x080031d8   Section        0  stm32h7xx_hal_tim.o(.text.HAL_TIM_OC_DelayElapsedCallback)
    [Anonymous Symbol]                       0x080031da   Section        0  stm32h7xx_hal_tim.o(.text.HAL_TIM_PWM_PulseFinishedCallback)
    [Anonymous Symbol]                       0x080031dc   Section        0  main.o(.text.HAL_TIM_PeriodElapsedCallback)
    [Anonymous Symbol]                       0x080031f0   Section        0  stm32h7xx_hal_tim.o(.text.HAL_TIM_TriggerCallback)
    [Anonymous Symbol]                       0x080031f2   Section        0  stm32h7xx_hal_uart_ex.o(.text.HAL_UARTEx_DisableFifoMode)
    [Anonymous Symbol]                       0x08003228   Section        0  stm32h7xx_hal_uart_ex.o(.text.HAL_UARTEx_SetRxFifoThreshold)
    [Anonymous Symbol]                       0x08003272   Section        0  stm32h7xx_hal_uart_ex.o(.text.HAL_UARTEx_SetTxFifoThreshold)
    [Anonymous Symbol]                       0x080032bc   Section        0  stm32h7xx_hal_uart.o(.text.HAL_UART_Init)
    [Anonymous Symbol]                       0x08003320   Section        0  usart.o(.text.HAL_UART_MspInit)
    [Anonymous Symbol]                       0x08003420   Section        0  stm32h7xx_it.o(.text.HardFault_Handler)
    [Anonymous Symbol]                       0x08003424   Section        0  stm32h7xx_ll_gpio.o(.text.LL_GPIO_Init)
    [Anonymous Symbol]                       0x080034e8   Section        0  stm32h7xx_ll_rcc.o(.text.LL_RCC_GetPLL1ClockFreq)
    [Anonymous Symbol]                       0x08003658   Section        0  stm32h7xx_ll_rcc.o(.text.LL_RCC_GetPLL2ClockFreq)
    [Anonymous Symbol]                       0x080037c8   Section        0  stm32h7xx_ll_rcc.o(.text.LL_RCC_GetPLL3ClockFreq)
    [Anonymous Symbol]                       0x0800393c   Section        0  stm32h7xx_ll_rcc.o(.text.LL_RCC_GetUSARTClockFreq)
    [Anonymous Symbol]                       0x08003ad0   Section        0  stm32h7xx_ll_usart.o(.text.LL_USART_Init)
    USART_PRESCALER_TAB                      0x08003c18   Number         0  stm32h7xx_ll_usart.o(.text.LL_USART_Init)
    [Anonymous Symbol]                       0x08003c48   Section        0  dma.o(.text.MX_DMA_Init)
    [Anonymous Symbol]                       0x08003c8c   Section        0  gpio.o(.text.MX_GPIO_Init)
    [Anonymous Symbol]                       0x08003ce4   Section        0  usart.o(.text.MX_USART1_UART_Init)
    [Anonymous Symbol]                       0x08003e2c   Section        0  usart.o(.text.MX_USART2_UART_Init)
    [Anonymous Symbol]                       0x08003ea8   Section        0  usart.o(.text.MX_USART6_UART_Init)
    [Anonymous Symbol]                       0x08003ff0   Section        0  stm32h7xx_it.o(.text.MemManage_Handler)
    [Anonymous Symbol]                       0x08003ff4   Section        0  stm32h7xx_it.o(.text.NMI_Handler)
    [Anonymous Symbol]                       0x08004000   Section        0  port.o(.text.PendSV_Handler)
    pxCurrentTCBConst                        0x08004060   Number         0  port.o(.text.PendSV_Handler)
    RCCEx_PLL2_Config                        0x08004065   Thumb Code   262  stm32h7xx_hal_rcc_ex.o(.text.RCCEx_PLL2_Config)
    [Anonymous Symbol]                       0x08004064   Section        0  stm32h7xx_hal_rcc_ex.o(.text.RCCEx_PLL2_Config)
    RCCEx_PLL3_Config                        0x0800416d   Thumb Code   262  stm32h7xx_hal_rcc_ex.o(.text.RCCEx_PLL3_Config)
    [Anonymous Symbol]                       0x0800416c   Section        0  stm32h7xx_hal_rcc_ex.o(.text.RCCEx_PLL3_Config)
    RCC_GetSystemClockFreq                   0x08004275   Thumb Code    86  stm32h7xx_ll_rcc.o(.text.RCC_GetSystemClockFreq)
    [Anonymous Symbol]                       0x08004274   Section        0  stm32h7xx_ll_rcc.o(.text.RCC_GetSystemClockFreq)
    [Anonymous Symbol]                       0x080042d0   Section        0  port.o(.text.SVC_Handler)
    pxCurrentTCBConst2                       0x080042f0   Number         0  port.o(.text.SVC_Handler)
    [Anonymous Symbol]                       0x080042f4   Section        0  cmsis_os2.o(.text.SysTick_Handler)
    [Anonymous Symbol]                       0x08004314   Section        0  main.o(.text.SystemClock_Config)
    [Anonymous Symbol]                       0x080043ba   Section        0  system_stm32h7xx.o(.text.SystemInit)
    [Anonymous Symbol]                       0x0800448c   Section        0  stm32h7xx_it.o(.text.TIM17_IRQHandler)
    [Anonymous Symbol]                       0x08004498   Section        0  stm32h7xx_hal_tim.o(.text.TIM_Base_SetConfig)
    UARTEx_SetNbDataToProcess                0x080045eb   Thumb Code    82  stm32h7xx_hal_uart_ex.o(.text.UARTEx_SetNbDataToProcess)
    [Anonymous Symbol]                       0x080045ea   Section        0  stm32h7xx_hal_uart_ex.o(.text.UARTEx_SetNbDataToProcess)
    [Anonymous Symbol]                       0x0800463c   Section        0  stm32h7xx_hal_uart.o(.text.UART_AdvFeatureConfig)
    [Anonymous Symbol]                       0x08004704   Section        0  stm32h7xx_hal_uart.o(.text.UART_CheckIdleState)
    UART_EndRxTransfer                       0x080047c1   Thumb Code    90  stm32h7xx_hal_uart.o(.text.UART_EndRxTransfer)
    [Anonymous Symbol]                       0x080047c0   Section        0  stm32h7xx_hal_uart.o(.text.UART_EndRxTransfer)
    [Anonymous Symbol]                       0x0800481c   Section        0  stm32h7xx_hal_uart.o(.text.UART_SetConfig)
    [Anonymous Symbol]                       0x08004b84   Section        0  stm32h7xx_hal_uart.o(.text.UART_WaitOnFlagUntilTimeout)
    [Anonymous Symbol]                       0x08004c1c   Section        0  stm32h7xx_it.o(.text.USART1_IRQHandler)
    [Anonymous Symbol]                       0x08004c20   Section        0  stm32h7xx_it.o(.text.USART6_IRQHandler)
    [Anonymous Symbol]                       0x08004c24   Section        0  stm32h7xx_it.o(.text.UsageFault_Handler)
    _GLOBAL__sub_I_test.cpp                  0x08004c27   Thumb Code    20  test.o(.text._GLOBAL__sub_I_test.cpp)
    [Anonymous Symbol]                       0x08004c26   Section        0  test.o(.text._GLOBAL__sub_I_test.cpp)
    [Anonymous Symbol]                       0x08004c3a   Section        0  matrix_api.o(.text._ZN4math11determinantILj2EEEfRKNS_6MatrixIXT_EXT_EEE)
    [Anonymous Symbol]                       0x08004c54   Section        0  vector_api.o(.text._ZN4math3dotILj3EEEfRKNS_6VectorIXT_EEES4_)
    [Anonymous Symbol]                       0x08004c7c   Section        0  vector_api.o(.text._ZN4math4normILj3EEEfRKNS_6VectorIXT_EEE)
    [Anonymous Symbol]                       0x08004ca0   Section        0  vector_api.o(.text._ZN4math5crossILj3EEENS_6VectorIXT_EEERKS2_S4_)
    [Anonymous Symbol]                       0x08004cd4   Section        0  test.o(.text._ZN4math6MatrixILj3ELj3EEaSINS_13MatrixMulExprIS1_S1_Lj3ELj3ELj3EEEEERS1_RKNS_10MatrixExprIT_EE)
    [Anonymous Symbol]                       0x08004d30   Section        0  matrix_api.o(.text._ZN4math7inverseILj2EEENS_6MatrixIXT_EXT_EEERKS2_)
    [Anonymous Symbol]                       0x08004de0   Section        0  matrix_api.o(.text._ZN4math8identityILj3EEENS_6MatrixIXT_EXT_EEEv)
    [Anonymous Symbol]                       0x08004e18   Section        0  vector_api.o(.text._ZN4math9normalizeILj3EEENS_6VectorIXT_EEERKS2_)
    [Anonymous Symbol]                       0x08004e94   Section        0  matrix_api.o(.text._ZN4math9transposeILj3ELj3EEENS_6MatrixIXT0_EXT_EEERKNS1_IXT_EXT0_EEE)
    [Anonymous Symbol]                       0x08004ec4   Section        0  usart_api.o(.text._ZN5usart8UsartAPI6rx_ptrEh)
    [Anonymous Symbol]                       0x08004ef0   Section        0  main.o(.text.main)
    [Anonymous Symbol]                       0x08004f58   Section        0  test.o(.text.run_all_tests)
    [Anonymous Symbol]                       0x08004fb0   Section        0  test.o(.text.test_fn)
    [Anonymous Symbol]                       0x08004fb4   Section        0  test.o(.text.test_matrices)
    [Anonymous Symbol]                       0x0800511c   Section        0  test.o(.text.test_matrix_vector_multiplication)
    [Anonymous Symbol]                       0x080051b8   Section        0  test.o(.text.test_vectors)
    [Anonymous Symbol]                       0x080052b0   Section        0  usart_api.o(.text.usart1_irq_handler)
    [Anonymous Symbol]                       0x08005378   Section        0  usart_api.o(.text.usart6_irq_handler)
    [Anonymous Symbol]                       0x08005440   Section        0  list.o(.text.uxListRemove)
    [Anonymous Symbol]                       0x08005462   Section        0  list.o(.text.vListInsertEnd)
    [Anonymous Symbol]                       0x0800547c   Section        0  tasks.o(.text.vTaskSwitchContext)
    [Anonymous Symbol]                       0x0800550a   Section        0  port.o(.text.xPortSysTickHandler)
    [Anonymous Symbol]                       0x08005538   Section        0  tasks.o(.text.xTaskGetSchedulerState)
    [Anonymous Symbol]                       0x0800555c   Section        0  tasks.o(.text.xTaskIncrementTick)
    $v0                                      0x080056c4   Number         0  fpinit.o(x$fpl$fpinit)
    x$fpl$fpinit                             0x080056c4   Section       26  fpinit.o(x$fpl$fpinit)
    .Lswitch.table.UART_SetConfig.7          0x080056de   Data           6  stm32h7xx_hal_uart.o(.rodata..Lswitch.table.UART_SetConfig.7)
    .Lswitch.table.UART_SetConfig.9          0x080056e4   Data           6  stm32h7xx_hal_uart.o(.rodata..Lswitch.table.UART_SetConfig.9)
    UARTEx_SetNbDataToProcess.numerator      0x08005722   Data           8  stm32h7xx_hal_uart_ex.o(.rodata.cst8)
    [Anonymous Symbol]                       0x08005722   Section        0  stm32h7xx_hal_uart_ex.o(.rodata.cst8)
    UARTEx_SetNbDataToProcess.denominator    0x0800572a   Data           8  stm32h7xx_hal_uart_ex.o(.rodata.cst8)
    .L.str                                   0x08005732   Data          45  vector_api.o(.rodata.str1.1)
    [Anonymous Symbol]                       0x08005732   Section        0  vector_api.o(.rodata.str1.1)
    .L.str.1                                 0x0800575f   Data          34  vector_api.o(.rodata.str1.1)
    .init_array                              0x080057c8   Section        0  init_aeabi.o(.init_array)
    .bss                                     0x20000008   Section       96  libspace.o(.bss)
    pxOverflowDelayedTaskList                0x200002f4   Data           4  tasks.o(.bss.pxOverflowDelayedTaskList)
    [Anonymous Symbol]                       0x200002f4   Section        0  tasks.o(.bss.pxOverflowDelayedTaskList)
    pxReadyTasksLists                        0x200002f8   Data        1120  tasks.o(.bss.pxReadyTasksLists)
    [Anonymous Symbol]                       0x200002f8   Section        0  tasks.o(.bss.pxReadyTasksLists)
    xNextTaskUnblockTime                     0x200007a4   Data           4  tasks.o(.bss.xNextTaskUnblockTime)
    [Anonymous Symbol]                       0x200007a4   Section        0  tasks.o(.bss.xNextTaskUnblockTime)
    xPendedTicks                             0x200007a8   Data           4  tasks.o(.bss.xPendedTicks)
    [Anonymous Symbol]                       0x200007a8   Section        0  tasks.o(.bss.xPendedTicks)
    xSchedulerRunning                        0x200007ac   Data           4  tasks.o(.bss.xSchedulerRunning)
    [Anonymous Symbol]                       0x200007ac   Section        0  tasks.o(.bss.xSchedulerRunning)
    xTickCount                               0x200007b0   Data           4  tasks.o(.bss.xTickCount)
    [Anonymous Symbol]                       0x200007b0   Section        0  tasks.o(.bss.xTickCount)
    pxDelayedTaskList                        0x24000178   Data           4  tasks.o(.bss.pxDelayedTaskList)
    [Anonymous Symbol]                       0x24000178   Section        0  tasks.o(.bss.pxDelayedTaskList)
    uxSchedulerSuspended                     0x2400017c   Data           4  tasks.o(.bss.uxSchedulerSuspended)
    [Anonymous Symbol]                       0x2400017c   Section        0  tasks.o(.bss.uxSchedulerSuspended)
    uxTopReadyPriority                       0x24000180   Data           4  tasks.o(.bss.uxTopReadyPriority)
    [Anonymous Symbol]                       0x24000180   Section        0  tasks.o(.bss.uxTopReadyPriority)
    xNumOfOverflows                          0x240001a8   Data           4  tasks.o(.bss.xNumOfOverflows)
    [Anonymous Symbol]                       0x240001a8   Section        0  tasks.o(.bss.xNumOfOverflows)
    xYieldPending                            0x240001ac   Data           4  tasks.o(.bss.xYieldPending)
    [Anonymous Symbol]                       0x240001ac   Section        0  tasks.o(.bss.xYieldPending)
    Heap_Mem                                 0x240001b0   Data         512  startup_stm32h723xx.o(HEAP)
    HEAP                                     0x240001b0   Section      512  startup_stm32h723xx.o(HEAP)
    Stack_Mem                                0x240003b0   Data        1024  startup_stm32h723xx.o(STACK)
    STACK                                    0x240003b0   Section     1024  startup_stm32h723xx.o(STACK)
    __initial_sp                             0x240007b0   Data           0  startup_stm32h723xx.o(STACK)

    Global Symbols

    Symbol Name                              Value     Ov Type        Size  Object(Section)

    BuildAttributes$$THM_ISAv4$E$P$D$K$B$S$7EM$VFPv5_D16$PE$PLD8$A:L22UL41UL21$X:L11$S22US41US21$IEEE1$IW$~IW$USESV6$~STKCKD$USESV7$~SHL$OSPACE$ROPI$EBA8$UX$STANDARDLIB$REQ8$EABIv2 0x00000000   Number         0  anon$$obj.o ABSOLUTE
    SHT$$ARM_EXIDX$$Base                      - Undefined Reference
    SHT$$ARM_EXIDX$$Limit                     - Undefined Reference
    __ARM_exceptions_init                     - Undefined Weak Reference
    __alloca_initialize                       - Undefined Weak Reference
    __arm_find_exidx_section                  - Undefined Weak Reference
    __arm_preinit_                            - Undefined Weak Reference
    __arm_relocate_pie_                       - Undefined Weak Reference
    __cxa_finalize                            - Undefined Weak Reference
    __rt_locale                               - Undefined Weak Reference
    __sigvec_lookup                           - Undefined Weak Reference
    _atexit_init                              - Undefined Weak Reference
    _call_atexit_fns                          - Undefined Weak Reference
    _clock_init                               - Undefined Weak Reference
    _fp_trap_init                             - Undefined Weak Reference
    _fp_trap_shutdown                         - Undefined Weak Reference
    _get_lc_collate                           - Undefined Weak Reference
    _get_lc_ctype                             - Undefined Weak Reference
    _get_lc_monetary                          - Undefined Weak Reference
    _get_lc_numeric                           - Undefined Weak Reference
    _get_lc_time                              - Undefined Weak Reference
    _getenv_init                              - Undefined Weak Reference
    _handle_redirection                       - Undefined Weak Reference
    _init_alloc                               - Undefined Weak Reference
    _init_user_alloc                          - Undefined Weak Reference
    _initio                                   - Undefined Weak Reference
    _rand_init                                - Undefined Weak Reference
    _signal_finish                            - Undefined Weak Reference
    _signal_init                              - Undefined Weak Reference
    _terminate_alloc                          - Undefined Weak Reference
    _terminate_user_alloc                     - Undefined Weak Reference
    _terminateio                              - Undefined Weak Reference
    __Vectors_Size                           0x000002cc   Number         0  startup_stm32h723xx.o ABSOLUTE
    __Vectors                                0x08000000   Data           4  startup_stm32h723xx.o(RESET)
    __Vectors_End                            0x080002cc   Data           0  startup_stm32h723xx.o(RESET)
    __main                                   0x080002cd   Thumb Code     8  __main.o(!!!main)
    __scatterload                            0x080002d5   Thumb Code     0  __scatter.o(!!!scatter)
    __scatterload_rt2                        0x080002d5   Thumb Code    84  __scatter.o(!!!scatter)
    __scatterload_rt2_thumb_only             0x080002d5   Thumb Code     0  __scatter.o(!!!scatter)
    __scatterload_loop                       0x080002df   Thumb Code     0  __scatter.o(!!!scatter)
    __scatterload_copy                       0x08000331   Thumb Code    26  __scatter_copy.o(!!handler_copy)
    __scatterload_null                       0x0800034d   Thumb Code     2  __scatter.o(!!handler_null)
    __scatterload_zeroinit                   0x08000351   Thumb Code    28  __scatter_zi.o(!!handler_zi)
    __rt_lib_init                            0x0800036d   Thumb Code     0  libinit.o(.ARM.Collect$$libinit$$00000000)
    __rt_lib_init_fp_1                       0x0800036f   Thumb Code     0  libinit2.o(.ARM.Collect$$libinit$$00000001)
    __rt_lib_init_alloca_1                   0x08000373   Thumb Code     0  libinit2.o(.ARM.Collect$$libinit$$00000030)
    __rt_lib_init_argv_1                     0x08000373   Thumb Code     0  libinit2.o(.ARM.Collect$$libinit$$0000002E)
    __rt_lib_init_atexit_1                   0x08000373   Thumb Code     0  libinit2.o(.ARM.Collect$$libinit$$0000001D)
    __rt_lib_init_clock_1                    0x08000373   Thumb Code     0  libinit2.o(.ARM.Collect$$libinit$$00000023)
    __rt_lib_init_cpp_2                      0x08000373   Thumb Code     0  libinit2.o(.ARM.Collect$$libinit$$00000033)
    __rt_lib_init_exceptions_1               0x08000373   Thumb Code     0  libinit2.o(.ARM.Collect$$libinit$$00000032)
    __rt_lib_init_fp_trap_1                  0x08000373   Thumb Code     0  libinit2.o(.ARM.Collect$$libinit$$00000021)
    __rt_lib_init_getenv_1                   0x08000373   Thumb Code     0  libinit2.o(.ARM.Collect$$libinit$$00000025)
    __rt_lib_init_heap_1                     0x08000373   Thumb Code     0  libinit2.o(.ARM.Collect$$libinit$$0000000C)
    __rt_lib_init_lc_collate_1               0x08000373   Thumb Code     0  libinit2.o(.ARM.Collect$$libinit$$00000013)
    __rt_lib_init_lc_ctype_1                 0x08000373   Thumb Code     0  libinit2.o(.ARM.Collect$$libinit$$00000015)
    __rt_lib_init_lc_monetary_1              0x08000373   Thumb Code     0  libinit2.o(.ARM.Collect$$libinit$$00000017)
    __rt_lib_init_lc_numeric_1               0x08000373   Thumb Code     0  libinit2.o(.ARM.Collect$$libinit$$00000019)
    __rt_lib_init_lc_time_1                  0x08000373   Thumb Code     0  libinit2.o(.ARM.Collect$$libinit$$0000001B)
    __rt_lib_init_preinit_1                  0x08000373   Thumb Code     0  libinit2.o(.ARM.Collect$$libinit$$00000006)
    __rt_lib_init_rand_1                     0x08000373   Thumb Code     0  libinit2.o(.ARM.Collect$$libinit$$00000010)
    __rt_lib_init_relocate_pie_1             0x08000373   Thumb Code     0  libinit2.o(.ARM.Collect$$libinit$$00000004)
    __rt_lib_init_signal_1                   0x08000373   Thumb Code     0  libinit2.o(.ARM.Collect$$libinit$$0000001F)
    __rt_lib_init_stdio_1                    0x08000373   Thumb Code     0  libinit2.o(.ARM.Collect$$libinit$$00000027)
    __rt_lib_init_user_alloc_1               0x08000373   Thumb Code     0  libinit2.o(.ARM.Collect$$libinit$$0000000E)
    __rt_lib_init_cpp_1                      0x08000377   Thumb Code     0  libinit2.o(.ARM.Collect$$libinit$$00000034)
    __rt_lib_init_return                     0x08000377   Thumb Code     0  libinit2.o(.ARM.Collect$$libinit$$00000035)
    __rt_lib_shutdown                        0x08000379   Thumb Code     0  libshutdown.o(.ARM.Collect$$libshutdown$$00000000)
    __rt_lib_shutdown_cpp_1                  0x0800037b   Thumb Code     0  libshutdown2.o(.ARM.Collect$$libshutdown$$00000002)
    __rt_lib_shutdown_fp_trap_1              0x0800037b   Thumb Code     0  libshutdown2.o(.ARM.Collect$$libshutdown$$00000007)
    __rt_lib_shutdown_heap_1                 0x0800037b   Thumb Code     0  libshutdown2.o(.ARM.Collect$$libshutdown$$0000000F)
    __rt_lib_shutdown_return                 0x0800037b   Thumb Code     0  libshutdown2.o(.ARM.Collect$$libshutdown$$00000010)
    __rt_lib_shutdown_signal_1               0x0800037b   Thumb Code     0  libshutdown2.o(.ARM.Collect$$libshutdown$$0000000A)
    __rt_lib_shutdown_stdio_1                0x0800037b   Thumb Code     0  libshutdown2.o(.ARM.Collect$$libshutdown$$00000004)
    __rt_lib_shutdown_user_alloc_1           0x0800037b   Thumb Code     0  libshutdown2.o(.ARM.Collect$$libshutdown$$0000000C)
    __rt_entry                               0x0800037d   Thumb Code     0  __rtentry.o(.ARM.Collect$$rtentry$$00000000)
    __rt_entry_presh_1                       0x0800037d   Thumb Code     0  __rtentry2.o(.ARM.Collect$$rtentry$$00000002)
    __rt_entry_sh                            0x0800037d   Thumb Code     0  __rtentry4.o(.ARM.Collect$$rtentry$$00000004)
    __rt_entry_li                            0x08000383   Thumb Code     0  __rtentry2.o(.ARM.Collect$$rtentry$$0000000A)
    __rt_entry_postsh_1                      0x08000383   Thumb Code     0  __rtentry2.o(.ARM.Collect$$rtentry$$00000009)
    __rt_entry_main                          0x08000387   Thumb Code     0  __rtentry2.o(.ARM.Collect$$rtentry$$0000000D)
    __rt_entry_postli_1                      0x08000387   Thumb Code     0  __rtentry2.o(.ARM.Collect$$rtentry$$0000000C)
    __rt_exit                                0x0800038f   Thumb Code     0  rtexit.o(.ARM.Collect$$rtexit$$00000000)
    __rt_exit_ls                             0x08000391   Thumb Code     0  rtexit2.o(.ARM.Collect$$rtexit$$00000003)
    __rt_exit_prels_1                        0x08000391   Thumb Code     0  rtexit2.o(.ARM.Collect$$rtexit$$00000002)
    __rt_exit_exit                           0x08000395   Thumb Code     0  rtexit2.o(.ARM.Collect$$rtexit$$00000004)
    Reset_Handler                            0x0800039d   Thumb Code    12  startup_stm32h723xx.o(.text)
    ADC3_IRQHandler                          0x080003bb   Thumb Code     0  startup_stm32h723xx.o(.text)
    ADC_IRQHandler                           0x080003bb   Thumb Code     0  startup_stm32h723xx.o(.text)
    BDMA_Channel0_IRQHandler                 0x080003bb   Thumb Code     0  startup_stm32h723xx.o(.text)
    BDMA_Channel1_IRQHandler                 0x080003bb   Thumb Code     0  startup_stm32h723xx.o(.text)
    BDMA_Channel2_IRQHandler                 0x080003bb   Thumb Code     0  startup_stm32h723xx.o(.text)
    BDMA_Channel3_IRQHandler                 0x080003bb   Thumb Code     0  startup_stm32h723xx.o(.text)
    BDMA_Channel4_IRQHandler                 0x080003bb   Thumb Code     0  startup_stm32h723xx.o(.text)
    BDMA_Channel5_IRQHandler                 0x080003bb   Thumb Code     0  startup_stm32h723xx.o(.text)
    BDMA_Channel6_IRQHandler                 0x080003bb   Thumb Code     0  startup_stm32h723xx.o(.text)
    BDMA_Channel7_IRQHandler                 0x080003bb   Thumb Code     0  startup_stm32h723xx.o(.text)
    CEC_IRQHandler                           0x080003bb   Thumb Code     0  startup_stm32h723xx.o(.text)
    COMP1_IRQHandler                         0x080003bb   Thumb Code     0  startup_stm32h723xx.o(.text)
    CORDIC_IRQHandler                        0x080003bb   Thumb Code     0  startup_stm32h723xx.o(.text)
    CRS_IRQHandler                           0x080003bb   Thumb Code     0  startup_stm32h723xx.o(.text)
    DCMI_PSSI_IRQHandler                     0x080003bb   Thumb Code     0  startup_stm32h723xx.o(.text)
    DFSDM1_FLT0_IRQHandler                   0x080003bb   Thumb Code     0  startup_stm32h723xx.o(.text)
    DFSDM1_FLT1_IRQHandler                   0x080003bb   Thumb Code     0  startup_stm32h723xx.o(.text)
    DFSDM1_FLT2_IRQHandler                   0x080003bb   Thumb Code     0  startup_stm32h723xx.o(.text)
    DFSDM1_FLT3_IRQHandler                   0x080003bb   Thumb Code     0  startup_stm32h723xx.o(.text)
    DMA1_Stream2_IRQHandler                  0x080003bb   Thumb Code     0  startup_stm32h723xx.o(.text)
    DMA1_Stream3_IRQHandler                  0x080003bb   Thumb Code     0  startup_stm32h723xx.o(.text)
    DMA1_Stream4_IRQHandler                  0x080003bb   Thumb Code     0  startup_stm32h723xx.o(.text)
    DMA1_Stream5_IRQHandler                  0x080003bb   Thumb Code     0  startup_stm32h723xx.o(.text)
    DMA1_Stream6_IRQHandler                  0x080003bb   Thumb Code     0  startup_stm32h723xx.o(.text)
    DMA1_Stream7_IRQHandler                  0x080003bb   Thumb Code     0  startup_stm32h723xx.o(.text)
    DMA2D_IRQHandler                         0x080003bb   Thumb Code     0  startup_stm32h723xx.o(.text)
    DMA2_Stream0_IRQHandler                  0x080003bb   Thumb Code     0  startup_stm32h723xx.o(.text)
    DMA2_Stream1_IRQHandler                  0x080003bb   Thumb Code     0  startup_stm32h723xx.o(.text)
    DMA2_Stream2_IRQHandler                  0x080003bb   Thumb Code     0  startup_stm32h723xx.o(.text)
    DMA2_Stream3_IRQHandler                  0x080003bb   Thumb Code     0  startup_stm32h723xx.o(.text)
    DMA2_Stream4_IRQHandler                  0x080003bb   Thumb Code     0  startup_stm32h723xx.o(.text)
    DMA2_Stream5_IRQHandler                  0x080003bb   Thumb Code     0  startup_stm32h723xx.o(.text)
    DMA2_Stream6_IRQHandler                  0x080003bb   Thumb Code     0  startup_stm32h723xx.o(.text)
    DMA2_Stream7_IRQHandler                  0x080003bb   Thumb Code     0  startup_stm32h723xx.o(.text)
    DMAMUX1_OVR_IRQHandler                   0x080003bb   Thumb Code     0  startup_stm32h723xx.o(.text)
    DMAMUX2_OVR_IRQHandler                   0x080003bb   Thumb Code     0  startup_stm32h723xx.o(.text)
    DTS_IRQHandler                           0x080003bb   Thumb Code     0  startup_stm32h723xx.o(.text)
    ECC_IRQHandler                           0x080003bb   Thumb Code     0  startup_stm32h723xx.o(.text)
    ETH_IRQHandler                           0x080003bb   Thumb Code     0  startup_stm32h723xx.o(.text)
    ETH_WKUP_IRQHandler                      0x080003bb   Thumb Code     0  startup_stm32h723xx.o(.text)
    EXTI0_IRQHandler                         0x080003bb   Thumb Code     0  startup_stm32h723xx.o(.text)
    EXTI15_10_IRQHandler                     0x080003bb   Thumb Code     0  startup_stm32h723xx.o(.text)
    EXTI1_IRQHandler                         0x080003bb   Thumb Code     0  startup_stm32h723xx.o(.text)
    EXTI2_IRQHandler                         0x080003bb   Thumb Code     0  startup_stm32h723xx.o(.text)
    EXTI3_IRQHandler                         0x080003bb   Thumb Code     0  startup_stm32h723xx.o(.text)
    EXTI4_IRQHandler                         0x080003bb   Thumb Code     0  startup_stm32h723xx.o(.text)
    EXTI9_5_IRQHandler                       0x080003bb   Thumb Code     0  startup_stm32h723xx.o(.text)
    FDCAN1_IT0_IRQHandler                    0x080003bb   Thumb Code     0  startup_stm32h723xx.o(.text)
    FDCAN1_IT1_IRQHandler                    0x080003bb   Thumb Code     0  startup_stm32h723xx.o(.text)
    FDCAN2_IT0_IRQHandler                    0x080003bb   Thumb Code     0  startup_stm32h723xx.o(.text)
    FDCAN2_IT1_IRQHandler                    0x080003bb   Thumb Code     0  startup_stm32h723xx.o(.text)
    FDCAN3_IT0_IRQHandler                    0x080003bb   Thumb Code     0  startup_stm32h723xx.o(.text)
    FDCAN3_IT1_IRQHandler                    0x080003bb   Thumb Code     0  startup_stm32h723xx.o(.text)
    FDCAN_CAL_IRQHandler                     0x080003bb   Thumb Code     0  startup_stm32h723xx.o(.text)
    FLASH_IRQHandler                         0x080003bb   Thumb Code     0  startup_stm32h723xx.o(.text)
    FMAC_IRQHandler                          0x080003bb   Thumb Code     0  startup_stm32h723xx.o(.text)
    FMC_IRQHandler                           0x080003bb   Thumb Code     0  startup_stm32h723xx.o(.text)
    FPU_IRQHandler                           0x080003bb   Thumb Code     0  startup_stm32h723xx.o(.text)
    HSEM1_IRQHandler                         0x080003bb   Thumb Code     0  startup_stm32h723xx.o(.text)
    I2C1_ER_IRQHandler                       0x080003bb   Thumb Code     0  startup_stm32h723xx.o(.text)
    I2C1_EV_IRQHandler                       0x080003bb   Thumb Code     0  startup_stm32h723xx.o(.text)
    I2C2_ER_IRQHandler                       0x080003bb   Thumb Code     0  startup_stm32h723xx.o(.text)
    I2C2_EV_IRQHandler                       0x080003bb   Thumb Code     0  startup_stm32h723xx.o(.text)
    I2C3_ER_IRQHandler                       0x080003bb   Thumb Code     0  startup_stm32h723xx.o(.text)
    I2C3_EV_IRQHandler                       0x080003bb   Thumb Code     0  startup_stm32h723xx.o(.text)
    I2C4_ER_IRQHandler                       0x080003bb   Thumb Code     0  startup_stm32h723xx.o(.text)
    I2C4_EV_IRQHandler                       0x080003bb   Thumb Code     0  startup_stm32h723xx.o(.text)
    I2C5_ER_IRQHandler                       0x080003bb   Thumb Code     0  startup_stm32h723xx.o(.text)
    I2C5_EV_IRQHandler                       0x080003bb   Thumb Code     0  startup_stm32h723xx.o(.text)
    LPTIM1_IRQHandler                        0x080003bb   Thumb Code     0  startup_stm32h723xx.o(.text)
    LPTIM2_IRQHandler                        0x080003bb   Thumb Code     0  startup_stm32h723xx.o(.text)
    LPTIM3_IRQHandler                        0x080003bb   Thumb Code     0  startup_stm32h723xx.o(.text)
    LPTIM4_IRQHandler                        0x080003bb   Thumb Code     0  startup_stm32h723xx.o(.text)
    LPTIM5_IRQHandler                        0x080003bb   Thumb Code     0  startup_stm32h723xx.o(.text)
    LPUART1_IRQHandler                       0x080003bb   Thumb Code     0  startup_stm32h723xx.o(.text)
    LTDC_ER_IRQHandler                       0x080003bb   Thumb Code     0  startup_stm32h723xx.o(.text)
    LTDC_IRQHandler                          0x080003bb   Thumb Code     0  startup_stm32h723xx.o(.text)
    MDIOS_IRQHandler                         0x080003bb   Thumb Code     0  startup_stm32h723xx.o(.text)
    MDIOS_WKUP_IRQHandler                    0x080003bb   Thumb Code     0  startup_stm32h723xx.o(.text)
    MDMA_IRQHandler                          0x080003bb   Thumb Code     0  startup_stm32h723xx.o(.text)
    OCTOSPI1_IRQHandler                      0x080003bb   Thumb Code     0  startup_stm32h723xx.o(.text)
    OCTOSPI2_IRQHandler                      0x080003bb   Thumb Code     0  startup_stm32h723xx.o(.text)
    OTG_HS_EP1_IN_IRQHandler                 0x080003bb   Thumb Code     0  startup_stm32h723xx.o(.text)
    OTG_HS_EP1_OUT_IRQHandler                0x080003bb   Thumb Code     0  startup_stm32h723xx.o(.text)
    OTG_HS_IRQHandler                        0x080003bb   Thumb Code     0  startup_stm32h723xx.o(.text)
    OTG_HS_WKUP_IRQHandler                   0x080003bb   Thumb Code     0  startup_stm32h723xx.o(.text)
    PVD_AVD_IRQHandler                       0x080003bb   Thumb Code     0  startup_stm32h723xx.o(.text)
    RCC_IRQHandler                           0x080003bb   Thumb Code     0  startup_stm32h723xx.o(.text)
    RNG_IRQHandler                           0x080003bb   Thumb Code     0  startup_stm32h723xx.o(.text)
    RTC_Alarm_IRQHandler                     0x080003bb   Thumb Code     0  startup_stm32h723xx.o(.text)
    RTC_WKUP_IRQHandler                      0x080003bb   Thumb Code     0  startup_stm32h723xx.o(.text)
    SAI1_IRQHandler                          0x080003bb   Thumb Code     0  startup_stm32h723xx.o(.text)
    SAI4_IRQHandler                          0x080003bb   Thumb Code     0  startup_stm32h723xx.o(.text)
    SDMMC1_IRQHandler                        0x080003bb   Thumb Code     0  startup_stm32h723xx.o(.text)
    SDMMC2_IRQHandler                        0x080003bb   Thumb Code     0  startup_stm32h723xx.o(.text)
    SPDIF_RX_IRQHandler                      0x080003bb   Thumb Code     0  startup_stm32h723xx.o(.text)
    SPI1_IRQHandler                          0x080003bb   Thumb Code     0  startup_stm32h723xx.o(.text)
    SPI2_IRQHandler                          0x080003bb   Thumb Code     0  startup_stm32h723xx.o(.text)
    SPI3_IRQHandler                          0x080003bb   Thumb Code     0  startup_stm32h723xx.o(.text)
    SPI4_IRQHandler                          0x080003bb   Thumb Code     0  startup_stm32h723xx.o(.text)
    SPI5_IRQHandler                          0x080003bb   Thumb Code     0  startup_stm32h723xx.o(.text)
    SPI6_IRQHandler                          0x080003bb   Thumb Code     0  startup_stm32h723xx.o(.text)
    SWPMI1_IRQHandler                        0x080003bb   Thumb Code     0  startup_stm32h723xx.o(.text)
    TAMP_STAMP_IRQHandler                    0x080003bb   Thumb Code     0  startup_stm32h723xx.o(.text)
    TIM15_IRQHandler                         0x080003bb   Thumb Code     0  startup_stm32h723xx.o(.text)
    TIM16_IRQHandler                         0x080003bb   Thumb Code     0  startup_stm32h723xx.o(.text)
    TIM1_BRK_IRQHandler                      0x080003bb   Thumb Code     0  startup_stm32h723xx.o(.text)
    TIM1_CC_IRQHandler                       0x080003bb   Thumb Code     0  startup_stm32h723xx.o(.text)
    TIM1_TRG_COM_IRQHandler                  0x080003bb   Thumb Code     0  startup_stm32h723xx.o(.text)
    TIM1_UP_IRQHandler                       0x080003bb   Thumb Code     0  startup_stm32h723xx.o(.text)
    TIM23_IRQHandler                         0x080003bb   Thumb Code     0  startup_stm32h723xx.o(.text)
    TIM24_IRQHandler                         0x080003bb   Thumb Code     0  startup_stm32h723xx.o(.text)
    TIM2_IRQHandler                          0x080003bb   Thumb Code     0  startup_stm32h723xx.o(.text)
    TIM3_IRQHandler                          0x080003bb   Thumb Code     0  startup_stm32h723xx.o(.text)
    TIM4_IRQHandler                          0x080003bb   Thumb Code     0  startup_stm32h723xx.o(.text)
    TIM5_IRQHandler                          0x080003bb   Thumb Code     0  startup_stm32h723xx.o(.text)
    TIM6_DAC_IRQHandler                      0x080003bb   Thumb Code     0  startup_stm32h723xx.o(.text)
    TIM7_IRQHandler                          0x080003bb   Thumb Code     0  startup_stm32h723xx.o(.text)
    TIM8_BRK_TIM12_IRQHandler                0x080003bb   Thumb Code     0  startup_stm32h723xx.o(.text)
    TIM8_CC_IRQHandler                       0x080003bb   Thumb Code     0  startup_stm32h723xx.o(.text)
    TIM8_TRG_COM_TIM14_IRQHandler            0x080003bb   Thumb Code     0  startup_stm32h723xx.o(.text)
    TIM8_UP_TIM13_IRQHandler                 0x080003bb   Thumb Code     0  startup_stm32h723xx.o(.text)
    UART4_IRQHandler                         0x080003bb   Thumb Code     0  startup_stm32h723xx.o(.text)
    UART5_IRQHandler                         0x080003bb   Thumb Code     0  startup_stm32h723xx.o(.text)
    UART7_IRQHandler                         0x080003bb   Thumb Code     0  startup_stm32h723xx.o(.text)
    UART8_IRQHandler                         0x080003bb   Thumb Code     0  startup_stm32h723xx.o(.text)
    UART9_IRQHandler                         0x080003bb   Thumb Code     0  startup_stm32h723xx.o(.text)
    USART10_IRQHandler                       0x080003bb   Thumb Code     0  startup_stm32h723xx.o(.text)
    USART2_IRQHandler                        0x080003bb   Thumb Code     0  startup_stm32h723xx.o(.text)
    USART3_IRQHandler                        0x080003bb   Thumb Code     0  startup_stm32h723xx.o(.text)
    WAKEUP_PIN_IRQHandler                    0x080003bb   Thumb Code     0  startup_stm32h723xx.o(.text)
    WWDG_IRQHandler                          0x080003bb   Thumb Code     0  startup_stm32h723xx.o(.text)
    __user_initial_stackheap                 0x080003bd   Thumb Code     0  startup_stm32h723xx.o(.text)
    __aeabi_uldivmod                         0x080003e5   Thumb Code     0  lludivv7m.o(.text)
    _ll_udiv                                 0x080003e5   Thumb Code   240  lludivv7m.o(.text)
    __aeabi_assert                           0x080004d5   Thumb Code    86  assert.o(.text)
    __assert                                 0x080004d5   Thumb Code     0  assert.o(.text)
    __aeabi_memclr4                          0x08000555   Thumb Code     0  rt_memclr_w.o(.text)
    __aeabi_memclr8                          0x08000555   Thumb Code     0  rt_memclr_w.o(.text)
    __rt_memclr_w                            0x08000555   Thumb Code     0  rt_memclr_w.o(.text)
    _memset_w                                0x08000559   Thumb Code    74  rt_memclr_w.o(.text)
    __use_two_region_memory                  0x080005a3   Thumb Code     2  heapauxi.o(.text)
    __rt_heap_escrow$2region                 0x080005a5   Thumb Code     2  heapauxi.o(.text)
    __rt_heap_expand$2region                 0x080005a7   Thumb Code     2  heapauxi.o(.text)
    __cpp_initialize__aeabi_                 0x080005a9   Thumb Code    36  init_aeabi.o(.text)
    abort                                    0x080005d5   Thumb Code    22  abort.o(.text)
    __assert_puts                            0x080005eb   Thumb Code    20  assert_puts.o(.text)
    _ttywrch                                 0x080005ff   Thumb Code    14  sys_wrch.o(.text)
    _sys_exit                                0x0800060d   Thumb Code     8  sys_exit.o(.text)
    __rt_SIGABRT                             0x08000619   Thumb Code    14  defsig_abrt_outer.o(.text)
    __I$use$semihosting                      0x08000627   Thumb Code     0  use_no_semi.o(.text)
    __use_no_semihosting_swi                 0x08000627   Thumb Code     2  use_no_semi.o(.text)
    __semihosting_library_function           0x08000629   Thumb Code     0  indicate_semi.o(.text)
    __user_setup_stackheap                   0x08000629   Thumb Code    74  sys_stackheap_outer.o(.text)
    exit                                     0x08000673   Thumb Code    18  exit.o(.text)
    __sig_exit                               0x08000685   Thumb Code    10  defsig_exit.o(.text)
    __rt_SIGABRT_inner                       0x08000691   Thumb Code    14  defsig_abrt_inner.o(.text)
    __user_libspace                          0x080006c1   Thumb Code     8  libspace.o(.text)
    __user_perproc_libspace                  0x080006c1   Thumb Code     0  libspace.o(.text)
    __user_perthread_libspace                0x080006c1   Thumb Code     0  libspace.o(.text)
    __default_signal_display                 0x080006c9   Thumb Code    50  defsig_general.o(.text)
    BusFault_Handler                         0x080006fd   Thumb Code     2  stm32h7xx_it.o(.text.BusFault_Handler)
    DMA1_Stream0_IRQHandler                  0x080006ff   Thumb Code    12  stm32h7xx_it.o(.text.DMA1_Stream0_IRQHandler)
    DMA1_Stream1_IRQHandler                  0x0800070b   Thumb Code    12  stm32h7xx_it.o(.text.DMA1_Stream1_IRQHandler)
    DebugMon_Handler                         0x080009d7   Thumb Code     2  stm32h7xx_it.o(.text.DebugMon_Handler)
    Error_Handler                            0x080009d9   Thumb Code    10  main.o(.text.Error_Handler)
    ExitRun0Mode                             0x080009e5   Thumb Code    24  system_stm32h7xx.o(.text.ExitRun0Mode)
    HAL_DMA_IRQHandler                       0x080009fd   Thumb Code  1922  stm32h7xx_hal_dma.o(.text.HAL_DMA_IRQHandler)
    HAL_DMA_Init                             0x08001181   Thumb Code  1156  stm32h7xx_hal_dma.o(.text.HAL_DMA_Init)
    HAL_Delay                                0x08001605   Thumb Code    40  stm32h7xx_hal.o(.text.HAL_Delay)
    HAL_GPIO_Init                            0x0800162d   Thumb Code   420  stm32h7xx_hal_gpio.o(.text.HAL_GPIO_Init)
    HAL_GetTick                              0x080017d1   Thumb Code    12  stm32h7xx_hal.o(.text.HAL_GetTick)
    HAL_IncTick                              0x080017dd   Thumb Code    26  stm32h7xx_hal.o(.text.HAL_IncTick)
    HAL_Init                                 0x080017f7   Thumb Code    98  stm32h7xx_hal.o(.text.HAL_Init)
    HAL_InitTick                             0x08001859   Thumb Code   158  stm32h7xx_hal_timebase_tim.o(.text.HAL_InitTick)
    HAL_MPU_ConfigRegion                     0x080018f7   Thumb Code    94  stm32h7xx_hal_cortex.o(.text.HAL_MPU_ConfigRegion)
    HAL_MPU_Disable                          0x08001955   Thumb Code    26  stm32h7xx_hal_cortex.o(.text.HAL_MPU_Disable)
    HAL_MPU_Enable                           0x0800196f   Thumb Code    32  stm32h7xx_hal_cortex.o(.text.HAL_MPU_Enable)
    HAL_MspInit                              0x0800198f   Thumb Code    42  stm32h7xx_hal_msp.o(.text.HAL_MspInit)
    HAL_NVIC_EnableIRQ                       0x080019b9   Thumb Code    32  stm32h7xx_hal_cortex.o(.text.HAL_NVIC_EnableIRQ)
    HAL_NVIC_SetPriority                     0x080019d9   Thumb Code    90  stm32h7xx_hal_cortex.o(.text.HAL_NVIC_SetPriority)
    HAL_NVIC_SetPriorityGrouping             0x08001a33   Thumb Code    32  stm32h7xx_hal_cortex.o(.text.HAL_NVIC_SetPriorityGrouping)
    HAL_PWREx_ConfigSupply                   0x08001a55   Thumb Code    72  stm32h7xx_hal_pwr_ex.o(.text.HAL_PWREx_ConfigSupply)
    HAL_RCCEx_GetD3PCLK1Freq                 0x08001a9d   Thumb Code    38  stm32h7xx_hal_rcc_ex.o(.text.HAL_RCCEx_GetD3PCLK1Freq)
    HAL_RCCEx_GetPLL2ClockFreq               0x08001ac5   Thumb Code   272  stm32h7xx_hal_rcc_ex.o(.text.HAL_RCCEx_GetPLL2ClockFreq)
    HAL_RCCEx_GetPLL3ClockFreq               0x08001be5   Thumb Code   272  stm32h7xx_hal_rcc_ex.o(.text.HAL_RCCEx_GetPLL3ClockFreq)
    HAL_RCCEx_PeriphCLKConfig                0x08001d05   Thumb Code  2298  stm32h7xx_hal_rcc_ex.o(.text.HAL_RCCEx_PeriphCLKConfig)
    HAL_RCC_ClockConfig                      0x08002601   Thumb Code   582  stm32h7xx_hal_rcc.o(.text.HAL_RCC_ClockConfig)
    HAL_RCC_GetClockConfig                   0x08002847   Thumb Code    88  stm32h7xx_hal_rcc.o(.text.HAL_RCC_GetClockConfig)
    HAL_RCC_GetHCLKFreq                      0x0800289f   Thumb Code    76  stm32h7xx_hal_rcc.o(.text.HAL_RCC_GetHCLKFreq)
    HAL_RCC_GetPCLK1Freq                     0x080028eb   Thumb Code    38  stm32h7xx_hal_rcc.o(.text.HAL_RCC_GetPCLK1Freq)
    HAL_RCC_GetPCLK2Freq                     0x08002911   Thumb Code    38  stm32h7xx_hal_rcc.o(.text.HAL_RCC_GetPCLK2Freq)
    HAL_RCC_GetSysClockFreq                  0x08002939   Thumb Code   256  stm32h7xx_hal_rcc.o(.text.HAL_RCC_GetSysClockFreq)
    HAL_RCC_OscConfig                        0x08002a4d   Thumb Code  1276  stm32h7xx_hal_rcc.o(.text.HAL_RCC_OscConfig)
    HAL_TIMEx_Break2Callback                 0x08002f49   Thumb Code     2  stm32h7xx_hal_tim_ex.o(.text.HAL_TIMEx_Break2Callback)
    HAL_TIMEx_BreakCallback                  0x08002f4b   Thumb Code     2  stm32h7xx_hal_tim_ex.o(.text.HAL_TIMEx_BreakCallback)
    HAL_TIMEx_CommutCallback                 0x08002f4d   Thumb Code     2  stm32h7xx_hal_tim_ex.o(.text.HAL_TIMEx_CommutCallback)
    HAL_TIM_Base_Init                        0x08002f4f   Thumb Code    96  stm32h7xx_hal_tim.o(.text.HAL_TIM_Base_Init)
    HAL_TIM_Base_MspInit                     0x08002faf   Thumb Code     2  stm32h7xx_hal_tim.o(.text.HAL_TIM_Base_MspInit)
    HAL_TIM_Base_Start_IT                    0x08002fb1   Thumb Code   198  stm32h7xx_hal_tim.o(.text.HAL_TIM_Base_Start_IT)
    HAL_TIM_IC_CaptureCallback               0x08003077   Thumb Code     2  stm32h7xx_hal_tim.o(.text.HAL_TIM_IC_CaptureCallback)
    HAL_TIM_IRQHandler                       0x08003079   Thumb Code   352  stm32h7xx_hal_tim.o(.text.HAL_TIM_IRQHandler)
    HAL_TIM_OC_DelayElapsedCallback          0x080031d9   Thumb Code     2  stm32h7xx_hal_tim.o(.text.HAL_TIM_OC_DelayElapsedCallback)
    HAL_TIM_PWM_PulseFinishedCallback        0x080031db   Thumb Code     2  stm32h7xx_hal_tim.o(.text.HAL_TIM_PWM_PulseFinishedCallback)
    HAL_TIM_PeriodElapsedCallback            0x080031dd   Thumb Code    20  main.o(.text.HAL_TIM_PeriodElapsedCallback)
    HAL_TIM_TriggerCallback                  0x080031f1   Thumb Code     2  stm32h7xx_hal_tim.o(.text.HAL_TIM_TriggerCallback)
    HAL_UARTEx_DisableFifoMode               0x080031f3   Thumb Code    54  stm32h7xx_hal_uart_ex.o(.text.HAL_UARTEx_DisableFifoMode)
    HAL_UARTEx_SetRxFifoThreshold            0x08003229   Thumb Code    74  stm32h7xx_hal_uart_ex.o(.text.HAL_UARTEx_SetRxFifoThreshold)
    HAL_UARTEx_SetTxFifoThreshold            0x08003273   Thumb Code    74  stm32h7xx_hal_uart_ex.o(.text.HAL_UARTEx_SetTxFifoThreshold)
    HAL_UART_Init                            0x080032bd   Thumb Code   100  stm32h7xx_hal_uart.o(.text.HAL_UART_Init)
    HAL_UART_MspInit                         0x08003321   Thumb Code   254  usart.o(.text.HAL_UART_MspInit)
    HardFault_Handler                        0x08003421   Thumb Code     2  stm32h7xx_it.o(.text.HardFault_Handler)
    LL_GPIO_Init                             0x08003425   Thumb Code   196  stm32h7xx_ll_gpio.o(.text.LL_GPIO_Init)
    LL_RCC_GetPLL1ClockFreq                  0x080034e9   Thumb Code   360  stm32h7xx_ll_rcc.o(.text.LL_RCC_GetPLL1ClockFreq)
    LL_RCC_GetPLL2ClockFreq                  0x08003659   Thumb Code   360  stm32h7xx_ll_rcc.o(.text.LL_RCC_GetPLL2ClockFreq)
    LL_RCC_GetPLL3ClockFreq                  0x080037c9   Thumb Code   364  stm32h7xx_ll_rcc.o(.text.LL_RCC_GetPLL3ClockFreq)
    LL_RCC_GetUSARTClockFreq                 0x0800393d   Thumb Code   402  stm32h7xx_ll_rcc.o(.text.LL_RCC_GetUSARTClockFreq)
    LL_USART_Init                            0x08003ad1   Thumb Code   328  stm32h7xx_ll_usart.o(.text.LL_USART_Init)
    MX_DMA_Init                              0x08003c49   Thumb Code    68  dma.o(.text.MX_DMA_Init)
    MX_GPIO_Init                             0x08003c8d   Thumb Code    86  gpio.o(.text.MX_GPIO_Init)
    MX_USART1_UART_Init                      0x08003ce5   Thumb Code   328  usart.o(.text.MX_USART1_UART_Init)
    MX_USART2_UART_Init                      0x08003e2d   Thumb Code   124  usart.o(.text.MX_USART2_UART_Init)
    MX_USART6_UART_Init                      0x08003ea9   Thumb Code   328  usart.o(.text.MX_USART6_UART_Init)
    MemManage_Handler                        0x08003ff1   Thumb Code     2  stm32h7xx_it.o(.text.MemManage_Handler)
    NMI_Handler                              0x08003ff5   Thumb Code     2  stm32h7xx_it.o(.text.NMI_Handler)
    PendSV_Handler                           0x08004001   Thumb Code   100  port.o(.text.PendSV_Handler)
    SVC_Handler                              0x080042d1   Thumb Code    36  port.o(.text.SVC_Handler)
    SysTick_Handler                          0x080042f5   Thumb Code    30  cmsis_os2.o(.text.SysTick_Handler)
    SystemClock_Config                       0x08004315   Thumb Code   166  main.o(.text.SystemClock_Config)
    SystemInit                               0x080043bb   Thumb Code   210  system_stm32h7xx.o(.text.SystemInit)
    TIM17_IRQHandler                         0x0800448d   Thumb Code    12  stm32h7xx_it.o(.text.TIM17_IRQHandler)
    TIM_Base_SetConfig                       0x08004499   Thumb Code   338  stm32h7xx_hal_tim.o(.text.TIM_Base_SetConfig)
    UART_AdvFeatureConfig                    0x0800463d   Thumb Code   198  stm32h7xx_hal_uart.o(.text.UART_AdvFeatureConfig)
    UART_CheckIdleState                      0x08004705   Thumb Code   186  stm32h7xx_hal_uart.o(.text.UART_CheckIdleState)
    UART_SetConfig                           0x0800481d   Thumb Code   864  stm32h7xx_hal_uart.o(.text.UART_SetConfig)
    UART_WaitOnFlagUntilTimeout              0x08004b85   Thumb Code   152  stm32h7xx_hal_uart.o(.text.UART_WaitOnFlagUntilTimeout)
    USART1_IRQHandler                        0x08004c1d   Thumb Code     4  stm32h7xx_it.o(.text.USART1_IRQHandler)
    USART6_IRQHandler                        0x08004c21   Thumb Code     4  stm32h7xx_it.o(.text.USART6_IRQHandler)
    UsageFault_Handler                       0x08004c25   Thumb Code     2  stm32h7xx_it.o(.text.UsageFault_Handler)
    float math::determinant<2u>(math::Matrix<2u, 2u> const&) 0x08004c3b   Thumb Code    26  matrix_api.o(.text._ZN4math11determinantILj2EEEfRKNS_6MatrixIXT_EXT_EEE)
    float math::dot<3u>(math::Vector<3u> const&, math::Vector<3u> const&) 0x08004c55   Thumb Code    36  vector_api.o(.text._ZN4math3dotILj3EEEfRKNS_6VectorIXT_EEES4_)
    float math::norm<3u>(math::Vector<3u> const&) 0x08004c7d   Thumb Code    32  vector_api.o(.text._ZN4math4normILj3EEEfRKNS_6VectorIXT_EEE)
    math::Vector<3u> math::cross<3u>(math::Vector<3u> const&, math::Vector<3u> const&) 0x08004ca1   Thumb Code    50  vector_api.o(.text._ZN4math5crossILj3EEENS_6VectorIXT_EEERKS2_S4_)
    math::Matrix<3u, 3u>& math::Matrix<3u, 3u>::operator=<math::MatrixMulExpr<math::Matrix<3u, 3u>, math::Matrix<3u, 3u>, 3u, 3u, 3u>>(math::MatrixExpr<math::MatrixMulExpr<math::Matrix<3u, 3u>, math::Matrix<3u, 3u>, 3u, 3u, 3u>> const&) 0x08004cd5   Thumb Code    88  test.o(.text._ZN4math6MatrixILj3ELj3EEaSINS_13MatrixMulExprIS1_S1_Lj3ELj3ELj3EEEEERS1_RKNS_10MatrixExprIT_EE)
    math::Matrix<2u, 2u> math::inverse<2u>(math::Matrix<2u, 2u> const&) 0x08004d31   Thumb Code    84  matrix_api.o(.text._ZN4math7inverseILj2EEENS_6MatrixIXT_EXT_EEERKS2_)
    math::Matrix<3u, 3u> math::identity<3u>() 0x08004de1   Thumb Code    52  matrix_api.o(.text._ZN4math8identityILj3EEENS_6MatrixIXT_EXT_EEEv)
    math::Vector<3u> math::normalize<3u>(math::Vector<3u> const&) 0x08004e19   Thumb Code   116  vector_api.o(.text._ZN4math9normalizeILj3EEENS_6VectorIXT_EEERKS2_)
    math::Matrix<3u, 3u> math::transpose<3u, 3u>(math::Matrix<3u, 3u> const&) 0x08004e95   Thumb Code    46  matrix_api.o(.text._ZN4math9transposeILj3ELj3EEENS_6MatrixIXT0_EXT_EEERKNS1_IXT_EXT0_EEE)
    usart::UsartAPI::rx_ptr(unsigned char)   0x08004ec5   Thumb Code    20  usart_api.o(.text._ZN5usart8UsartAPI6rx_ptrEh)
    main                                     0x08004ef1   Thumb Code   104  main.o(.text.main)
    run_all_tests                            0x08004f59   Thumb Code    88  test.o(.text.run_all_tests)
    test_fn                                  0x08004fb1   Thumb Code     4  test.o(.text.test_fn)
    test_matrices                            0x08004fb5   Thumb Code   360  test.o(.text.test_matrices)
    test_matrix_vector_multiplication        0x0800511d   Thumb Code   152  test.o(.text.test_matrix_vector_multiplication)
    test_vectors                             0x080051b9   Thumb Code   246  test.o(.text.test_vectors)
    usart1_irq_handler                       0x080052b1   Thumb Code   200  usart_api.o(.text.usart1_irq_handler)
    usart6_irq_handler                       0x08005379   Thumb Code   200  usart_api.o(.text.usart6_irq_handler)
    uxListRemove                             0x08005441   Thumb Code    34  list.o(.text.uxListRemove)
    vListInsertEnd                           0x08005463   Thumb Code    26  list.o(.text.vListInsertEnd)
    vTaskSwitchContext                       0x0800547d   Thumb Code   142  tasks.o(.text.vTaskSwitchContext)
    xPortSysTickHandler                      0x0800550b   Thumb Code    46  port.o(.text.xPortSysTickHandler)
    xTaskGetSchedulerState                   0x08005539   Thumb Code    36  tasks.o(.text.xTaskGetSchedulerState)
    xTaskIncrementTick                       0x0800555d   Thumb Code   360  tasks.o(.text.xTaskIncrementTick)
    _fp_init                                 0x080056c5   Thumb Code    26  fpinit.o(x$fpl$fpinit)
    __fplib_config_fpu_vfp                   0x080056dd   Thumb Code     0  fpinit.o(x$fpl$fpinit)
    __fplib_config_pureend_doubles           0x080056dd   Thumb Code     0  fpinit.o(x$fpl$fpinit)
    D1CorePrescTable                         0x080056ea   Data          16  system_stm32h7xx.o(.rodata.D1CorePrescTable)
    LL_RCC_PrescTable                        0x080056fa   Data          16  stm32h7xx_ll_rcc.o(.rodata.LL_RCC_PrescTable)
    UARTPrescTable                           0x0800570a   Data          24  stm32h7xx_hal_uart.o(.rodata.UARTPrescTable)
    Region$$Table$$Base                      0x08005784   Number         0  anon$$obj.o(Region$$Table)
    Region$$Table$$Limit                     0x080057c4   Number         0  anon$$obj.o(Region$$Table)
    SHT$$INIT_ARRAY$$Base                    0x080057c4   Number         0  test.o(.init_array)
    SHT$$INIT_ARRAY$$Limit                   0x080057c8   Number         0  init_aeabi.o(.init_array)
    SystemD2Clock                            0x20000000   Data           4  system_stm32h7xx.o(.data.SystemD2Clock)
    uwTickFreq                               0x20000004   Data           1  stm32h7xx_hal.o(.data.uwTickFreq)
    __libspace_start                         0x20000008   Data          96  libspace.o(.bss)
    usart::detail::RxBuf<(unsigned char)1>::data 0x20000068   Data          64  usart_api.o(.bss._ZN5usart6detail5RxBufILh1EE4dataE)
    __temporary_stack_top$libspace           0x20000068   Data           0  libspace.o(.bss)
    usart::detail::RxBuf<(unsigned char)6>::data 0x200000a8   Data          64  usart_api.o(.bss._ZN5usart6detail5RxBufILh6EE4dataE)
    usart::detail::TxBuf<(unsigned char)6>::data 0x200000e8   Data          64  usart_api.o(.bss._ZN5usart6detail5TxBufILh6EE4dataE)
    usart::detail::TxBuf<(unsigned char)6>::lock 0x20000128   Data           1  usart_api.o(.bss._ZN5usart6detail5TxBufILh6EE4lockE)
    usart::detail::rx_head<(unsigned char)1> 0x2000012c   Data           4  usart_api.o(.bss._ZN5usart6detail7rx_headILh1EEE)
    usart::detail::rx_head<(unsigned char)6> 0x20000130   Data           4  usart_api.o(.bss._ZN5usart6detail7rx_headILh6EEE)
    usart::detail::tx_count<(unsigned char)1> 0x20000134   Data           4  usart_api.o(.bss._ZN5usart6detail8tx_countILh1EEE)
    usart::detail::tx_count<(unsigned char)6> 0x20000138   Data           4  usart_api.o(.bss._ZN5usart6detail8tx_countILh6EEE)
    hdma_usart2_rx                           0x2000013c   Data         120  usart.o(.bss.hdma_usart2_rx)
    hdma_usart2_tx                           0x200001b4   Data         120  usart.o(.bss.hdma_usart2_tx)
    huart2                                   0x2000022c   Data         148  usart.o(.bss.huart2)
    matrix_inverse_result                    0x200002c0   Data          16  test.o(.bss.matrix_inverse_result)
    matrix_transpose_result                  0x200002d0   Data          36  test.o(.bss.matrix_transpose_result)
    temp_const_buf                           0x20000758   Data           4  test.o(.bss.temp_const_buf)
    uwTick                                   0x2000075c   Data           4  stm32h7xx_hal.o(.bss.uwTick)
    vec3_result                              0x20000760   Data          12  test.o(.bss.vec3_result)
    vec4_result                              0x2000076c   Data          16  test.o(.bss.vec4_result)
    vector_addition_result                   0x2000077c   Data          12  test.o(.bss.vector_addition_result)
    vector_norm_result                       0x20000788   Data           4  test.o(.bss.vector_norm_result)
    vector_normalize_result                  0x2000078c   Data          12  test.o(.bss.vector_normalize_result)
    vector_scalar_mul_result                 0x20000798   Data          12  test.o(.bss.vector_scalar_mul_result)
    SystemCoreClock                          0x24000000   Data           4  system_stm32h7xx.o(.data.SystemCoreClock)
    uwTickPrio                               0x24000004   Data           4  stm32h7xx_hal.o(.data.uwTickPrio)
    usart::detail::RxBuf<(unsigned char)2>::data 0x24000008   Data          64  usart_api.o(.bss._ZN5usart6detail5RxBufILh2EE4dataE)
    usart::detail::TxBuf<(unsigned char)1>::data 0x24000048   Data          64  usart_api.o(.bss._ZN5usart6detail5TxBufILh1EE4dataE)
    usart::detail::TxBuf<(unsigned char)1>::lock 0x24000088   Data           1  usart_api.o(.bss._ZN5usart6detail5TxBufILh1EE4lockE)
    usart::detail::rx_tail<(unsigned char)1> 0x2400008c   Data           4  usart_api.o(.bss._ZN5usart6detail7rx_tailILh1EEE)
    usart::detail::rx_tail<(unsigned char)6> 0x24000090   Data           4  usart_api.o(.bss._ZN5usart6detail7rx_tailILh6EEE)
    usart::detail::tx_tail<(unsigned char)1> 0x24000094   Data           4  usart_api.o(.bss._ZN5usart6detail7tx_tailILh1EEE)
    usart::detail::tx_tail<(unsigned char)6> 0x24000098   Data           4  usart_api.o(.bss._ZN5usart6detail7tx_tailILh6EEE)
    htim17                                   0x2400009c   Data          76  stm32h7xx_hal_timebase_tim.o(.bss.htim17)
    mat2x2_result                            0x240000e8   Data          16  test.o(.bss.mat2x2_result)
    matrix_addition_result                   0x240000f8   Data          36  test.o(.bss.matrix_addition_result)
    matrix_determinant_result                0x2400011c   Data           4  test.o(.bss.matrix_determinant_result)
    matrix_identity_result                   0x24000120   Data          36  test.o(.bss.matrix_identity_result)
    matrix_multiplication_result             0x24000144   Data          36  test.o(.bss.matrix_multiplication_result)
    matrix_vector_mul_result                 0x24000168   Data          12  test.o(.bss.matrix_vector_mul_result)
    pxCurrentTCB                             0x24000174   Data           4  tasks.o(.bss.pxCurrentTCB)
    vec2_result                              0x24000184   Data           8  test.o(.bss.vec2_result)
    vector_cross_result                      0x2400018c   Data          12  test.o(.bss.vector_cross_result)
    vector_dot_result                        0x24000198   Data           4  test.o(.bss.vector_dot_result)
    vector_subtraction_result                0x2400019c   Data          12  test.o(.bss.vector_subtraction_result)



==============================================================================

Memory Map of the image

  Image Entry point : 0x080002cd

  Load Region LR_IROM1 (Base: 0x08000000, Size: 0x000057d8, Max: 0x00100000, ABSOLUTE)

    Execution Region ER_IROM1 (Base: 0x08000000, Size: 0x000057c8, Max: 0x00100000, ABSOLUTE)

    Base Addr    Size         Type   Attr      Idx    E Section Name        Object

    0x08000000   0x000002cc   Data   RO         1643    RESET               startup_stm32h723xx.o
    0x080002cc   0x00000008   Code   RO         2541  * !!!main             c_w.l(__main.o)
    0x080002d4   0x0000005c   Code   RO         2852    !!!scatter          c_w.l(__scatter.o)
    0x08000330   0x0000001a   Code   RO         2856    !!handler_copy      c_w.l(__scatter_copy.o)
    0x0800034a   0x00000002   PAD
    0x0800034c   0x00000002   Code   RO         2853    !!handler_null      c_w.l(__scatter.o)
    0x0800034e   0x00000002   PAD
    0x08000350   0x0000001c   Code   RO         2858    !!handler_zi        c_w.l(__scatter_zi.o)
    0x0800036c   0x00000002   Code   RO         2786    .ARM.Collect$$libinit$$00000000  c_w.l(libinit.o)
    0x0800036e   0x00000004   Code   RO         2600    .ARM.Collect$$libinit$$00000001  c_w.l(libinit2.o)
    0x08000372   0x00000000   Code   RO         2603    .ARM.Collect$$libinit$$00000004  c_w.l(libinit2.o)
    0x08000372   0x00000000   Code   RO         2605    .ARM.Collect$$libinit$$00000006  c_w.l(libinit2.o)
    0x08000372   0x00000000   Code   RO         2608    .ARM.Collect$$libinit$$0000000C  c_w.l(libinit2.o)
    0x08000372   0x00000000   Code   RO         2610    .ARM.Collect$$libinit$$0000000E  c_w.l(libinit2.o)
    0x08000372   0x00000000   Code   RO         2612    .ARM.Collect$$libinit$$00000010  c_w.l(libinit2.o)
    0x08000372   0x00000000   Code   RO         2615    .ARM.Collect$$libinit$$00000013  c_w.l(libinit2.o)
    0x08000372   0x00000000   Code   RO         2617    .ARM.Collect$$libinit$$00000015  c_w.l(libinit2.o)
    0x08000372   0x00000000   Code   RO         2619    .ARM.Collect$$libinit$$00000017  c_w.l(libinit2.o)
    0x08000372   0x00000000   Code   RO         2621    .ARM.Collect$$libinit$$00000019  c_w.l(libinit2.o)
    0x08000372   0x00000000   Code   RO         2623    .ARM.Collect$$libinit$$0000001B  c_w.l(libinit2.o)
    0x08000372   0x00000000   Code   RO         2625    .ARM.Collect$$libinit$$0000001D  c_w.l(libinit2.o)
    0x08000372   0x00000000   Code   RO         2627    .ARM.Collect$$libinit$$0000001F  c_w.l(libinit2.o)
    0x08000372   0x00000000   Code   RO         2629    .ARM.Collect$$libinit$$00000021  c_w.l(libinit2.o)
    0x08000372   0x00000000   Code   RO         2631    .ARM.Collect$$libinit$$00000023  c_w.l(libinit2.o)
    0x08000372   0x00000000   Code   RO         2633    .ARM.Collect$$libinit$$00000025  c_w.l(libinit2.o)
    0x08000372   0x00000000   Code   RO         2635    .ARM.Collect$$libinit$$00000027  c_w.l(libinit2.o)
    0x08000372   0x00000000   Code   RO         2639    .ARM.Collect$$libinit$$0000002E  c_w.l(libinit2.o)
    0x08000372   0x00000000   Code   RO         2641    .ARM.Collect$$libinit$$00000030  c_w.l(libinit2.o)
    0x08000372   0x00000000   Code   RO         2643    .ARM.Collect$$libinit$$00000032  c_w.l(libinit2.o)
    0x08000372   0x00000004   Code   RO         2644    .ARM.Collect$$libinit$$00000033  c_w.l(libinit2.o)
    0x08000376   0x00000000   Code   RO         2645    .ARM.Collect$$libinit$$00000034  c_w.l(libinit2.o)
    0x08000376   0x00000002   Code   RO         2646    .ARM.Collect$$libinit$$00000035  c_w.l(libinit2.o)
    0x08000378   0x00000002   Code   RO         2833    .ARM.Collect$$libshutdown$$00000000  c_w.l(libshutdown.o)
    0x0800037a   0x00000000   Code   RO         2835    .ARM.Collect$$libshutdown$$00000002  c_w.l(libshutdown2.o)
    0x0800037a   0x00000000   Code   RO         2837    .ARM.Collect$$libshutdown$$00000004  c_w.l(libshutdown2.o)
    0x0800037a   0x00000000   Code   RO         2840    .ARM.Collect$$libshutdown$$00000007  c_w.l(libshutdown2.o)
    0x0800037a   0x00000000   Code   RO         2843    .ARM.Collect$$libshutdown$$0000000A  c_w.l(libshutdown2.o)
    0x0800037a   0x00000000   Code   RO         2845    .ARM.Collect$$libshutdown$$0000000C  c_w.l(libshutdown2.o)
    0x0800037a   0x00000000   Code   RO         2848    .ARM.Collect$$libshutdown$$0000000F  c_w.l(libshutdown2.o)
    0x0800037a   0x00000002   Code   RO         2849    .ARM.Collect$$libshutdown$$00000010  c_w.l(libshutdown2.o)
    0x0800037c   0x00000000   Code   RO         2589    .ARM.Collect$$rtentry$$00000000  c_w.l(__rtentry.o)
    0x0800037c   0x00000000   Code   RO         2735    .ARM.Collect$$rtentry$$00000002  c_w.l(__rtentry2.o)
    0x0800037c   0x00000006   Code   RO         2747    .ARM.Collect$$rtentry$$00000004  c_w.l(__rtentry4.o)
    0x08000382   0x00000000   Code   RO         2737    .ARM.Collect$$rtentry$$00000009  c_w.l(__rtentry2.o)
    0x08000382   0x00000004   Code   RO         2738    .ARM.Collect$$rtentry$$0000000A  c_w.l(__rtentry2.o)
    0x08000386   0x00000000   Code   RO         2740    .ARM.Collect$$rtentry$$0000000C  c_w.l(__rtentry2.o)
    0x08000386   0x00000008   Code   RO         2741    .ARM.Collect$$rtentry$$0000000D  c_w.l(__rtentry2.o)
    0x0800038e   0x00000002   Code   RO         2794    .ARM.Collect$$rtexit$$00000000  c_w.l(rtexit.o)
    0x08000390   0x00000000   Code   RO         2809    .ARM.Collect$$rtexit$$00000002  c_w.l(rtexit2.o)
    0x08000390   0x00000004   Code   RO         2810    .ARM.Collect$$rtexit$$00000003  c_w.l(rtexit2.o)
    0x08000394   0x00000006   Code   RO         2811    .ARM.Collect$$rtexit$$00000004  c_w.l(rtexit2.o)
    0x0800039a   0x00000002   PAD
    0x0800039c   0x00000048   Code   RO         1644    .text               startup_stm32h723xx.o
    0x080003e4   0x000000f0   Code   RO         2525    .text               c_w.l(lludivv7m.o)
    0x080004d4   0x00000080   Code   RO         2527    .text               c_w.l(assert.o)
    0x08000554   0x0000004e   Code   RO         2537    .text               c_w.l(rt_memclr_w.o)
    0x080005a2   0x00000006   Code   RO         2539    .text               c_w.l(heapauxi.o)
    0x080005a8   0x0000002c   Code   RO         2546    .text               c_w.l(init_aeabi.o)
    0x080005d4   0x00000016   Code   RO         2594    .text               c_w.l(abort.o)
    0x080005ea   0x00000014   Code   RO         2596    .text               c_w.l(assert_puts.o)
    0x080005fe   0x0000000e   Code   RO         2726    .text               c_w.l(sys_wrch.o)
    0x0800060c   0x0000000c   Code   RO         2728    .text               c_w.l(sys_exit.o)
    0x08000618   0x0000000e   Code   RO         2751    .text               c_w.l(defsig_abrt_outer.o)
    0x08000626   0x00000002   Code   RO         2760    .text               c_w.l(use_no_semi.o)
    0x08000628   0x00000000   Code   RO         2762    .text               c_w.l(indicate_semi.o)
    0x08000628   0x0000004a   Code   RO         2763    .text               c_w.l(sys_stackheap_outer.o)
    0x08000672   0x00000012   Code   RO         2767    .text               c_w.l(exit.o)
    0x08000684   0x0000000a   Code   RO         2769    .text               c_w.l(defsig_exit.o)
    0x0800068e   0x00000002   PAD
    0x08000690   0x00000030   Code   RO         2771    .text               c_w.l(defsig_abrt_inner.o)
    0x080006c0   0x00000008   Code   RO         2791    .text               c_w.l(libspace.o)
    0x080006c8   0x00000032   Code   RO         2800    .text               c_w.l(defsig_general.o)
    0x080006fa   0x00000002   PAD
    0x080006fc   0x00000002   Code   RO           80    .text.BusFault_Handler  stm32h7xx_it.o
    0x080006fe   0x0000000c   Code   RO           86    .text.DMA1_Stream0_IRQHandler  stm32h7xx_it.o
    0x0800070a   0x0000000c   Code   RO           88    .text.DMA1_Stream1_IRQHandler  stm32h7xx_it.o
    0x08000716   0x00000002   PAD
    0x08000718   0x00000118   Code   RO          314    .text.DMA_CalcBaseAndBitshift  stm32h7xx_hal_dma.o
    0x08000830   0x000000f4   Code   RO          316    .text.DMA_CalcDMAMUXChannelBaseAndMask  stm32h7xx_hal_dma.o
    0x08000924   0x000000b2   Code   RO          318    .text.DMA_CalcDMAMUXRequestGenBaseAndMask  stm32h7xx_hal_dma.o
    0x080009d6   0x00000002   Code   RO           84    .text.DebugMon_Handler  stm32h7xx_it.o
    0x080009d8   0x0000000a   Code   RO           37    .text.Error_Handler  main.o
    0x080009e2   0x00000002   PAD
    0x080009e4   0x00000018   Code   RO          107    .text.ExitRun0Mode  system_stm32h7xx.o
    0x080009fc   0x00000782   Code   RO          334    .text.HAL_DMA_IRQHandler  stm32h7xx_hal_dma.o
    0x0800117e   0x00000002   PAD
    0x08001180   0x00000484   Code   RO          312    .text.HAL_DMA_Init  stm32h7xx_hal_dma.o
    0x08001604   0x00000028   Code   RO          161    .text.HAL_Delay     stm32h7xx_hal.o
    0x0800162c   0x000001a4   Code   RO          465    .text.HAL_GPIO_Init  stm32h7xx_hal_gpio.o
    0x080017d0   0x0000000c   Code   RO          153    .text.HAL_GetTick   stm32h7xx_hal.o
    0x080017dc   0x0000001a   Code   RO          151    .text.HAL_IncTick   stm32h7xx_hal.o
    0x080017f6   0x00000062   Code   RO          141    .text.HAL_Init      stm32h7xx_hal.o
    0x08001858   0x0000009e   Code   RO           59    .text.HAL_InitTick  stm32h7xx_hal_timebase_tim.o
    0x080018f6   0x0000005e   Code   RO          282    .text.HAL_MPU_ConfigRegion  stm32h7xx_hal_cortex.o
    0x08001954   0x0000001a   Code   RO          274    .text.HAL_MPU_Disable  stm32h7xx_hal_cortex.o
    0x0800196e   0x00000020   Code   RO          276    .text.HAL_MPU_Enable  stm32h7xx_hal_cortex.o
    0x0800198e   0x0000002a   Code   RO           50    .text.HAL_MspInit   stm32h7xx_hal_msp.o
    0x080019b8   0x00000020   Code   RO          264    .text.HAL_NVIC_EnableIRQ  stm32h7xx_hal_cortex.o
    0x080019d8   0x0000005a   Code   RO          262    .text.HAL_NVIC_SetPriority  stm32h7xx_hal_cortex.o
    0x08001a32   0x00000020   Code   RO          260    .text.HAL_NVIC_SetPriorityGrouping  stm32h7xx_hal_cortex.o
    0x08001a52   0x00000002   PAD
    0x08001a54   0x00000048   Code   RO          785    .text.HAL_PWREx_ConfigSupply  stm32h7xx_hal_pwr_ex.o
    0x08001a9c   0x00000026   Code   RO          921    .text.HAL_RCCEx_GetD3PCLK1Freq  stm32h7xx_hal_rcc_ex.o
    0x08001ac2   0x00000002   PAD
    0x08001ac4   0x00000120   Code   RO          917    .text.HAL_RCCEx_GetPLL2ClockFreq  stm32h7xx_hal_rcc_ex.o
    0x08001be4   0x00000120   Code   RO          919    .text.HAL_RCCEx_GetPLL3ClockFreq  stm32h7xx_hal_rcc_ex.o
    0x08001d04   0x000008fa   Code   RO          905    .text.HAL_RCCEx_PeriphCLKConfig  stm32h7xx_hal_rcc_ex.o
    0x080025fe   0x00000002   PAD
    0x08002600   0x00000246   Code   RO          873    .text.HAL_RCC_ClockConfig  stm32h7xx_hal_rcc.o
    0x08002846   0x00000058   Code   RO          891    .text.HAL_RCC_GetClockConfig  stm32h7xx_hal_rcc.o
    0x0800289e   0x0000004c   Code   RO          883    .text.HAL_RCC_GetHCLKFreq  stm32h7xx_hal_rcc.o
    0x080028ea   0x00000026   Code   RO          885    .text.HAL_RCC_GetPCLK1Freq  stm32h7xx_hal_rcc.o
    0x08002910   0x00000026   Code   RO          887    .text.HAL_RCC_GetPCLK2Freq  stm32h7xx_hal_rcc.o
    0x08002936   0x00000002   PAD
    0x08002938   0x00000114   Code   RO          875    .text.HAL_RCC_GetSysClockFreq  stm32h7xx_hal_rcc.o
    0x08002a4c   0x000004fc   Code   RO          871    .text.HAL_RCC_OscConfig  stm32h7xx_hal_rcc.o
    0x08002f48   0x00000002   Code   RO         1296    .text.HAL_TIMEx_Break2Callback  stm32h7xx_hal_tim_ex.o
    0x08002f4a   0x00000002   Code   RO         1294    .text.HAL_TIMEx_BreakCallback  stm32h7xx_hal_tim_ex.o
    0x08002f4c   0x00000002   Code   RO         1290    .text.HAL_TIMEx_CommutCallback  stm32h7xx_hal_tim_ex.o
    0x08002f4e   0x00000060   Code   RO          969    .text.HAL_TIM_Base_Init  stm32h7xx_hal_tim.o
    0x08002fae   0x00000002   Code   RO          971    .text.HAL_TIM_Base_MspInit  stm32h7xx_hal_tim.o
    0x08002fb0   0x000000c6   Code   RO          983    .text.HAL_TIM_Base_Start_IT  stm32h7xx_hal_tim.o
    0x08003076   0x00000002   Code   RO         1105    .text.HAL_TIM_IC_CaptureCallback  stm32h7xx_hal_tim.o
    0x08003078   0x00000160   Code   RO         1103    .text.HAL_TIM_IRQHandler  stm32h7xx_hal_tim.o
    0x080031d8   0x00000002   Code   RO         1107    .text.HAL_TIM_OC_DelayElapsedCallback  stm32h7xx_hal_tim.o
    0x080031da   0x00000002   Code   RO         1109    .text.HAL_TIM_PWM_PulseFinishedCallback  stm32h7xx_hal_tim.o
    0x080031dc   0x00000014   Code   RO           39    .text.HAL_TIM_PeriodElapsedCallback  main.o
    0x080031f0   0x00000002   Code   RO         1113    .text.HAL_TIM_TriggerCallback  stm32h7xx_hal_tim.o
    0x080031f2   0x00000036   Code   RO         1477    .text.HAL_UARTEx_DisableFifoMode  stm32h7xx_hal_uart_ex.o
    0x08003228   0x0000004a   Code   RO         1481    .text.HAL_UARTEx_SetRxFifoThreshold  stm32h7xx_hal_uart_ex.o
    0x08003272   0x0000004a   Code   RO         1479    .text.HAL_UARTEx_SetTxFifoThreshold  stm32h7xx_hal_uart_ex.o
    0x080032bc   0x00000064   Code   RO         1310    .text.HAL_UART_Init  stm32h7xx_hal_uart.o
    0x08003320   0x000000fe   Code   RO          126    .text.HAL_UART_MspInit  usart.o
    0x0800341e   0x00000002   PAD
    0x08003420   0x00000002   Code   RO           76    .text.HardFault_Handler  stm32h7xx_it.o
    0x08003422   0x00000002   PAD
    0x08003424   0x000000c4   Code   RO         1531    .text.LL_GPIO_Init  stm32h7xx_ll_gpio.o
    0x080034e8   0x00000170   Code   RO         1549    .text.LL_RCC_GetPLL1ClockFreq  stm32h7xx_ll_rcc.o
    0x08003658   0x00000170   Code   RO         1553    .text.LL_RCC_GetPLL2ClockFreq  stm32h7xx_ll_rcc.o
    0x080037c8   0x00000174   Code   RO         1555    .text.LL_RCC_GetPLL3ClockFreq  stm32h7xx_ll_rcc.o
    0x0800393c   0x00000192   Code   RO         1557    .text.LL_RCC_GetUSARTClockFreq  stm32h7xx_ll_rcc.o
    0x08003ace   0x00000002   PAD
    0x08003ad0   0x00000178   Code   RO         1604    .text.LL_USART_Init  stm32h7xx_ll_usart.o
    0x08003c48   0x00000044   Code   RO            2    .text.MX_DMA_Init   dma.o
    0x08003c8c   0x00000056   Code   RO           25    .text.MX_GPIO_Init  gpio.o
    0x08003ce2   0x00000002   PAD
    0x08003ce4   0x00000148   Code   RO          120    .text.MX_USART1_UART_Init  usart.o
    0x08003e2c   0x0000007c   Code   RO          122    .text.MX_USART2_UART_Init  usart.o
    0x08003ea8   0x00000148   Code   RO          124    .text.MX_USART6_UART_Init  usart.o
    0x08003ff0   0x00000002   Code   RO           78    .text.MemManage_Handler  stm32h7xx_it.o
    0x08003ff2   0x00000002   PAD
    0x08003ff4   0x00000002   Code   RO           74    .text.NMI_Handler   stm32h7xx_it.o
    0x08003ff6   0x0000000a   PAD
    0x08004000   0x00000064   Code   RO         1919    .text.PendSV_Handler  port.o
    0x08004064   0x00000106   Code   RO          907    .text.RCCEx_PLL2_Config  stm32h7xx_hal_rcc_ex.o
    0x0800416a   0x00000002   PAD
    0x0800416c   0x00000106   Code   RO          909    .text.RCCEx_PLL3_Config  stm32h7xx_hal_rcc_ex.o
    0x08004272   0x00000002   PAD
    0x08004274   0x00000056   Code   RO         1547    .text.RCC_GetSystemClockFreq  stm32h7xx_ll_rcc.o
    0x080042ca   0x00000006   PAD
    0x080042d0   0x00000024   Code   RO         1903    .text.SVC_Handler   port.o
    0x080042f4   0x0000001e   Code   RO         1651    .text.SysTick_Handler  cmsis_os2.o
    0x08004312   0x00000002   PAD
    0x08004314   0x000000a6   Code   RO           35    .text.SystemClock_Config  main.o
    0x080043ba   0x000000d2   Code   RO          103    .text.SystemInit    system_stm32h7xx.o
    0x0800448c   0x0000000c   Code   RO           94    .text.TIM17_IRQHandler  stm32h7xx_it.o
    0x08004498   0x00000152   Code   RO          973    .text.TIM_Base_SetConfig  stm32h7xx_hal_tim.o
    0x080045ea   0x00000052   Code   RO         1475    .text.UARTEx_SetNbDataToProcess  stm32h7xx_hal_uart_ex.o
    0x0800463c   0x000000c6   Code   RO         1314    .text.UART_AdvFeatureConfig  stm32h7xx_hal_uart.o
    0x08004702   0x00000002   PAD
    0x08004704   0x000000ba   Code   RO         1318    .text.UART_CheckIdleState  stm32h7xx_hal_uart.o
    0x080047be   0x00000002   PAD
    0x080047c0   0x0000005a   Code   RO         1368    .text.UART_EndRxTransfer  stm32h7xx_hal_uart.o
    0x0800481a   0x00000002   PAD
    0x0800481c   0x00000368   Code   RO         1316    .text.UART_SetConfig  stm32h7xx_hal_uart.o
    0x08004b84   0x00000098   Code   RO         1332    .text.UART_WaitOnFlagUntilTimeout  stm32h7xx_hal_uart.o
    0x08004c1c   0x00000004   Code   RO           90    .text.USART1_IRQHandler  stm32h7xx_it.o
    0x08004c20   0x00000004   Code   RO           92    .text.USART6_IRQHandler  stm32h7xx_it.o
    0x08004c24   0x00000002   Code   RO           82    .text.UsageFault_Handler  stm32h7xx_it.o
    0x08004c26   0x00000014   Code   RO         2486    .text._GLOBAL__sub_I_test.cpp  test.o
    0x08004c3a   0x0000001a   Code   RO         2426    .text._ZN4math11determinantILj2EEEfRKNS_6MatrixIXT_EXT_EEE  matrix_api.o
    0x08004c54   0x00000028   Code   RO         2451    .text._ZN4math3dotILj3EEEfRKNS_6VectorIXT_EEES4_  vector_api.o
    0x08004c7c   0x00000024   Code   RO         2457    .text._ZN4math4normILj3EEEfRKNS_6VectorIXT_EEE  vector_api.o
    0x08004ca0   0x00000032   Code   RO         2439    .text._ZN4math5crossILj3EEENS_6VectorIXT_EEERKS2_S4_  vector_api.o
    0x08004cd2   0x00000002   PAD
    0x08004cd4   0x0000005c   Code   RO         2521    .text._ZN4math6MatrixILj3ELj3EEaSINS_13MatrixMulExprIS1_S1_Lj3ELj3ELj3EEEEERS1_RKNS_10MatrixExprIT_EE  test.o
    0x08004d30   0x000000b0   Code   RO         2430    .text._ZN4math7inverseILj2EEENS_6MatrixIXT_EXT_EEERKS2_  matrix_api.o
    0x08004de0   0x00000038   Code   RO         2434    .text._ZN4math8identityILj3EEENS_6MatrixIXT_EXT_EEEv  matrix_api.o
    0x08004e18   0x0000007c   Code   RO         2463    .text._ZN4math9normalizeILj3EEENS_6VectorIXT_EEERKS2_  vector_api.o
    0x08004e94   0x0000002e   Code   RO         2422    .text._ZN4math9transposeILj3ELj3EEENS_6MatrixIXT0_EXT_EEERKNS1_IXT_EXT0_EEE  matrix_api.o
    0x08004ec2   0x00000002   PAD
    0x08004ec4   0x0000002c   Code   RO         2273    .text._ZN5usart8UsartAPI6rx_ptrEh  usart_api.o
    0x08004ef0   0x00000068   Code   RO           33    .text.main          main.o
    0x08004f58   0x00000058   Code   RO         2482    .text.run_all_tests  test.o
    0x08004fb0   0x00000004   Code   RO         2484    .text.test_fn       test.o
    0x08004fb4   0x00000168   Code   RO         2476    .text.test_matrices  test.o
    0x0800511c   0x0000009c   Code   RO         2478    .text.test_matrix_vector_multiplication  test.o
    0x080051b8   0x000000f6   Code   RO         2474    .text.test_vectors  test.o
    0x080052ae   0x00000002   PAD
    0x080052b0   0x000000c8   Code   RO         2287    .text.usart1_irq_handler  usart_api.o
    0x08005378   0x000000c8   Code   RO         2297    .text.usart6_irq_handler  usart_api.o
    0x08005440   0x00000022   Code   RO         1859    .text.uxListRemove  list.o
    0x08005462   0x0000001a   Code   RO         1855    .text.vListInsertEnd  list.o
    0x0800547c   0x0000008e   Code   RO         2099    .text.vTaskSwitchContext  tasks.o
    0x0800550a   0x0000002e   Code   RO         1921    .text.xPortSysTickHandler  port.o
    0x08005538   0x00000024   Code   RO         2155    .text.xTaskGetSchedulerState  tasks.o
    0x0800555c   0x00000168   Code   RO         2111    .text.xTaskIncrementTick  tasks.o
    0x080056c4   0x0000001a   Code   RO         2757    x$fpl$fpinit        fz_wv.l(fpinit.o)
    0x080056de   0x00000006   Data   RO         1447    .rodata..Lswitch.table.UART_SetConfig.7  stm32h7xx_hal_uart.o
    0x080056e4   0x00000006   Data   RO         1448    .rodata..Lswitch.table.UART_SetConfig.9  stm32h7xx_hal_uart.o
    0x080056ea   0x00000010   Data   RO          111    .rodata.D1CorePrescTable  system_stm32h7xx.o
    0x080056fa   0x00000010   Data   RO         1593    .rodata.LL_RCC_PrescTable  stm32h7xx_ll_rcc.o
    0x0800570a   0x00000018   Data   RO         1446    .rodata.UARTPrescTable  stm32h7xx_hal_uart.o
    0x08005722   0x00000010   Data   RO         1491    .rodata.cst8        stm32h7xx_hal_uart_ex.o
    0x08005732   0x0000004f   Data   RO         2441    .rodata.str1.1      vector_api.o
    0x08005781   0x00000003   PAD
    0x08005784   0x00000040   Data   RO         2851    Region$$Table       anon$$obj.o
    0x080057c4   0x00000004   Data   RO         2513    .init_array         test.o
    0x080057c8   0x00000000   Data   RO         2544    .init_array         c_w.l(init_aeabi.o)


    Execution Region RW_IRAM1 (Base: 0x20000000, Size: 0x000007b4, Max: 0x00020000, ABSOLUTE)

    Base Addr    Size         Type   Attr      Idx    E Section Name        Object

    0x20000000   0x00000004   Data   RW          110    .data.SystemD2Clock  system_stm32h7xx.o
    0x20000004   0x00000001   Data   RW          250    .data.uwTickFreq    stm32h7xx_hal.o
    0x20000005   0x00000003   PAD
    0x20000008   0x00000060   Zero   RW         2792    .bss                c_w.l(libspace.o)
    0x20000068   0x00000040   Zero   RW         2328    .bss._ZN5usart6detail5RxBufILh1EE4dataE  usart_api.o
    0x200000a8   0x00000040   Zero   RW         2330    .bss._ZN5usart6detail5RxBufILh6EE4dataE  usart_api.o
    0x200000e8   0x00000040   Zero   RW         2333    .bss._ZN5usart6detail5TxBufILh6EE4dataE  usart_api.o
    0x20000128   0x00000001   Zero   RW         2336    .bss._ZN5usart6detail5TxBufILh6EE4lockE  usart_api.o
    0x20000129   0x00000003   PAD
    0x2000012c   0x00000004   Zero   RW         2383    .bss._ZN5usart6detail7rx_headILh1EEE  usart_api.o
    0x20000130   0x00000004   Zero   RW         2392    .bss._ZN5usart6detail7rx_headILh6EEE  usart_api.o
    0x20000134   0x00000004   Zero   RW         2349    .bss._ZN5usart6detail8tx_countILh1EEE  usart_api.o
    0x20000138   0x00000004   Zero   RW         2363    .bss._ZN5usart6detail8tx_countILh6EEE  usart_api.o
    0x2000013c   0x00000078   Zero   RW          131    .bss.hdma_usart2_rx  usart.o
    0x200001b4   0x00000078   Zero   RW          132    .bss.hdma_usart2_tx  usart.o
    0x2000022c   0x00000094   Zero   RW          130    .bss.huart2         usart.o
    0x200002c0   0x00000010   Zero   RW         2506    .bss.matrix_inverse_result  test.o
    0x200002d0   0x00000024   Zero   RW         2503    .bss.matrix_transpose_result  test.o
    0x200002f4   0x00000004   Zero   RW         2190    .bss.pxOverflowDelayedTaskList  tasks.o
    0x200002f8   0x00000460   Zero   RW         2192    .bss.pxReadyTasksLists  tasks.o
    0x20000758   0x00000004   Zero   RW         2489    .bss.temp_const_buf  test.o
    0x2000075c   0x00000004   Zero   RW          251    .bss.uwTick         stm32h7xx_hal.o
    0x20000760   0x0000000c   Zero   RW         2509    .bss.vec3_result    test.o
    0x2000076c   0x00000010   Zero   RW         2510    .bss.vec4_result    test.o
    0x2000077c   0x0000000c   Zero   RW         2494    .bss.vector_addition_result  test.o
    0x20000788   0x00000004   Zero   RW         2500    .bss.vector_norm_result  test.o
    0x2000078c   0x0000000c   Zero   RW         2499    .bss.vector_normalize_result  test.o
    0x20000798   0x0000000c   Zero   RW         2496    .bss.vector_scalar_mul_result  test.o
    0x200007a4   0x00000004   Zero   RW         2196    .bss.xNextTaskUnblockTime  tasks.o
    0x200007a8   0x00000004   Zero   RW         2198    .bss.xPendedTicks   tasks.o
    0x200007ac   0x00000004   Zero   RW         2186    .bss.xSchedulerRunning  tasks.o
    0x200007b0   0x00000004   Zero   RW         2188    .bss.xTickCount     tasks.o


    Execution Region RW_IRAM2 (Base: 0x24000000, Size: 0x000007b0, Max: 0x00020000, ABSOLUTE)

    Base Addr    Size         Type   Attr      Idx    E Section Name        Object

    0x24000000   0x00000004   Data   RW          109    .data.SystemCoreClock  system_stm32h7xx.o
    0x24000004   0x00000004   Data   RW          249    .data.uwTickPrio    stm32h7xx_hal.o
    0x24000008   0x00000040   Zero   RW         2329    .bss._ZN5usart6detail5RxBufILh2EE4dataE  usart_api.o
    0x24000048   0x00000040   Zero   RW         2331    .bss._ZN5usart6detail5TxBufILh1EE4dataE  usart_api.o
    0x24000088   0x00000001   Zero   RW         2334    .bss._ZN5usart6detail5TxBufILh1EE4lockE  usart_api.o
    0x24000089   0x00000003   PAD
    0x2400008c   0x00000004   Zero   RW         2384    .bss._ZN5usart6detail7rx_tailILh1EEE  usart_api.o
    0x24000090   0x00000004   Zero   RW         2393    .bss._ZN5usart6detail7rx_tailILh6EEE  usart_api.o
    0x24000094   0x00000004   Zero   RW         2350    .bss._ZN5usart6detail7tx_tailILh1EEE  usart_api.o
    0x24000098   0x00000004   Zero   RW         2364    .bss._ZN5usart6detail7tx_tailILh6EEE  usart_api.o
    0x2400009c   0x0000004c   Zero   RW           65    .bss.htim17         stm32h7xx_hal_timebase_tim.o
    0x240000e8   0x00000010   Zero   RW         2511    .bss.mat2x2_result  test.o
    0x240000f8   0x00000024   Zero   RW         2501    .bss.matrix_addition_result  test.o
    0x2400011c   0x00000004   Zero   RW         2505    .bss.matrix_determinant_result  test.o
    0x24000120   0x00000024   Zero   RW         2504    .bss.matrix_identity_result  test.o
    0x24000144   0x00000024   Zero   RW         2502    .bss.matrix_multiplication_result  test.o
    0x24000168   0x0000000c   Zero   RW         2507    .bss.matrix_vector_mul_result  test.o
    0x24000174   0x00000004   Zero   RW         2181    .bss.pxCurrentTCB   tasks.o
    0x24000178   0x00000004   Zero   RW         2189    .bss.pxDelayedTaskList  tasks.o
    0x2400017c   0x00000004   Zero   RW         2187    .bss.uxSchedulerSuspended  tasks.o
    0x24000180   0x00000004   Zero   RW         2193    .bss.uxTopReadyPriority  tasks.o
    0x24000184   0x00000008   Zero   RW         2508    .bss.vec2_result    test.o
    0x2400018c   0x0000000c   Zero   RW         2498    .bss.vector_cross_result  test.o
    0x24000198   0x00000004   Zero   RW         2497    .bss.vector_dot_result  test.o
    0x2400019c   0x0000000c   Zero   RW         2495    .bss.vector_subtraction_result  test.o
    0x240001a8   0x00000004   Zero   RW         2199    .bss.xNumOfOverflows  tasks.o
    0x240001ac   0x00000004   Zero   RW         2197    .bss.xYieldPending  tasks.o
    0x240001b0   0x00000200   Zero   RW         1642    HEAP                startup_stm32h723xx.o
    0x240003b0   0x00000400   Zero   RW         1641    STACK               startup_stm32h723xx.o


==============================================================================

Image component sizes


      Code (inc. data)   RO Data    RW Data    ZI Data      Debug   Object Name

        30          0          0          0          0      43740   cmsis_os2.o
        68          0          0          0          0       5378   dma.o
        86          0          0          0          0       2260   gpio.o
        60          0          0          0          0       2194   list.o
       300          0          0          0          0       7189   main.o
       304         96          0          0          0      32109   matrix_api.o
       182          8          0          0          0       4171   port.o
        72         30        716          0       1536        864   startup_stm32h723xx.o
       176          0          0          5          4      15940   stm32h7xx_hal.o
       306          0          0          0          0      12273   stm32h7xx_hal_cortex.o
      3780         12          0          0          0      16230   stm32h7xx_hal_dma.o
       420          0          0          0          0       6961   stm32h7xx_hal_gpio.o
        42          0          0          0          0       5417   stm32h7xx_hal_msp.o
        72          0          0          0          0       9579   stm32h7xx_hal_pwr_ex.o
      2374         24          0          0          0      11178   stm32h7xx_hal_rcc.o
      3436        124          0          0          0      18409   stm32h7xx_hal_rcc_ex.o
       994          0          0          0          0      55695   stm32h7xx_hal_tim.o
         6          0          0          0          0      25580   stm32h7xx_hal_tim_ex.o
       158          0          0          0         76       9629   stm32h7xx_hal_timebase_tim.o
      1598         28         36          0          0      35620   stm32h7xx_hal_uart.o
       284          0         16          0          0      10522   stm32h7xx_hal_uart_ex.o
        56          0          0          0          0       5151   stm32h7xx_it.o
       196          0          0          0          0       4634   stm32h7xx_ll_gpio.o
      1596         40         16          0          0      27560   stm32h7xx_ll_rcc.o
       376         48          0          0          0       6098   stm32h7xx_ll_usart.o
       234          0         16          8          0       5607   system_stm32h7xx.o
       538          0          0          0       1164      30773   tasks.o
       966          8          4          0        300      38907   test.o
      1034          0          0          0        388      16877   usart.o
       444         24          0          0        354      63176   usart_api.o
       250         16         79          0          0      37634   vector_api.o

    ----------------------------------------------------------------------
     20496        458        950         16       3828     567355   Object Totals
         0          0         64          0          0          0   (incl. Generated)
        58          0          3          3          6          0   (incl. Padding)

    ----------------------------------------------------------------------

      Code (inc. data)   RO Data    RW Data    ZI Data      Debug   Library Member Name

         8          0          0          0          0         68   __main.o
         0          0          0          0          0          0   __rtentry.o
        12          0          0          0          0          0   __rtentry2.o
         6          0          0          0          0          0   __rtentry4.o
        94          8          0          0          0          0   __scatter.o
        26          0          0          0          0          0   __scatter_copy.o
        28          0          0          0          0          0   __scatter_zi.o
        22          0          0          0          0         80   abort.o
       128         42          0          0          0         76   assert.o
        20          0          0          0          0         76   assert_puts.o
        48         34          0          0          0         76   defsig_abrt_inner.o
        14          0          0          0          0         80   defsig_abrt_outer.o
        10          0          0          0          0         68   defsig_exit.o
        50          0          0          0          0         88   defsig_general.o
        18          0          0          0          0         80   exit.o
         6          0          0          0          0        152   heapauxi.o
         0          0          0          0          0          0   indicate_semi.o
        44          8          0          0          0         80   init_aeabi.o
         2          0          0          0          0          0   libinit.o
        10          0          0          0          0          0   libinit2.o
         2          0          0          0          0          0   libshutdown.o
         2          0          0          0          0          0   libshutdown2.o
         8          4          0          0         96         68   libspace.o
       240          0          0          0          0        100   lludivv7m.o
        78          0          0          0          0         80   rt_memclr_w.o
         2          0          0          0          0          0   rtexit.o
        10          0          0          0          0          0   rtexit2.o
        12          4          0          0          0         68   sys_exit.o
        74          0          0          0          0         80   sys_stackheap_outer.o
        14          0          0          0          0         76   sys_wrch.o
         2          0          0          0          0         68   use_no_semi.o
        26          0          0          0          0        116   fpinit.o

    ----------------------------------------------------------------------
      1026        100          0          0         96       1580   Library Totals
        10          0          0          0          0          0   (incl. Padding)

    ----------------------------------------------------------------------

      Code (inc. data)   RO Data    RW Data    ZI Data      Debug   Library Name

       990        100          0          0         96       1464   c_w.l
        26          0          0          0          0        116   fz_wv.l

    ----------------------------------------------------------------------
      1026        100          0          0         96       1580   Library Totals

    ----------------------------------------------------------------------

==============================================================================


      Code (inc. data)   RO Data    RW Data    ZI Data      Debug   

     21522        558        950         16       3924     567695   Grand Totals
     21522        558        950         16       3924     567695   ELF Image Totals
     21522        558        950         16          0          0   ROM Totals

==============================================================================

    Total RO  Size (Code + RO Data)                22472 (  21.95kB)
    Total RW  Size (RW Data + ZI Data)              3940 (   3.85kB)
    Total ROM Size (Code + RO Data + RW Data)      22488 (  21.96kB)

==============================================================================

