Component: Arm Compiler for Embedded 6.23 Tool: armlink [5f102400]

==============================================================================

Section Cross References

    freertos.o(.text.MX_FREERTOS_Init) refers to freertos.o(.text.StartDefaultTask) for StartDefaultTask
    freertos.o(.text.MX_FREERTOS_Init) refers to freertos.o(.rodata.defaultTask_attributes) for defaultTask_attributes
    freertos.o(.text.MX_FREERTOS_Init) refers to cmsis_os2.o(.text.osThreadNew) for osThreadNew
    freertos.o(.text.MX_FREERTOS_Init) refers to freertos.o(.bss.defaultTaskHandle) for defaultTaskHandle
    freertos.o(.ARM.exidx.text.MX_FREERTOS_Init) refers to freertos.o(.text.MX_FREERTOS_Init) for [Anonymous Symbol]
    freertos.o(.text.StartDefaultTask) refers to cmsis_os2.o(.text.osDelay) for osDelay
    freertos.o(.ARM.exidx.text.StartDefaultTask) refers to freertos.o(.text.StartDefaultTask) for [Anonymous Symbol]
    freertos.o(.rodata.defaultTask_attributes) refers to freertos.o(.rodata.str1.1) for [Anonymous Symbol]
    gpio.o(.ARM.exidx.text.MX_GPIO_Init) refers to gpio.o(.text.MX_GPIO_Init) for [Anonymous Symbol]
    main.o(.text.main) refers to stm32h7xx_hal_cortex.o(.text.HAL_MPU_Disable) for HAL_MPU_Disable
    main.o(.text.main) refers to stm32h7xx_hal_cortex.o(.text.HAL_MPU_ConfigRegion) for HAL_MPU_ConfigRegion
    main.o(.text.main) refers to stm32h7xx_hal_cortex.o(.text.HAL_MPU_Enable) for HAL_MPU_Enable
    main.o(.text.main) refers to stm32h7xx_hal.o(.text.HAL_Init) for HAL_Init
    main.o(.text.main) refers to main.o(.text.SystemClock_Config) for SystemClock_Config
    main.o(.text.main) refers to gpio.o(.text.MX_GPIO_Init) for MX_GPIO_Init
    main.o(.text.main) refers to usart.o(.text.MX_USART1_UART_Init) for MX_USART1_UART_Init
    main.o(.text.main) refers to usart.o(.text.MX_USART2_UART_Init) for MX_USART2_UART_Init
    main.o(.text.main) refers to usart.o(.text.MX_USART6_UART_Init) for MX_USART6_UART_Init
    main.o(.text.main) refers to cmsis_os2.o(.text.osKernelInitialize) for osKernelInitialize
    main.o(.text.main) refers to freertos.o(.text.MX_FREERTOS_Init) for MX_FREERTOS_Init
    main.o(.text.main) refers to cmsis_os2.o(.text.osKernelStart) for osKernelStart
    main.o(.ARM.exidx.text.main) refers to main.o(.text.main) for [Anonymous Symbol]
    main.o(.text.SystemClock_Config) refers to rt_memclr_w.o(.text) for __aeabi_memclr4
    main.o(.text.SystemClock_Config) refers to stm32h7xx_hal_pwr_ex.o(.text.HAL_PWREx_ConfigSupply) for HAL_PWREx_ConfigSupply
    main.o(.text.SystemClock_Config) refers to stm32h7xx_hal_rcc.o(.text.HAL_RCC_OscConfig) for HAL_RCC_OscConfig
    main.o(.text.SystemClock_Config) refers to stm32h7xx_hal_rcc.o(.text.HAL_RCC_ClockConfig) for HAL_RCC_ClockConfig
    main.o(.ARM.exidx.text.SystemClock_Config) refers to main.o(.text.SystemClock_Config) for [Anonymous Symbol]
    main.o(.ARM.exidx.text.Error_Handler) refers to main.o(.text.Error_Handler) for [Anonymous Symbol]
    main.o(.text.HAL_TIM_PeriodElapsedCallback) refers to stm32h7xx_hal.o(.text.HAL_IncTick) for HAL_IncTick
    main.o(.ARM.exidx.text.HAL_TIM_PeriodElapsedCallback) refers to main.o(.text.HAL_TIM_PeriodElapsedCallback) for [Anonymous Symbol]
    stm32h7xx_hal_msp.o(.text.HAL_MspInit) refers to stm32h7xx_hal_cortex.o(.text.HAL_NVIC_SetPriority) for HAL_NVIC_SetPriority
    stm32h7xx_hal_msp.o(.ARM.exidx.text.HAL_MspInit) refers to stm32h7xx_hal_msp.o(.text.HAL_MspInit) for [Anonymous Symbol]
    stm32h7xx_hal_timebase_tim.o(.text.HAL_InitTick) refers to stm32h7xx_hal_cortex.o(.text.HAL_NVIC_SetPriority) for HAL_NVIC_SetPriority
    stm32h7xx_hal_timebase_tim.o(.text.HAL_InitTick) refers to stm32h7xx_hal_cortex.o(.text.HAL_NVIC_EnableIRQ) for HAL_NVIC_EnableIRQ
    stm32h7xx_hal_timebase_tim.o(.text.HAL_InitTick) refers to stm32h7xx_hal.o(.data.uwTickPrio) for uwTickPrio
    stm32h7xx_hal_timebase_tim.o(.text.HAL_InitTick) refers to stm32h7xx_hal_rcc.o(.text.HAL_RCC_GetClockConfig) for HAL_RCC_GetClockConfig
    stm32h7xx_hal_timebase_tim.o(.text.HAL_InitTick) refers to stm32h7xx_hal_rcc.o(.text.HAL_RCC_GetPCLK2Freq) for HAL_RCC_GetPCLK2Freq
    stm32h7xx_hal_timebase_tim.o(.text.HAL_InitTick) refers to stm32h7xx_hal_timebase_tim.o(.bss.htim17) for htim17
    stm32h7xx_hal_timebase_tim.o(.text.HAL_InitTick) refers to stm32h7xx_hal_tim.o(.text.HAL_TIM_Base_Init) for HAL_TIM_Base_Init
    stm32h7xx_hal_timebase_tim.o(.text.HAL_InitTick) refers to stm32h7xx_hal_tim.o(.text.HAL_TIM_Base_Start_IT) for HAL_TIM_Base_Start_IT
    stm32h7xx_hal_timebase_tim.o(.ARM.exidx.text.HAL_InitTick) refers to stm32h7xx_hal_timebase_tim.o(.text.HAL_InitTick) for [Anonymous Symbol]
    stm32h7xx_hal_timebase_tim.o(.text.HAL_SuspendTick) refers to stm32h7xx_hal_timebase_tim.o(.bss.htim17) for htim17
    stm32h7xx_hal_timebase_tim.o(.ARM.exidx.text.HAL_SuspendTick) refers to stm32h7xx_hal_timebase_tim.o(.text.HAL_SuspendTick) for [Anonymous Symbol]
[...]
    [Anonymous Symbol]                       0x08004804   Section        0  queue.o(.text.xQueueReceive)
    [Anonymous Symbol]                       0x0800498c   Section        0  tasks.o(.text.xTaskCheckForTimeOut)
    [Anonymous Symbol]                       0x08004a14   Section        0  tasks.o(.text.xTaskCreate)
    [Anonymous Symbol]                       0x08004a70   Section        0  tasks.o(.text.xTaskCreateStatic)
    [Anonymous Symbol]                       0x08004aea   Section        0  tasks.o(.text.xTaskGetSchedulerState)
    [Anonymous Symbol]                       0x08004b0e   Section        0  tasks.o(.text.xTaskGetTickCount)
    [Anonymous Symbol]                       0x08004b1c   Section        0  tasks.o(.text.xTaskIncrementTick)
    [Anonymous Symbol]                       0x08004c84   Section        0  tasks.o(.text.xTaskPriorityDisinherit)
    [Anonymous Symbol]                       0x08004d18   Section        0  tasks.o(.text.xTaskRemoveFromEventList)
    [Anonymous Symbol]                       0x08004da8   Section        0  tasks.o(.text.xTaskResumeAll)
    [Anonymous Symbol]                       0x08004edc   Section        0  timers.o(.text.xTimerCreateTimerTask)
    [Anonymous Symbol]                       0x08004f50   Section        0  timers.o(.text.xTimerGenericCommand)
    $v0                                      0x08004fb2   Number         0  fpinit.o(x$fpl$fpinit)
    x$fpl$fpinit                             0x08004fb2   Section       26  fpinit.o(x$fpl$fpinit)
    [Anonymous Symbol]                       0x08005010   Section        0  freertos.o(.rodata.str1.1)
    .L.str                                   0x0800501c   Data         147  cxa_guard.cpp.o(.rodata.str1.1)
    [Anonymous Symbol]                       0x0800501c   Section        0  cxa_guard.cpp.o(.rodata.str1.1)
    .init_array                              0x080050e4   Section        0  init_aeabi.o(.init_array)
    ucHeap                                   0x20000000   Data       15360  heap_4.o(.bss.ucHeap)
    [Anonymous Symbol]                       0x20000000   Section        0  heap_4.o(.bss.ucHeap)
    uxCriticalNesting                        0x24000010   Data           4  port.o(.data.uxCriticalNesting)
    [Anonymous Symbol]                       0x24000010   Section        0  port.o(.data.uxCriticalNesting)
    .bss                                     0x24000018   Section       96  libspace.o(.bss)
    KernelState                              0x24000078   Data           4  cmsis_os2.o(.bss.KernelState)
    [Anonymous Symbol]                       0x24000078   Section        0  cmsis_os2.o(.bss.KernelState)
    __tagsym$$used.0                         0x24000080   Number         0  usart_api.o(.bss._ZN5usart11initializedE)
    prvCheckForValidListAndQueue.ucStaticTimerQueueStorage 0x24000284   Data         160  timers.o(.bss.prvCheckForValidListAndQueue.ucStaticTimerQueueStorage)
    [Anonymous Symbol]                       0x24000284   Section        0  timers.o(.bss.prvCheckForValidListAndQueue.ucStaticTimerQueueStorage)
    prvCheckForValidListAndQueue.xStaticTimerQueue 0x24000324   Data          80  timers.o(.bss.prvCheckForValidListAndQueue.xStaticTimerQueue)
    [Anonymous Symbol]                       0x24000324   Section        0  timers.o(.bss.prvCheckForValidListAndQueue.xStaticTimerQueue)
    prvSampleTimeNow.xLastTime               0x24000374   Data           4  timers.o(.bss.prvSampleTimeNow.xLastTime)
    [Anonymous Symbol]                       0x24000374   Section        0  timers.o(.bss.prvSampleTimeNow.xLastTime)
    pxCurrentTimerList                       0x2400037c   Data           4  timers.o(.bss.pxCurrentTimerList)
    [Anonymous Symbol]                       0x2400037c   Section        0  timers.o(.bss.pxCurrentTimerList)
    pxDelayedTaskList                        0x24000380   Data           4  tasks.o(.bss.pxDelayedTaskList)
    [Anonymous Symbol]                       0x24000380   Section        0  tasks.o(.bss.pxDelayedTaskList)
    pxEnd                                    0x24000384   Data           4  heap_4.o(.bss.pxEnd)
    [Anonymous Symbol]                       0x24000384   Section        0  heap_4.o(.bss.pxEnd)
    pxOverflowDelayedTaskList                0x24000388   Data           4  tasks.o(.bss.pxOverflowDelayedTaskList)
    [Anonymous Symbol]                       0x24000388   Section        0  tasks.o(.bss.pxOverflowDelayedTaskList)
    pxOverflowTimerList                      0x2400038c   Data           4  timers.o(.bss.pxOverflowTimerList)
    [Anonymous Symbol]                       0x2400038c   Section        0  timers.o(.bss.pxOverflowTimerList)
    pxReadyTasksLists                        0x24000390   Data        1120  tasks.o(.bss.pxReadyTasksLists)
    [Anonymous Symbol]                       0x24000390   Section        0  tasks.o(.bss.pxReadyTasksLists)
    ucMaxSysCallPriority                     0x240007f0   Data           1  port.o(.bss.ucMaxSysCallPriority)
    [Anonymous Symbol]                       0x240007f0   Section        0  port.o(.bss.ucMaxSysCallPriority)
    ulMaxPRIGROUPValue                       0x240007f4   Data           4  port.o(.bss.ulMaxPRIGROUPValue)
    [Anonymous Symbol]                       0x240007f4   Section        0  port.o(.bss.ulMaxPRIGROUPValue)
    uxCurrentNumberOfTasks                   0x240007fc   Data           4  tasks.o(.bss.uxCurrentNumberOfTasks)
    [Anonymous Symbol]                       0x240007fc   Section        0  tasks.o(.bss.uxCurrentNumberOfTasks)
    uxDeletedTasksWaitingCleanUp             0x24000800   Data           4  tasks.o(.bss.uxDeletedTasksWaitingCleanUp)
    [Anonymous Symbol]                       0x24000800   Section        0  tasks.o(.bss.uxDeletedTasksWaitingCleanUp)
    uxSchedulerSuspended                     0x24000804   Data           4  tasks.o(.bss.uxSchedulerSuspended)
    [Anonymous Symbol]                       0x24000804   Section        0  tasks.o(.bss.uxSchedulerSuspended)
    uxTaskNumber                             0x24000808   Data           4  tasks.o(.bss.uxTaskNumber)
    [Anonymous Symbol]                       0x24000808   Section        0  tasks.o(.bss.uxTaskNumber)
    uxTopReadyPriority                       0x2400080c   Data           4  tasks.o(.bss.uxTopReadyPriority)
    [Anonymous Symbol]                       0x2400080c   Section        0  tasks.o(.bss.uxTopReadyPriority)
    vApplicationGetIdleTaskMemory.Idle_Stack 0x24000810   Data         512  cmsis_os2.o(.bss.vApplicationGetIdleTaskMemory.Idle_Stack)
    [Anonymous Symbol]                       0x24000810   Section        0  cmsis_os2.o(.bss.vApplicationGetIdleTaskMemory.Idle_Stack)
    vApplicationGetIdleTaskMemory.Idle_TCB   0x24000a10   Data          92  cmsis_os2.o(.bss.vApplicationGetIdleTaskMemory.Idle_TCB)
    [Anonymous Symbol]                       0x24000a10   Section        0  cmsis_os2.o(.bss.vApplicationGetIdleTaskMemory.Idle_TCB)
    vApplicationGetTimerTaskMemory.Timer_Stack 0x24000a6c   Data        1024  cmsis_os2.o(.bss.vApplicationGetTimerTaskMemory.Timer_Stack)
    [Anonymous Symbol]                       0x24000a6c   Section        0  cmsis_os2.o(.bss.vApplicationGetTimerTaskMemory.Timer_Stack)
    vApplicationGetTimerTaskMemory.Timer_TCB 0x24000e6c   Data          92  cmsis_os2.o(.bss.vApplicationGetTimerTaskMemory.Timer_TCB)
    [Anonymous Symbol]                       0x24000e6c   Section        0  cmsis_os2.o(.bss.vApplicationGetTimerTaskMemory.Timer_TCB)
    xActiveTimerList1                        0x24000ec8   Data          20  timers.o(.bss.xActiveTimerList1)
    [Anonymous Symbol]                       0x24000ec8   Section        0  timers.o(.bss.xActiveTimerList1)
    xActiveTimerList2                        0x24000edc   Data          20  timers.o(.bss.xActiveTimerList2)
    [Anonymous Symbol]                       0x24000edc   Section        0  timers.o(.bss.xActiveTimerList2)
    xBlockAllocatedBit                       0x24000ef0   Data           1  heap_4.o(.bss.xBlockAllocatedBit)
    [Anonymous Symbol]                       0x24000ef0   Section        0  heap_4.o(.bss.xBlockAllocatedBit)
    xDelayedTaskList1                        0x24000ef4   Data          20  tasks.o(.bss.xDelayedTaskList1)
    [Anonymous Symbol]                       0x24000ef4   Section        0  tasks.o(.bss.xDelayedTaskList1)
    xDelayedTaskList2                        0x24000f08   Data          20  tasks.o(.bss.xDelayedTaskList2)
    [Anonymous Symbol]                       0x24000f08   Section        0  tasks.o(.bss.xDelayedTaskList2)
    xFreeBytesRemaining                      0x24000f1c   Data           4  heap_4.o(.bss.xFreeBytesRemaining)
    [Anonymous Symbol]                       0x24000f1c   Section        0  heap_4.o(.bss.xFreeBytesRemaining)
    xIdleTaskHandle                          0x24000f20   Data           4  tasks.o(.bss.xIdleTaskHandle)
    [Anonymous Symbol]                       0x24000f20   Section        0  tasks.o(.bss.xIdleTaskHandle)
    xMinimumEverFreeBytesRemaining           0x24000f24   Data           4  heap_4.o(.bss.xMinimumEverFreeBytesRemaining)
    [Anonymous Symbol]                       0x24000f24   Section        0  heap_4.o(.bss.xMinimumEverFreeBytesRemaining)
    xNextTaskUnblockTime                     0x24000f28   Data           4  tasks.o(.bss.xNextTaskUnblockTime)
    [Anonymous Symbol]                       0x24000f28   Section        0  tasks.o(.bss.xNextTaskUnblockTime)
    xNumOfOverflows                          0x24000f2c   Data           4  tasks.o(.bss.xNumOfOverflows)
    [Anonymous Symbol]                       0x24000f2c   Section        0  tasks.o(.bss.xNumOfOverflows)
    xNumberOfSuccessfulAllocations           0x24000f30   Data           4  heap_4.o(.bss.xNumberOfSuccessfulAllocations)
    [Anonymous Symbol]                       0x24000f30   Section        0  heap_4.o(.bss.xNumberOfSuccessfulAllocations)
    xNumberOfSuccessfulFrees                 0x24000f34   Data           4  heap_4.o(.bss.xNumberOfSuccessfulFrees)
    [Anonymous Symbol]                       0x24000f34   Section        0  heap_4.o(.bss.xNumberOfSuccessfulFrees)
    xPendedTicks                             0x24000f38   Data           4  tasks.o(.bss.xPendedTicks)
    [Anonymous Symbol]                       0x24000f38   Section        0  tasks.o(.bss.xPendedTicks)
    xPendingReadyList                        0x24000f3c   Data          20  tasks.o(.bss.xPendingReadyList)
    [Anonymous Symbol]                       0x24000f3c   Section        0  tasks.o(.bss.xPendingReadyList)
    xSchedulerRunning                        0x24000f90   Data           4  tasks.o(.bss.xSchedulerRunning)
    [Anonymous Symbol]                       0x24000f90   Section        0  tasks.o(.bss.xSchedulerRunning)
    xStart                                   0x24000f94   Data           8  heap_4.o(.bss.xStart)
    [Anonymous Symbol]                       0x24000f94   Section        0  heap_4.o(.bss.xStart)
    xSuspendedTaskList                       0x24000f9c   Data          20  tasks.o(.bss.xSuspendedTaskList)
    [Anonymous Symbol]                       0x24000f9c   Section        0  tasks.o(.bss.xSuspendedTaskList)
    xTasksWaitingTermination                 0x24000fb0   Data          20  tasks.o(.bss.xTasksWaitingTermination)
    [Anonymous Symbol]                       0x24000fb0   Section        0  tasks.o(.bss.xTasksWaitingTermination)
    xTickCount                               0x24000fc4   Data           4  tasks.o(.bss.xTickCount)
    [Anonymous Symbol]                       0x24000fc4   Section        0  tasks.o(.bss.xTickCount)
    xTimerQueue                              0x24000fc8   Data           4  timers.o(.bss.xTimerQueue)
    [Anonymous Symbol]                       0x24000fc8   Section        0  timers.o(.bss.xTimerQueue)
    xTimerTaskHandle                         0x24000fcc   Data           4  timers.o(.bss.xTimerTaskHandle)
    [Anonymous Symbol]                       0x24000fcc   Section        0  timers.o(.bss.xTimerTaskHandle)
    xYieldPending                            0x24000fd0   Data           4  tasks.o(.bss.xYieldPending)
    [Anonymous Symbol]                       0x24000fd0   Section        0  tasks.o(.bss.xYieldPending)
    Heap_Mem                                 0x24000fd8   Data         512  startup_stm32h723xx.o(HEAP)
    HEAP                                     0x24000fd8   Section      512  startup_stm32h723xx.o(HEAP)
    Stack_Mem                                0x240011d8   Data        1024  startup_stm32h723xx.o(STACK)
    STACK                                    0x240011d8   Section     1024  startup_stm32h723xx.o(STACK)
    __initial_sp                             0x240015d8   Data           0  startup_stm32h723xx.o(STACK)

    Global Symbols

    Symbol Name                              Value     Ov Type        Size  Object(Section)

    BuildAttributes$$THM_ISAv4$E$P$D$K$B$S$7EM$VFPv5_D16$PE$PLD8$A:L22UL41UL21$X:L11$S22US41US21$IEEE1$IW$~IW$USESV6$~STKCKD$USESV7$~SHL$OSPACE$ROPI$EBA8$UX$STANDARDLIB$REQ8$EABIv2 0x00000000   Number         0  anon$$obj.o ABSOLUTE
    SHT$$ARM_EXIDX$$Base                      - Undefined Reference
    SHT$$ARM_EXIDX$$Limit                     - Undefined Reference
    __ARM_exceptions_init                     - Undefined Weak Reference
    __alloca_initialize                       - Undefined Weak Reference
    __arm_find_exidx_section                  - Undefined Weak Reference
    __arm_preinit_                            - Undefined Weak Reference
    __arm_relocate_pie_                       - Undefined Weak Reference
    __cxa_finalize                            - Undefined Weak Reference
    __rt_locale                               - Undefined Weak Reference
    __sigvec_lookup                           - Undefined Weak Reference
    _atexit_init                              - Undefined Weak Reference
    _call_atexit_fns                          - Undefined Weak Reference
    _clock_init                               - Undefined Weak Reference
    _fp_trap_init                             - Undefined Weak Reference
    _fp_trap_shutdown                         - Undefined Weak Reference
    _get_lc_collate                           - Undefined Weak Reference
    _get_lc_ctype                             - Undefined Weak Reference
    _get_lc_monetary                          - Undefined Weak Reference
    _get_lc_numeric                           - Undefined Weak Reference
    _get_lc_time                              - Undefined Weak Reference
    _getenv_init                              - Undefined Weak Reference
    _handle_redirection                       - Undefined Weak Reference
    _init_alloc                               - Undefined Weak Reference
    _init_user_alloc                          - Undefined Weak Reference
    _initio                                   - Undefined Weak Reference
    _rand_init                                - Undefined Weak Reference
    _signal_finish                            - Undefined Weak Reference
    _signal_init                              - Undefined Weak Reference
    _terminate_alloc                          - Undefined Weak Reference
    _terminate_user_alloc                     - Undefined Weak Reference
    _terminateio                              - Undefined Weak Reference
    __Vectors_Size                           0x000002cc   Number         0  startup_stm32h723xx.o ABSOLUTE
    __Vectors                                0x08000000   Data           4  startup_stm32h723xx.o(RESET)
    __Vectors_End                            0x080002cc   Data           0  startup_stm32h723xx.o(RESET)
    __main                                   0x080002cd   Thumb Code     8  __main.o(!!!main)
    __scatterload                            0x080002d5   Thumb Code     0  __scatter.o(!!!scatter)
    __scatterload_rt2                        0x080002d5   Thumb Code    84  __scatter.o(!!!scatter)
    __scatterload_rt2_thumb_only             0x080002d5   Thumb Code     0  __scatter.o(!!!scatter)
    __scatterload_loop                       0x080002df   Thumb Code     0  __scatter.o(!!!scatter)
    __scatterload_copy                       0x08000331   Thumb Code    26  __scatter_copy.o(!!handler_copy)
    __scatterload_null                       0x0800034d   Thumb Code     2  __scatter.o(!!handler_null)
    __scatterload_zeroinit                   0x08000351   Thumb Code    28  __scatter_zi.o(!!handler_zi)
    __rt_lib_init                            0x0800036d   Thumb Code     0  libinit.o(.ARM.Collect$$libinit$$00000000)
    __rt_lib_init_fp_1                       0x0800036f   Thumb Code     0  libinit2.o(.ARM.Collect$$libinit$$00000001)
    __rt_lib_init_alloca_1                   0x08000373   Thumb Code     0  libinit2.o(.ARM.Collect$$libinit$$00000030)
    __rt_lib_init_argv_1                     0x08000373   Thumb Code     0  libinit2.o(.ARM.Collect$$libinit$$0000002E)
    __rt_lib_init_atexit_1                   0x08000373   Thumb Code     0  libinit2.o(.ARM.Collect$$libinit$$0000001D)
    __rt_lib_init_clock_1                    0x08000373   Thumb Code     0  libinit2.o(.ARM.Collect$$libinit$$00000023)
    __rt_lib_init_cpp_2                      0x08000373   Thumb Code     0  libinit2.o(.ARM.Collect$$libinit$$00000033)
    __rt_lib_init_exceptions_1               0x08000373   Thumb Code     0  libinit2.o(.ARM.Collect$$libinit$$00000032)
    __rt_lib_init_fp_trap_1                  0x08000373   Thumb Code     0  libinit2.o(.ARM.Collect$$libinit$$00000021)
    __rt_lib_init_getenv_1                   0x08000373   Thumb Code     0  libinit2.o(.ARM.Collect$$libinit$$00000025)
    __rt_lib_init_heap_1                     0x08000373   Thumb Code     0  libinit2.o(.ARM.Collect$$libinit$$0000000C)
    __rt_lib_init_lc_collate_1               0x08000373   Thumb Code     0  libinit2.o(.ARM.Collect$$libinit$$00000013)
    __rt_lib_init_lc_ctype_1                 0x08000373   Thumb Code     0  libinit2.o(.ARM.Collect$$libinit$$00000015)
    __rt_lib_init_lc_monetary_1              0x08000373   Thumb Code     0  libinit2.o(.ARM.Collect$$libinit$$00000017)
    __rt_lib_init_lc_numeric_1               0x08000373   Thumb Code     0  libinit2.o(.ARM.Collect$$libinit$$00000019)
    __rt_lib_init_lc_time_1                  0x08000373   Thumb Code     0  libinit2.o(.ARM.Collect$$libinit$$0000001B)
    __rt_lib_init_preinit_1                  0x08000373   Thumb Code     0  libinit2.o(.ARM.Collect$$libinit$$00000006)
    __rt_lib_init_rand_1                     0x08000373   Thumb Code     0  libinit2.o(.ARM.Collect$$libinit$$00000010)
    __rt_lib_init_relocate_pie_1             0x08000373   Thumb Code     0  libinit2.o(.ARM.Collect$$libinit$$00000004)
    __rt_lib_init_signal_1                   0x08000373   Thumb Code     0  libinit2.o(.ARM.Collect$$libinit$$0000001F)
    __rt_lib_init_stdio_1                    0x08000373   Thumb Code     0  libinit2.o(.ARM.Collect$$libinit$$00000027)
    __rt_lib_init_user_alloc_1               0x08000373   Thumb Code     0  libinit2.o(.ARM.Collect$$libinit$$0000000E)
    __rt_lib_init_cpp_1                      0x08000377   Thumb Code     0  libinit2.o(.ARM.Collect$$libinit$$00000034)
    __rt_lib_init_return                     0x08000377   Thumb Code     0  libinit2.o(.ARM.Collect$$libinit$$00000035)
    __rt_lib_shutdown                        0x08000379   Thumb Code     0  libshutdown.o(.ARM.Collect$$libshutdown$$00000000)
    __rt_lib_shutdown_cpp_1                  0x0800037b   Thumb Code     0  libshutdown2.o(.ARM.Collect$$libshutdown$$00000002)
    __rt_lib_shutdown_fp_trap_1              0x0800037b   Thumb Code     0  libshutdown2.o(.ARM.Collect$$libshutdown$$00000007)
    __rt_lib_shutdown_heap_1                 0x0800037b   Thumb Code     0  libshutdown2.o(.ARM.Collect$$libshutdown$$0000000F)
    __rt_lib_shutdown_return                 0x0800037b   Thumb Code     0  libshutdown2.o(.ARM.Collect$$libshutdown$$00000010)
    __rt_lib_shutdown_signal_1               0x0800037b   Thumb Code     0  libshutdown2.o(.ARM.Collect$$libshutdown$$0000000A)
    __rt_lib_shutdown_stdio_1                0x0800037b   Thumb Code     0  libshutdown2.o(.ARM.Collect$$libshutdown$$00000004)
    __rt_lib_shutdown_user_alloc_1           0x0800037b   Thumb Code     0  libshutdown2.o(.ARM.Collect$$libshutdown$$0000000C)
    __rt_entry                               0x0800037d   Thumb Code     0  __rtentry.o(.ARM.Collect$$rtentry$$00000000)
    __rt_entry_presh_1                       0x0800037d   Thumb Code     0  __rtentry2.o(.ARM.Collect$$rtentry$$00000002)
    __rt_entry_sh                            0x0800037d   Thumb Code     0  __rtentry4.o(.ARM.Collect$$rtentry$$00000004)
    __rt_entry_li                            0x08000383   Thumb Code     0  __rtentry2.o(.ARM.Collect$$rtentry$$0000000A)
    __rt_entry_postsh_1                      0x08000383   Thumb Code     0  __rtentry2.o(.ARM.Collect$$rtentry$$00000009)
    __rt_entry_main                          0x08000387   Thumb Code     0  __rtentry2.o(.ARM.Collect$$rtentry$$0000000D)
    __rt_entry_postli_1                      0x08000387   Thumb Code     0  __rtentry2.o(.ARM.Collect$$rtentry$$0000000C)
    __rt_exit                                0x0800038f   Thumb Code     0  rtexit.o(.ARM.Collect$$rtexit$$00000000)
    __rt_exit_ls                             0x08000391   Thumb Code     0  rtexit2.o(.ARM.Collect$$rtexit$$00000003)
    __rt_exit_prels_1                        0x08000391   Thumb Code     0  rtexit2.o(.ARM.Collect$$rtexit$$00000002)
    __rt_exit_exit                           0x08000395   Thumb Code     0  rtexit2.o(.ARM.Collect$$rtexit$$00000004)
    Reset_Handler                            0x0800039d   Thumb Code    12  startup_stm32h723xx.o(.text)
    ADC3_IRQHandler                          0x080003bb   Thumb Code     0  startup_stm32h723xx.o(.text)
    ADC_IRQHandler                           0x080003bb   Thumb Code     0  startup_stm32h723xx.o(.text)
    BDMA_Channel0_IRQHandler                 0x080003bb   Thumb Code     0  startup_stm32h723xx.o(.text)
    BDMA_Channel1_IRQHandler                 0x080003bb   Thumb Code     0  startup_stm32h723xx.o(.text)
    BDMA_Channel2_IRQHandler                 0x080003bb   Thumb Code     0  startup_stm32h723xx.o(.text)
    BDMA_Channel3_IRQHandler                 0x080003bb   Thumb Code     0  startup_stm32h723xx.o(.text)
    BDMA_Channel4_IRQHandler                 0x080003bb   Thumb Code     0  startup_stm32h723xx.o(.text)
    BDMA_Channel5_IRQHandler                 0x080003bb   Thumb Code     0  startup_stm32h723xx.o(.text)
    BDMA_Channel6_IRQHandler                 0x080003bb   Thumb Code     0  startup_stm32h723xx.o(.text)
    BDMA_Channel7_IRQHandler                 0x080003bb   Thumb Code     0  startup_stm32h723xx.o(.text)
    CEC_IRQHandler                           0x080003bb   Thumb Code     0  startup_stm32h723xx.o(.text)
    COMP1_IRQHandler                         0x080003bb   Thumb Code     0  startup_stm32h723xx.o(.text)
    CORDIC_IRQHandler                        0x080003bb   Thumb Code     0  startup_stm32h723xx.o(.text)
    CRS_IRQHandler                           0x080003bb   Thumb Code     0  startup_stm32h723xx.o(.text)
    DCMI_PSSI_IRQHandler                     0x080003bb   Thumb Code     0  startup_stm32h723xx.o(.text)
    DFSDM1_FLT0_IRQHandler                   0x080003bb   Thumb Code     0  startup_stm32h723xx.o(.text)
    DFSDM1_FLT1_IRQHandler                   0x080003bb   Thumb Code     0  startup_stm32h723xx.o(.text)
    DFSDM1_FLT2_IRQHandler                   0x080003bb   Thumb Code     0  startup_stm32h723xx.o(.text)
    DFSDM1_FLT3_IRQHandler                   0x080003bb   Thumb Code     0  startup_stm32h723xx.o(.text)
    DMA1_Stream0_IRQHandler                  0x080003bb   Thumb Code     0  startup_stm32h723xx.o(.text)
    DMA1_Stream1_IRQHandler                  0x080003bb   Thumb Code     0  startup_stm32h723xx.o(.text)
    DMA1_Stream2_IRQHandler                  0x080003bb   Thumb Code     0  startup_stm32h723xx.o(.text)
    DMA1_Stream3_IRQHandler                  0x080003bb   Thumb Code     0  startup_stm32h723xx.o(.text)
    DMA1_Stream4_IRQHandler                  0x080003bb   Thumb Code     0  startup_stm32h723xx.o(.text)
    DMA1_Stream5_IRQHandler                  0x080003bb   Thumb Code     0  startup_stm32h723xx.o(.text)
    DMA1_Stream6_IRQHandler                  0x080003bb   Thumb Code     0  startup_stm32h723xx.o(.text)
    DMA1_Stream7_IRQHandler                  0x080003bb   Thumb Code     0  startup_stm32h723xx.o(.text)
    DMA2D_IRQHandler                         0x080003bb   Thumb Code     0  startup_stm32h723xx.o(.text)
    DMA2_Stream0_IRQHandler                  0x080003bb   Thumb Code     0  startup_stm32h723xx.o(.text)
    DMA2_Stream1_IRQHandler                  0x080003bb   Thumb Code     0  startup_stm32h723xx.o(.text)
    DMA2_Stream2_IRQHandler                  0x080003bb   Thumb Code     0  startup_stm32h723xx.o(.text)
    DMA2_Stream3_IRQHandler                  0x080003bb   Thumb Code     0  startup_stm32h723xx.o(.text)
    DMA2_Stream4_IRQHandler                  0x080003bb   Thumb Code     0  startup_stm32h723xx.o(.text)
    DMA2_Stream5_IRQHandler                  0x080003bb   Thumb Code     0  startup_stm32h723xx.o(.text)
    DMA2_Stream6_IRQHandler                  0x080003bb   Thumb Code     0  startup_stm32h723xx.o(.text)
    DMA2_Stream7_IRQHandler                  0x080003bb   Thumb Code     0  startup_stm32h723xx.o(.text)
    DMAMUX1_OVR_IRQHandler                   0x080003bb   Thumb Code     0  startup_stm32h723xx.o(.text)
    DMAMUX2_OVR_IRQHandler                   0x080003bb   Thumb Code     0  startup_stm32h723xx.o(.text)
    DTS_IRQHandler                           0x080003bb   Thumb Code     0  startup_stm32h723xx.o(.text)
    ECC_IRQHandler                           0x080003bb   Thumb Code     0  startup_stm32h723xx.o(.text)
    ETH_IRQHandler                           0x080003bb   Thumb Code     0  startup_stm32h723xx.o(.text)
    ETH_WKUP_IRQHandler                      0x080003bb   Thumb Code     0  startup_stm32h723xx.o(.text)
    EXTI0_IRQHandler                         0x080003bb   Thumb Code     0  startup_stm32h723xx.o(.text)
    EXTI15_10_IRQHandler                     0x080003bb   Thumb Code     0  startup_stm32h723xx.o(.text)
    EXTI1_IRQHandler                         0x080003bb   Thumb Code     0  startup_stm32h723xx.o(.text)
    EXTI2_IRQHandler                         0x080003bb   Thumb Code     0  startup_stm32h723xx.o(.text)
    EXTI3_IRQHandler                         0x080003bb   Thumb Code     0  startup_stm32h723xx.o(.text)
    EXTI4_IRQHandler                         0x080003bb   Thumb Code     0  startup_stm32h723xx.o(.text)
    EXTI9_5_IRQHandler                       0x080003bb   Thumb Code     0  startup_stm32h723xx.o(.text)
    FDCAN1_IT0_IRQHandler                    0x080003bb   Thumb Code     0  startup_stm32h723xx.o(.text)
    FDCAN1_IT1_IRQHandler                    0x080003bb   Thumb Code     0  startup_stm32h723xx.o(.text)
    FDCAN2_IT0_IRQHandler                    0x080003bb   Thumb Code     0  startup_stm32h723xx.o(.text)
    FDCAN2_IT1_IRQHandler                    0x080003bb   Thumb Code     0  startup_stm32h723xx.o(.text)
    FDCAN3_IT0_IRQHandler                    0x080003bb   Thumb Code     0  startup_stm32h723xx.o(.text)
    FDCAN3_IT1_IRQHandler                    0x080003bb   Thumb Code     0  startup_stm32h723xx.o(.text)
    FDCAN_CAL_IRQHandler                     0x080003bb   Thumb Code     0  startup_stm32h723xx.o(.text)
    FLASH_IRQHandler                         0x080003bb   Thumb Code     0  startup_stm32h723xx.o(.text)
    FMAC_IRQHandler                          0x080003bb   Thumb Code     0  startup_stm32h723xx.o(.text)
    FMC_IRQHandler                           0x080003bb   Thumb Code     0  startup_stm32h723xx.o(.text)
    FPU_IRQHandler                           0x080003bb   Thumb Code     0  startup_stm32h723xx.o(.text)
    HSEM1_IRQHandler                         0x080003bb   Thumb Code     0  startup_stm32h723xx.o(.text)
    I2C1_ER_IRQHandler                       0x080003bb   Thumb Code     0  startup_stm32h723xx.o(.text)
    I2C1_EV_IRQHandler                       0x080003bb   Thumb Code     0  startup_stm32h723xx.o(.text)
    I2C2_ER_IRQHandler                       0x080003bb   Thumb Code     0  startup_stm32h723xx.o(.text)
    I2C2_EV_IRQHandler                       0x080003bb   Thumb Code     0  startup_stm32h723xx.o(.text)
    I2C3_ER_IRQHandler                       0x080003bb   Thumb Code     0  startup_stm32h723xx.o(.text)
    I2C3_EV_IRQHandler                       0x080003bb   Thumb Code     0  startup_stm32h723xx.o(.text)
    I2C4_ER_IRQHandler                       0x080003bb   Thumb Code     0  startup_stm32h723xx.o(.text)
    I2C4_EV_IRQHandler                       0x080003bb   Thumb Code     0  startup_stm32h723xx.o(.text)
    I2C5_ER_IRQHandler                       0x080003bb   Thumb Code     0  startup_stm32h723xx.o(.text)
    I2C5_EV_IRQHandler                       0x080003bb   Thumb Code     0  startup_stm32h723xx.o(.text)
    LPTIM1_IRQHandler                        0x080003bb   Thumb Code     0  startup_stm32h723xx.o(.text)
    LPTIM2_IRQHandler                        0x080003bb   Thumb Code     0  startup_stm32h723xx.o(.text)
    LPTIM3_IRQHandler                        0x080003bb   Thumb Code     0  startup_stm32h723xx.o(.text)
    LPTIM4_IRQHandler                        0x080003bb   Thumb Code     0  startup_stm32h723xx.o(.text)
    LPTIM5_IRQHandler                        0x080003bb   Thumb Code     0  startup_stm32h723xx.o(.text)
    LPUART1_IRQHandler                       0x080003bb   Thumb Code     0  startup_stm32h723xx.o(.text)
    LTDC_ER_IRQHandler                       0x080003bb   Thumb Code     0  startup_stm32h723xx.o(.text)
    LTDC_IRQHandler                          0x080003bb   Thumb Code     0  startup_stm32h723xx.o(.text)
    MDIOS_IRQHandler                         0x080003bb   Thumb Code     0  startup_stm32h723xx.o(.text)
    MDIOS_WKUP_IRQHandler                    0x080003bb   Thumb Code     0  startup_stm32h723xx.o(.text)
    MDMA_IRQHandler                          0x080003bb   Thumb Code     0  startup_stm32h723xx.o(.text)
    OCTOSPI1_IRQHandler                      0x080003bb   Thumb Code     0  startup_stm32h723xx.o(.text)
    OCTOSPI2_IRQHandler                      0x080003bb   Thumb Code     0  startup_stm32h723xx.o(.text)
    OTG_HS_EP1_IN_IRQHandler                 0x080003bb   Thumb Code     0  startup_stm32h723xx.o(.text)
    OTG_HS_EP1_OUT_IRQHandler                0x080003bb   Thumb Code     0  startup_stm32h723xx.o(.text)
    OTG_HS_IRQHandler                        0x080003bb   Thumb Code     0  startup_stm32h723xx.o(.text)
    OTG_HS_WKUP_IRQHandler                   0x080003bb   Thumb Code     0  startup_stm32h723xx.o(.text)
    PVD_AVD_IRQHandler                       0x080003bb   Thumb Code     0  startup_stm32h723xx.o(.text)
    RCC_IRQHandler                           0x080003bb   Thumb Code     0  startup_stm32h723xx.o(.text)
    RNG_IRQHandler                           0x080003bb   Thumb Code     0  startup_stm32h723xx.o(.text)
    RTC_Alarm_IRQHandler                     0x080003bb   Thumb Code     0  startup_stm32h723xx.o(.text)
    RTC_WKUP_IRQHandler                      0x080003bb   Thumb Code     0  startup_stm32h723xx.o(.text)
    SAI1_IRQHandler                          0x080003bb   Thumb Code     0  startup_stm32h723xx.o(.text)
    SAI4_IRQHandler                          0x080003bb   Thumb Code     0  startup_stm32h723xx.o(.text)
    SDMMC1_IRQHandler                        0x080003bb   Thumb Code     0  startup_stm32h723xx.o(.text)
    SDMMC2_IRQHandler                        0x080003bb   Thumb Code     0  startup_stm32h723xx.o(.text)
    SPDIF_RX_IRQHandler                      0x080003bb   Thumb Code     0  startup_stm32h723xx.o(.text)
    SPI1_IRQHandler                          0x080003bb   Thumb Code     0  startup_stm32h723xx.o(.text)
    SPI2_IRQHandler                          0x080003bb   Thumb Code     0  startup_stm32h723xx.o(.text)
    SPI3_IRQHandler                          0x080003bb   Thumb Code     0  startup_stm32h723xx.o(.text)
    SPI4_IRQHandler                          0x080003bb   Thumb Code     0  startup_stm32h723xx.o(.text)
    SPI5_IRQHandler                          0x080003bb   Thumb Code     0  startup_stm32h723xx.o(.text)
    SPI6_IRQHandler                          0x080003bb   Thumb Code     0  startup_stm32h723xx.o(.text)
    SWPMI1_IRQHandler                        0x080003bb   Thumb Code     0  startup_stm32h723xx.o(.text)
    TAMP_STAMP_IRQHandler                    0x080003bb   Thumb Code     0  startup_stm32h723xx.o(.text)
    TIM15_IRQHandler                         0x080003bb   Thumb Code     0  startup_stm32h723xx.o(.text)
    TIM16_IRQHandler                         0x080003bb   Thumb Code     0  startup_stm32h723xx.o(.text)
    TIM1_BRK_IRQHandler                      0x080003bb   Thumb Code     0  startup_stm32h723xx.o(.text)
    TIM1_CC_IRQHandler                       0x080003bb   Thumb Code     0  startup_stm32h723xx.o(.text)
    TIM1_TRG_COM_IRQHandler                  0x080003bb   Thumb Code     0  startup_stm32h723xx.o(.text)
    TIM1_UP_IRQHandler                       0x080003bb   Thumb Code     0  startup_stm32h723xx.o(.text)
    TIM23_IRQHandler                         0x080003bb   Thumb Code     0  startup_stm32h723xx.o(.text)
    TIM24_IRQHandler                         0x080003bb   Thumb Code     0  startup_stm32h723xx.o(.text)
    TIM2_IRQHandler                          0x080003bb   Thumb Code     0  startup_stm32h723xx.o(.text)
    TIM3_IRQHandler                          0x080003bb   Thumb Code     0  startup_stm32h723xx.o(.text)
    TIM4_IRQHandler                          0x080003bb   Thumb Code     0  startup_stm32h723xx.o(.text)
    TIM5_IRQHandler                          0x080003bb   Thumb Code     0  startup_stm32h723xx.o(.text)
    TIM6_DAC_IRQHandler                      0x080003bb   Thumb Code     0  startup_stm32h723xx.o(.text)
    TIM7_IRQHandler                          0x080003bb   Thumb Code     0  startup_stm32h723xx.o(.text)
    TIM8_BRK_TIM12_IRQHandler                0x080003bb   Thumb Code     0  startup_stm32h723xx.o(.text)
    TIM8_CC_IRQHandler                       0x080003bb   Thumb Code     0  startup_stm32h723xx.o(.text)
    TIM8_TRG_COM_TIM14_IRQHandler            0x080003bb   Thumb Code     0  startup_stm32h723xx.o(.text)
    TIM8_UP_TIM13_IRQHandler                 0x080003bb   Thumb Code     0  startup_stm32h723xx.o(.text)
    UART4_IRQHandler                         0x080003bb   Thumb Code     0  startup_stm32h723xx.o(.text)
    UART5_IRQHandler                         0x080003bb   Thumb Code     0  startup_stm32h723xx.o(.text)
    UART7_IRQHandler                         0x080003bb   Thumb Code     0  startup_stm32h723xx.o(.text)
    UART8_IRQHandler                         0x080003bb   Thumb Code     0  startup_stm32h723xx.o(.text)
    UART9_IRQHandler                         0x080003bb   Thumb Code     0  startup_stm32h723xx.o(.text)
    USART10_IRQHandler                       0x080003bb   Thumb Code     0  startup_stm32h723xx.o(.text)
    USART3_IRQHandler                        0x080003bb   Thumb Code     0  startup_stm32h723xx.o(.text)
    WAKEUP_PIN_IRQHandler                    0x080003bb   Thumb Code     0  startup_stm32h723xx.o(.text)
    WWDG_IRQHandler                          0x080003bb   Thumb Code     0  startup_stm32h723xx.o(.text)
    __user_initial_stackheap                 0x080003bd   Thumb Code     0  startup_stm32h723xx.o(.text)
    __aeabi_memcpy                           0x080003e5   Thumb Code     0  rt_memcpy_v6.o(.text)
    __rt_memcpy                              0x080003e5   Thumb Code   138  rt_memcpy_v6.o(.text)
    _memcpy_lastbytes                        0x0800044b   Thumb Code     0  rt_memcpy_v6.o(.text)
    __aeabi_memset4                          0x0800046f   Thumb Code    16  aeabi_memset4.o(.text)
    __aeabi_memset8                          0x0800046f   Thumb Code     0  aeabi_memset4.o(.text)
    __aeabi_memclr4                          0x0800047f   Thumb Code     0  rt_memclr_w.o(.text)
    __aeabi_memclr8                          0x0800047f   Thumb Code     0  rt_memclr_w.o(.text)
    __rt_memclr_w                            0x0800047f   Thumb Code     0  rt_memclr_w.o(.text)
    _memset_w                                0x08000483   Thumb Code    74  rt_memclr_w.o(.text)
    __use_two_region_memory                  0x080004cd   Thumb Code     2  heapauxi.o(.text)
    __rt_heap_escrow$2region                 0x080004cf   Thumb Code     2  heapauxi.o(.text)
    __rt_heap_expand$2region                 0x080004d1   Thumb Code     2  heapauxi.o(.text)
    __cpp_initialize__aeabi_                 0x080004d5   Thumb Code    36  init_aeabi.o(.text)
    abort                                    0x08000501   Thumb Code    22  abort.o(.text)
    __aeabi_memcpy4                          0x08000517   Thumb Code     0  rt_memcpy_w.o(.text)
    __aeabi_memcpy8                          0x08000517   Thumb Code     0  rt_memcpy_w.o(.text)
    __rt_memcpy_w                            0x08000517   Thumb Code   100  rt_memcpy_w.o(.text)
    _memcpy_lastbytes_aligned                0x0800055f   Thumb Code     0  rt_memcpy_w.o(.text)
    _sys_exit                                0x0800057d   Thumb Code     8  sys_exit.o(.text)
    __rt_SIGABRT                             0x08000589   Thumb Code    14  defsig_abrt_outer.o(.text)
    __I$use$semihosting                      0x08000597   Thumb Code     0  use_no_semi.o(.text)
    __use_no_semihosting_swi                 0x08000597   Thumb Code     2  use_no_semi.o(.text)
    __semihosting_library_function           0x08000599   Thumb Code     0  indicate_semi.o(.text)
    __user_setup_stackheap                   0x08000599   Thumb Code    74  sys_stackheap_outer.o(.text)
    exit                                     0x080005e3   Thumb Code    18  exit.o(.text)
    __sig_exit                               0x080005f5   Thumb Code    10  defsig_exit.o(.text)
    __rt_SIGABRT_inner                       0x08000601   Thumb Code    14  defsig_abrt_inner.o(.text)
    __user_libspace                          0x08000631   Thumb Code     8  libspace.o(.text)
    __user_perproc_libspace                  0x08000631   Thumb Code     0  libspace.o(.text)
    __user_perthread_libspace                0x08000631   Thumb Code     0  libspace.o(.text)
    __default_signal_display                 0x08000639   Thumb Code    50  defsig_general.o(.text)
    _ttywrch                                 0x0800066b   Thumb Code    14  sys_wrch.o(.text)
    BusFault_Handler                         0x08000679   Thumb Code     2  stm32h7xx_it.o(.text.BusFault_Handler)
    DebugMon_Handler                         0x0800067b   Thumb Code     2  stm32h7xx_it.o(.text.DebugMon_Handler)
    Error_Handler                            0x0800067d   Thumb Code    10  main.o(.text.Error_Handler)
    ExitRun0Mode                             0x08000689   Thumb Code    24  system_stm32h7xx.o(.text.ExitRun0Mode)
    HAL_GetTick                              0x080006a1   Thumb Code    12  stm32h7xx_hal.o(.text.HAL_GetTick)
    HAL_IncTick                              0x080006ad   Thumb Code    26  stm32h7xx_hal.o(.text.HAL_IncTick)
    HAL_Init                                 0x080006c7   Thumb Code    98  stm32h7xx_hal.o(.text.HAL_Init)
    HAL_InitTick                             0x08000729   Thumb Code   158  stm32h7xx_hal_timebase_tim.o(.text.HAL_InitTick)
    HAL_MPU_ConfigRegion                     0x080007c7   Thumb Code    94  stm32h7xx_hal_cortex.o(.text.HAL_MPU_ConfigRegion)
    HAL_MPU_Disable                          0x08000825   Thumb Code    26  stm32h7xx_hal_cortex.o(.text.HAL_MPU_Disable)
    HAL_MPU_Enable                           0x0800083f   Thumb Code    32  stm32h7xx_hal_cortex.o(.text.HAL_MPU_Enable)
    HAL_MspInit                              0x0800085f   Thumb Code    42  stm32h7xx_hal_msp.o(.text.HAL_MspInit)
    HAL_NVIC_EnableIRQ                       0x08000889   Thumb Code    32  stm32h7xx_hal_cortex.o(.text.HAL_NVIC_EnableIRQ)
    HAL_NVIC_SetPriority                     0x080008a9   Thumb Code    90  stm32h7xx_hal_cortex.o(.text.HAL_NVIC_SetPriority)
    HAL_NVIC_SetPriorityGrouping             0x08000903   Thumb Code    32  stm32h7xx_hal_cortex.o(.text.HAL_NVIC_SetPriorityGrouping)
    HAL_PWREx_ConfigSupply                   0x08000925   Thumb Code    72  stm32h7xx_hal_pwr_ex.o(.text.HAL_PWREx_ConfigSupply)
    HAL_RCCEx_PeriphCLKConfig                0x0800096d   Thumb Code  2298  stm32h7xx_hal_rcc_ex.o(.text.HAL_RCCEx_PeriphCLKConfig)
    HAL_RCC_ClockConfig                      0x08001269   Thumb Code   582  stm32h7xx_hal_rcc.o(.text.HAL_RCC_ClockConfig)
    HAL_RCC_GetClockConfig                   0x080014af   Thumb Code    88  stm32h7xx_hal_rcc.o(.text.HAL_RCC_GetClockConfig)
    HAL_RCC_GetHCLKFreq                      0x08001507   Thumb Code    76  stm32h7xx_hal_rcc.o(.text.HAL_RCC_GetHCLKFreq)
    HAL_RCC_GetPCLK2Freq                     0x08001553   Thumb Code    38  stm32h7xx_hal_rcc.o(.text.HAL_RCC_GetPCLK2Freq)
    HAL_RCC_GetSysClockFreq                  0x08001579   Thumb Code   256  stm32h7xx_hal_rcc.o(.text.HAL_RCC_GetSysClockFreq)
    HAL_RCC_OscConfig                        0x0800168d   Thumb Code  1276  stm32h7xx_hal_rcc.o(.text.HAL_RCC_OscConfig)
    HAL_TIMEx_Break2Callback                 0x08001b89   Thumb Code     2  stm32h7xx_hal_tim_ex.o(.text.HAL_TIMEx_Break2Callback)
    HAL_TIMEx_BreakCallback                  0x08001b8b   Thumb Code     2  stm32h7xx_hal_tim_ex.o(.text.HAL_TIMEx_BreakCallback)
    HAL_TIMEx_CommutCallback                 0x08001b8d   Thumb Code     2  stm32h7xx_hal_tim_ex.o(.text.HAL_TIMEx_CommutCallback)
    HAL_TIM_Base_Init                        0x08001b8f   Thumb Code    96  stm32h7xx_hal_tim.o(.text.HAL_TIM_Base_Init)
    HAL_TIM_Base_MspInit                     0x08001bef   Thumb Code     2  stm32h7xx_hal_tim.o(.text.HAL_TIM_Base_MspInit)
    HAL_TIM_Base_Start_IT                    0x08001bf1   Thumb Code   198  stm32h7xx_hal_tim.o(.text.HAL_TIM_Base_Start_IT)
    HAL_TIM_IC_CaptureCallback               0x08001cb7   Thumb Code     2  stm32h7xx_hal_tim.o(.text.HAL_TIM_IC_CaptureCallback)
    HAL_TIM_IRQHandler                       0x08001cb9   Thumb Code   352  stm32h7xx_hal_tim.o(.text.HAL_TIM_IRQHandler)
    HAL_TIM_OC_DelayElapsedCallback          0x08001e19   Thumb Code     2  stm32h7xx_hal_tim.o(.text.HAL_TIM_OC_DelayElapsedCallback)
    HAL_TIM_PWM_PulseFinishedCallback        0x08001e1b   Thumb Code     2  stm32h7xx_hal_tim.o(.text.HAL_TIM_PWM_PulseFinishedCallback)
    HAL_TIM_PeriodElapsedCallback            0x08001e1d   Thumb Code    20  main.o(.text.HAL_TIM_PeriodElapsedCallback)
    HAL_TIM_TriggerCallback                  0x08001e31   Thumb Code     2  stm32h7xx_hal_tim.o(.text.HAL_TIM_TriggerCallback)
    HardFault_Handler                        0x08001e35   Thumb Code     2  stm32h7xx_it.o(.text.HardFault_Handler)
    LL_GPIO_Init                             0x08001e39   Thumb Code   196  stm32h7xx_ll_gpio.o(.text.LL_GPIO_Init)
    LL_RCC_GetPLL1ClockFreq                  0x08001efd   Thumb Code   360  stm32h7xx_ll_rcc.o(.text.LL_RCC_GetPLL1ClockFreq)
    LL_RCC_GetPLL2ClockFreq                  0x0800206d   Thumb Code   360  stm32h7xx_ll_rcc.o(.text.LL_RCC_GetPLL2ClockFreq)
    LL_RCC_GetPLL3ClockFreq                  0x080021dd   Thumb Code   364  stm32h7xx_ll_rcc.o(.text.LL_RCC_GetPLL3ClockFreq)
    LL_RCC_GetUSARTClockFreq                 0x08002351   Thumb Code   402  stm32h7xx_ll_rcc.o(.text.LL_RCC_GetUSARTClockFreq)
    LL_USART_Init                            0x080024e5   Thumb Code   328  stm32h7xx_ll_usart.o(.text.LL_USART_Init)
    MX_FREERTOS_Init                         0x0800265d   Thumb Code    36  freertos.o(.text.MX_FREERTOS_Init)
    MX_GPIO_Init                             0x08002681   Thumb Code    86  gpio.o(.text.MX_GPIO_Init)
    MX_USART1_UART_Init                      0x080026d9   Thumb Code   328  usart.o(.text.MX_USART1_UART_Init)
    MX_USART2_UART_Init                      0x08002821   Thumb Code   320  usart.o(.text.MX_USART2_UART_Init)
    MX_USART6_UART_Init                      0x08002961   Thumb Code   328  usart.o(.text.MX_USART6_UART_Init)
    MemManage_Handler                        0x08002aa9   Thumb Code     2  stm32h7xx_it.o(.text.MemManage_Handler)
    NMI_Handler                              0x08002aad   Thumb Code     2  stm32h7xx_it.o(.text.NMI_Handler)
    PendSV_Handler                           0x08002ab1   Thumb Code   100  port.o(.text.PendSV_Handler)
    SVC_Handler                              0x08002d81   Thumb Code    36  port.o(.text.SVC_Handler)
    StartDefaultTask                         0x08002da5   Thumb Code     8  freertos.o(.text.StartDefaultTask)
    SysTick_Handler                          0x08002dad   Thumb Code    30  cmsis_os2.o(.text.SysTick_Handler)
    SystemClock_Config                       0x08002dcd   Thumb Code   166  main.o(.text.SystemClock_Config)
    SystemInit                               0x08002e73   Thumb Code   210  system_stm32h7xx.o(.text.SystemInit)
    TIM17_IRQHandler                         0x08002f45   Thumb Code    12  stm32h7xx_it.o(.text.TIM17_IRQHandler)
    TIM_Base_SetConfig                       0x08002f51   Thumb Code   338  stm32h7xx_hal_tim.o(.text.TIM_Base_SetConfig)
    USART1_IRQHandler                        0x080030a3   Thumb Code     4  stm32h7xx_it.o(.text.USART1_IRQHandler)
    USART2_IRQHandler                        0x080030a7   Thumb Code     4  stm32h7xx_it.o(.text.USART2_IRQHandler)
    USART6_IRQHandler                        0x080030ab   Thumb Code     4  stm32h7xx_it.o(.text.USART6_IRQHandler)
    UsageFault_Handler                       0x080030b1   Thumb Code     2  stm32h7xx_it.o(.text.UsageFault_Handler)
    main                                     0x0800312d   Thumb Code    78  main.o(.text.main)
    osDelay                                  0x0800317b   Thumb Code    28  cmsis_os2.o(.text.osDelay)
    osKernelInitialize                       0x08003197   Thumb Code    38  cmsis_os2.o(.text.osKernelInitialize)
    osKernelStart                            0x080031bd   Thumb Code    58  cmsis_os2.o(.text.osKernelStart)
    osThreadNew                              0x080031f7   Thumb Code   142  cmsis_os2.o(.text.osThreadNew)
    pvPortMalloc                             0x08003a65   Thumb Code   356  heap_4.o(.text.pvPortMalloc)
    pxPortInitialiseStack                    0x08003bc9   Thumb Code    44  port.o(.text.pxPortInitialiseStack)
    __cxa_guard_acquire                      0x08003bf5   Thumb Code    44  cxa_guard.cpp.o(.text.unlikely.__cxa_guard_acquire)
    __cxa_guard_release                      0x08003c21   Thumb Code     8  cxa_guard.cpp.o(.text.unlikely.__cxa_guard_release)
    abort_message                            0x08003c29   Thumb Code     6  abort_message.cpp.o(.text.unlikely.abort_message)
    usart1_irq_handler                       0x08003c31   Thumb Code   150  usart_api.o(.text.usart1_irq_handler)
    usart2_irq_handler                       0x08003cc9   Thumb Code   150  usart_api.o(.text.usart2_irq_handler)
    usart6_irq_handler                       0x08003d61   Thumb Code   150  usart_api.o(.text.usart6_irq_handler)
    uxListRemove                             0x08003df7   Thumb Code    34  list.o(.text.uxListRemove)
    vApplicationGetIdleTaskMemory            0x08003e19   Thumb Code    26  cmsis_os2.o(.text.vApplicationGetIdleTaskMemory)
    vApplicationGetTimerTaskMemory           0x08003e33   Thumb Code    28  cmsis_os2.o(.text.vApplicationGetTimerTaskMemory)
    vListInitialise                          0x08003e4f   Thumb Code    22  list.o(.text.vListInitialise)
    vListInitialiseItem                      0x08003e65   Thumb Code     6  list.o(.text.vListInitialiseItem)
    vListInsert                              0x08003e6d   Thumb Code    58  list.o(.text.vListInsert)
    vListInsertEnd                           0x08003ea7   Thumb Code    26  list.o(.text.vListInsertEnd)
    vPortEnterCritical                       0x08003ed5   Thumb Code    74  port.o(.text.vPortEnterCritical)
    vPortExitCritical                        0x08003f21   Thumb Code    46  port.o(.text.vPortExitCritical)
    vPortFree                                0x08003f51   Thumb Code   136  heap_4.o(.text.vPortFree)
    vPortSetupTimerInterrupt                 0x08003fd9   Thumb Code    52  port.o(.text.vPortSetupTimerInterrupt)
    vPortValidateInterruptPriority           0x0800400d   Thumb Code    98  port.o(.text.vPortValidateInterruptPriority)
    vQueueAddToRegistry                      0x08004071   Thumb Code    38  queue.o(.text.vQueueAddToRegistry)
    vQueueWaitForMessageRestricted           0x08004097   Thumb Code    70  queue.o(.text.vQueueWaitForMessageRestricted)
    vTaskDelay                               0x080040dd   Thumb Code    78  tasks.o(.text.vTaskDelay)
    vTaskInternalSetTimeOutState             0x0800412b   Thumb Code    26  tasks.o(.text.vTaskInternalSetTimeOutState)
    vTaskMissedYield                         0x08004145   Thumb Code    14  tasks.o(.text.vTaskMissedYield)
    vTaskPlaceOnEventList                    0x08004155   Thumb Code    54  tasks.o(.text.vTaskPlaceOnEventList)
    vTaskPlaceOnEventListRestricted          0x0800418d   Thumb Code    62  tasks.o(.text.vTaskPlaceOnEventListRestricted)
    vTaskStartScheduler                      0x080041cd   Thumb Code   156  tasks.o(.text.vTaskStartScheduler)
    vTaskSuspendAll                          0x08004271   Thumb Code    16  tasks.o(.text.vTaskSuspendAll)
    vTaskSwitchContext                       0x08004281   Thumb Code   142  tasks.o(.text.vTaskSwitchContext)
    xPortStartScheduler                      0x08004311   Thumb Code   298  port.o(.text.xPortStartScheduler)
    xPortSysTickHandler                      0x0800443b   Thumb Code    46  port.o(.text.xPortSysTickHandler)
    xQueueGenericCreateStatic                0x08004469   Thumb Code   166  queue.o(.text.xQueueGenericCreateStatic)
    xQueueGenericReset                       0x08004511   Thumb Code   132  queue.o(.text.xQueueGenericReset)
    xQueueGenericSend                        0x08004595   Thumb Code   422  queue.o(.text.xQueueGenericSend)
    xQueueGenericSendFromISR                 0x0800473d   Thumb Code   200  queue.o(.text.xQueueGenericSendFromISR)
    xQueueReceive                            0x08004805   Thumb Code   390  queue.o(.text.xQueueReceive)
    xTaskCheckForTimeOut                     0x0800498d   Thumb Code   136  tasks.o(.text.xTaskCheckForTimeOut)
    xTaskCreate                              0x08004a15   Thumb Code    90  tasks.o(.text.xTaskCreate)
    xTaskCreateStatic                        0x08004a71   Thumb Code   122  tasks.o(.text.xTaskCreateStatic)
    xTaskGetSchedulerState                   0x08004aeb   Thumb Code    36  tasks.o(.text.xTaskGetSchedulerState)
    xTaskGetTickCount                        0x08004b0f   Thumb Code    12  tasks.o(.text.xTaskGetTickCount)
    xTaskIncrementTick                       0x08004b1d   Thumb Code   360  tasks.o(.text.xTaskIncrementTick)
    xTaskPriorityDisinherit                  0x08004c85   Thumb Code   146  tasks.o(.text.xTaskPriorityDisinherit)
    xTaskRemoveFromEventList                 0x08004d19   Thumb Code   142  tasks.o(.text.xTaskRemoveFromEventList)
    xTaskResumeAll                           0x08004da9   Thumb Code   306  tasks.o(.text.xTaskResumeAll)
    xTimerCreateTimerTask                    0x08004edd   Thumb Code   108  timers.o(.text.xTimerCreateTimerTask)
    xTimerGenericCommand                     0x08004f51   Thumb Code    98  timers.o(.text.xTimerGenericCommand)
    _fp_init                                 0x08004fb3   Thumb Code    26  fpinit.o(x$fpl$fpinit)
    __fplib_config_fpu_vfp                   0x08004fcb   Thumb Code     0  fpinit.o(x$fpl$fpinit)
    __fplib_config_pureend_doubles           0x08004fcb   Thumb Code     0  fpinit.o(x$fpl$fpinit)
    D1CorePrescTable                         0x08004fcc   Data          16  system_stm32h7xx.o(.rodata.D1CorePrescTable)
    LL_RCC_PrescTable                        0x08004fdc   Data          16  stm32h7xx_ll_rcc.o(.rodata.LL_RCC_PrescTable)
    defaultTask_attributes                   0x08004fec   Data          36  freertos.o(.rodata.defaultTask_attributes)
    Region$$Table$$Base                      0x080050b0   Number         0  anon$$obj.o(Region$$Table)
    Region$$Table$$Limit                     0x080050e0   Number         0  anon$$obj.o(Region$$Table)
    SHT$$INIT_ARRAY$$Base                    0x080050e0   Number         0  usart_api.o(.init_array)
    SHT$$INIT_ARRAY$$Limit                   0x080050e4   Number         0  init_aeabi.o(.init_array)
    SystemCoreClock                          0x24000000   Data           4  system_stm32h7xx.o(.data.SystemCoreClock)
    SystemD2Clock                            0x24000004   Data           4  system_stm32h7xx.o(.data.SystemD2Clock)
    uwTickFreq                               0x24000008   Data           1  stm32h7xx_hal.o(.data.uwTickFreq)
    uwTickPrio                               0x2400000c   Data           4  stm32h7xx_hal.o(.data.uwTickPrio)
    __libspace_start                         0x24000018   Data          96  libspace.o(.bss)
    __temporary_stack_top$libspace           0x24000078   Data           0  libspace.o(.bss)
    guard variable for usart::initialized    0x2400007c   Data           4  usart_api.o(.bss._ZGVN5usart11initializedE)
    usart::initialized                       0x24000080   Data           1  usart_api.o(.bss._ZN5usart11initializedE)
    usart::RxBuf<(unsigned char)1>::data     0x24000084   Data          64  usart_api.o(.bss._ZN5usart5RxBufILh1EE4dataE)
    usart::RxBuf<(unsigned char)2>::data     0x240000c4   Data          64  usart_api.o(.bss._ZN5usart5RxBufILh2EE4dataE)
    usart::RxBuf<(unsigned char)6>::data     0x24000104   Data          64  usart_api.o(.bss._ZN5usart5RxBufILh6EE4dataE)
    usart::TxBuf<(unsigned char)1>::data     0x24000144   Data          64  usart_api.o(.bss._ZN5usart5TxBufILh1EE4dataE)
    usart::TxBuf<(unsigned char)1>::lock     0x24000184   Data           1  usart_api.o(.bss._ZN5usart5TxBufILh1EE4lockE)
    usart::TxBuf<(unsigned char)2>::data     0x24000188   Data          64  usart_api.o(.bss._ZN5usart5TxBufILh2EE4dataE)
    usart::TxBuf<(unsigned char)2>::lock     0x240001c8   Data           1  usart_api.o(.bss._ZN5usart5TxBufILh2EE4lockE)
    usart::TxBuf<(unsigned char)6>::data     0x240001cc   Data          64  usart_api.o(.bss._ZN5usart5TxBufILh6EE4dataE)
    usart::TxBuf<(unsigned char)6>::lock     0x2400020c   Data           1  usart_api.o(.bss._ZN5usart5TxBufILh6EE4lockE)
    usart::rx_head<(unsigned char)1>         0x24000210   Data           4  usart_api.o(.bss._ZN5usart7rx_headILh1EEE)
    usart::rx_head<(unsigned char)2>         0x24000214   Data           4  usart_api.o(.bss._ZN5usart7rx_headILh2EEE)
    usart::rx_head<(unsigned char)6>         0x24000218   Data           4  usart_api.o(.bss._ZN5usart7rx_headILh6EEE)
    usart::tx_tail<(unsigned char)1>         0x2400021c   Data           4  usart_api.o(.bss._ZN5usart7tx_tailILh1EEE)
    usart::tx_tail<(unsigned char)2>         0x24000220   Data           4  usart_api.o(.bss._ZN5usart7tx_tailILh2EEE)
    usart::tx_tail<(unsigned char)6>         0x24000224   Data           4  usart_api.o(.bss._ZN5usart7tx_tailILh6EEE)
    usart::tx_count<(unsigned char)1>        0x24000228   Data           4  usart_api.o(.bss._ZN5usart8tx_countILh1EEE)
    usart::tx_count<(unsigned char)2>        0x2400022c   Data           4  usart_api.o(.bss._ZN5usart8tx_countILh2EEE)
    usart::tx_count<(unsigned char)6>        0x24000230   Data           4  usart_api.o(.bss._ZN5usart8tx_countILh6EEE)
    defaultTaskHandle                        0x24000234   Data           4  freertos.o(.bss.defaultTaskHandle)
    htim17                                   0x24000238   Data          76  stm32h7xx_hal_timebase_tim.o(.bss.htim17)
    pxCurrentTCB                             0x24000378   Data           4  tasks.o(.bss.pxCurrentTCB)
    uwTick                                   0x240007f8   Data           4  stm32h7xx_hal.o(.bss.uwTick)
    xQueueRegistry                           0x24000f50   Data          64  queue.o(.bss.xQueueRegistry)



==============================================================================

Memory Map of the image

  Image Entry point : 0x080002cd

  Load Region LR_IROM1 (Base: 0x08000000, Size: 0x00005100, Max: 0x00100000, ABSOLUTE)

    Execution Region ER_IROM1 (Base: 0x08000000, Size: 0x000050e4, Max: 0x00100000, ABSOLUTE)

    Base Addr    Size         Type   Attr      Idx    E Section Name        Object

    0x08000000   0x000002cc   Data   RO         1436    RESET               startup_stm32h723xx.o
    0x080002cc   0x00000008   Code   RO         2178  * !!!main             c_w.l(__main.o)
    0x080002d4   0x0000005c   Code   RO         2490    !!!scatter          c_w.l(__scatter.o)
    0x08000330   0x0000001a   Code   RO         2494    !!handler_copy      c_w.l(__scatter_copy.o)
    0x0800034a   0x00000002   PAD
    0x0800034c   0x00000002   Code   RO         2491    !!handler_null      c_w.l(__scatter.o)
    0x0800034e   0x00000002   PAD
    0x08000350   0x0000001c   Code   RO         2496    !!handler_zi        c_w.l(__scatter_zi.o)
    0x0800036c   0x00000002   Code   RO         2420    .ARM.Collect$$libinit$$00000000  c_w.l(libinit.o)
    0x0800036e   0x00000004   Code   RO         2240    .ARM.Collect$$libinit$$00000001  c_w.l(libinit2.o)
    0x08000372   0x00000000   Code   RO         2243    .ARM.Collect$$libinit$$00000004  c_w.l(libinit2.o)
    0x08000372   0x00000000   Code   RO         2245    .ARM.Collect$$libinit$$00000006  c_w.l(libinit2.o)
    0x08000372   0x00000000   Code   RO         2248    .ARM.Collect$$libinit$$0000000C  c_w.l(libinit2.o)
    0x08000372   0x00000000   Code   RO         2250    .ARM.Collect$$libinit$$0000000E  c_w.l(libinit2.o)
    0x08000372   0x00000000   Code   RO         2252    .ARM.Collect$$libinit$$00000010  c_w.l(libinit2.o)
    0x08000372   0x00000000   Code   RO         2255    .ARM.Collect$$libinit$$00000013  c_w.l(libinit2.o)
    0x08000372   0x00000000   Code   RO         2257    .ARM.Collect$$libinit$$00000015  c_w.l(libinit2.o)
    0x08000372   0x00000000   Code   RO         2259    .ARM.Collect$$libinit$$00000017  c_w.l(libinit2.o)
    0x08000372   0x00000000   Code   RO         2261    .ARM.Collect$$libinit$$00000019  c_w.l(libinit2.o)
    0x08000372   0x00000000   Code   RO         2263    .ARM.Collect$$libinit$$0000001B  c_w.l(libinit2.o)
    0x08000372   0x00000000   Code   RO         2265    .ARM.Collect$$libinit$$0000001D  c_w.l(libinit2.o)
    0x08000372   0x00000000   Code   RO         2267    .ARM.Collect$$libinit$$0000001F  c_w.l(libinit2.o)
    0x08000372   0x00000000   Code   RO         2269    .ARM.Collect$$libinit$$00000021  c_w.l(libinit2.o)
    0x08000372   0x00000000   Code   RO         2271    .ARM.Collect$$libinit$$00000023  c_w.l(libinit2.o)
    0x08000372   0x00000000   Code   RO         2273    .ARM.Collect$$libinit$$00000025  c_w.l(libinit2.o)
    0x08000372   0x00000000   Code   RO         2275    .ARM.Collect$$libinit$$00000027  c_w.l(libinit2.o)
    0x08000372   0x00000000   Code   RO         2279    .ARM.Collect$$libinit$$0000002E  c_w.l(libinit2.o)
    0x08000372   0x00000000   Code   RO         2281    .ARM.Collect$$libinit$$00000030  c_w.l(libinit2.o)
    0x08000372   0x00000000   Code   RO         2283    .ARM.Collect$$libinit$$00000032  c_w.l(libinit2.o)
    0x08000372   0x00000004   Code   RO         2284    .ARM.Collect$$libinit$$00000033  c_w.l(libinit2.o)
    0x08000376   0x00000000   Code   RO         2285    .ARM.Collect$$libinit$$00000034  c_w.l(libinit2.o)
    0x08000376   0x00000002   Code   RO         2286    .ARM.Collect$$libinit$$00000035  c_w.l(libinit2.o)
    0x08000378   0x00000002   Code   RO         2471    .ARM.Collect$$libshutdown$$00000000  c_w.l(libshutdown.o)
    0x0800037a   0x00000000   Code   RO         2473    .ARM.Collect$$libshutdown$$00000002  c_w.l(libshutdown2.o)
    0x0800037a   0x00000000   Code   RO         2475    .ARM.Collect$$libshutdown$$00000004  c_w.l(libshutdown2.o)
    0x0800037a   0x00000000   Code   RO         2478    .ARM.Collect$$libshutdown$$00000007  c_w.l(libshutdown2.o)
    0x0800037a   0x00000000   Code   RO         2481    .ARM.Collect$$libshutdown$$0000000A  c_w.l(libshutdown2.o)
    0x0800037a   0x00000000   Code   RO         2483    .ARM.Collect$$libshutdown$$0000000C  c_w.l(libshutdown2.o)
    0x0800037a   0x00000000   Code   RO         2486    .ARM.Collect$$libshutdown$$0000000F  c_w.l(libshutdown2.o)
    0x0800037a   0x00000002   Code   RO         2487    .ARM.Collect$$libshutdown$$00000010  c_w.l(libshutdown2.o)
    0x0800037c   0x00000000   Code   RO         2235    .ARM.Collect$$rtentry$$00000000  c_w.l(__rtentry.o)
    0x0800037c   0x00000000   Code   RO         2375    .ARM.Collect$$rtentry$$00000002  c_w.l(__rtentry2.o)
    0x0800037c   0x00000006   Code   RO         2387    .ARM.Collect$$rtentry$$00000004  c_w.l(__rtentry4.o)
    0x08000382   0x00000000   Code   RO         2377    .ARM.Collect$$rtentry$$00000009  c_w.l(__rtentry2.o)
    0x08000382   0x00000004   Code   RO         2378    .ARM.Collect$$rtentry$$0000000A  c_w.l(__rtentry2.o)
    0x08000386   0x00000000   Code   RO         2380    .ARM.Collect$$rtentry$$0000000C  c_w.l(__rtentry2.o)
    0x08000386   0x00000008   Code   RO         2381    .ARM.Collect$$rtentry$$0000000D  c_w.l(__rtentry2.o)
    0x0800038e   0x00000002   Code   RO         2428    .ARM.Collect$$rtexit$$00000000  c_w.l(rtexit.o)
    0x08000390   0x00000000   Code   RO         2445    .ARM.Collect$$rtexit$$00000002  c_w.l(rtexit2.o)
    0x08000390   0x00000004   Code   RO         2446    .ARM.Collect$$rtexit$$00000003  c_w.l(rtexit2.o)
    0x08000394   0x00000006   Code   RO         2447    .ARM.Collect$$rtexit$$00000004  c_w.l(rtexit2.o)
    0x0800039a   0x00000002   PAD
    0x0800039c   0x00000048   Code   RO         1437    .text               startup_stm32h723xx.o
    0x080003e4   0x0000008a   Code   RO         2166    .text               c_w.l(rt_memcpy_v6.o)
    0x0800046e   0x00000010   Code   RO         2170    .text               c_w.l(aeabi_memset4.o)
    0x0800047e   0x0000004e   Code   RO         2174    .text               c_w.l(rt_memclr_w.o)
    0x080004cc   0x00000006   Code   RO         2176    .text               c_w.l(heapauxi.o)
    0x080004d2   0x00000002   PAD
    0x080004d4   0x0000002c   Code   RO         2183    .text               c_w.l(init_aeabi.o)
    0x08000500   0x00000016   Code   RO         2236    .text               c_w.l(abort.o)
    0x08000516   0x00000064   Code   RO         2238    .text               c_w.l(rt_memcpy_w.o)
    0x0800057a   0x00000002   PAD
    0x0800057c   0x0000000c   Code   RO         2370    .text               c_w.l(sys_exit.o)
    0x08000588   0x0000000e   Code   RO         2389    .text               c_w.l(defsig_abrt_outer.o)
    0x08000596   0x00000002   Code   RO         2398    .text               c_w.l(use_no_semi.o)
    0x08000598   0x00000000   Code   RO         2400    .text               c_w.l(indicate_semi.o)
    0x08000598   0x0000004a   Code   RO         2401    .text               c_w.l(sys_stackheap_outer.o)
    0x080005e2   0x00000012   Code   RO         2405    .text               c_w.l(exit.o)
    0x080005f4   0x0000000a   Code   RO         2407    .text               c_w.l(defsig_exit.o)
    0x080005fe   0x00000002   PAD
    0x08000600   0x00000030   Code   RO         2409    .text               c_w.l(defsig_abrt_inner.o)
    0x08000630   0x00000008   Code   RO         2425    .text               c_w.l(libspace.o)
    0x08000638   0x00000032   Code   RO         2434    .text               c_w.l(defsig_general.o)
    0x0800066a   0x0000000e   Code   RO         2440    .text               c_w.l(sys_wrch.o)
    0x08000678   0x00000002   Code   RO           72    .text.BusFault_Handler  stm32h7xx_it.o
    0x0800067a   0x00000002   Code   RO           76    .text.DebugMon_Handler  stm32h7xx_it.o
    0x0800067c   0x0000000a   Code   RO           28    .text.Error_Handler  main.o
    0x08000686   0x00000002   PAD
    0x08000688   0x00000018   Code   RO           97    .text.ExitRun0Mode  system_stm32h7xx.o
    0x080006a0   0x0000000c   Code   RO          136    .text.HAL_GetTick   stm32h7xx_hal.o
    0x080006ac   0x0000001a   Code   RO          134    .text.HAL_IncTick   stm32h7xx_hal.o
    0x080006c6   0x00000062   Code   RO          124    .text.HAL_Init      stm32h7xx_hal.o
    0x08000728   0x0000009e   Code   RO           51    .text.HAL_InitTick  stm32h7xx_hal_timebase_tim.o
    0x080007c6   0x0000005e   Code   RO          265    .text.HAL_MPU_ConfigRegion  stm32h7xx_hal_cortex.o
    0x08000824   0x0000001a   Code   RO          257    .text.HAL_MPU_Disable  stm32h7xx_hal_cortex.o
    0x0800083e   0x00000020   Code   RO          259    .text.HAL_MPU_Enable  stm32h7xx_hal_cortex.o
    0x0800085e   0x0000002a   Code   RO           42    .text.HAL_MspInit   stm32h7xx_hal_msp.o
    0x08000888   0x00000020   Code   RO          247    .text.HAL_NVIC_EnableIRQ  stm32h7xx_hal_cortex.o
    0x080008a8   0x0000005a   Code   RO          245    .text.HAL_NVIC_SetPriority  stm32h7xx_hal_cortex.o
    0x08000902   0x00000020   Code   RO          243    .text.HAL_NVIC_SetPriorityGrouping  stm32h7xx_hal_cortex.o
    0x08000922   0x00000002   PAD
    0x08000924   0x00000048   Code   RO          768    .text.HAL_PWREx_ConfigSupply  stm32h7xx_hal_pwr_ex.o
    0x0800096c   0x000008fa   Code   RO          888    .text.HAL_RCCEx_PeriphCLKConfig  stm32h7xx_hal_rcc_ex.o
    0x08001266   0x00000002   PAD
    0x08001268   0x00000246   Code   RO          856    .text.HAL_RCC_ClockConfig  stm32h7xx_hal_rcc.o
    0x080014ae   0x00000058   Code   RO          874    .text.HAL_RCC_GetClockConfig  stm32h7xx_hal_rcc.o
    0x08001506   0x0000004c   Code   RO          866    .text.HAL_RCC_GetHCLKFreq  stm32h7xx_hal_rcc.o
    0x08001552   0x00000026   Code   RO          870    .text.HAL_RCC_GetPCLK2Freq  stm32h7xx_hal_rcc.o
    0x08001578   0x00000114   Code   RO          858    .text.HAL_RCC_GetSysClockFreq  stm32h7xx_hal_rcc.o
    0x0800168c   0x000004fc   Code   RO          854    .text.HAL_RCC_OscConfig  stm32h7xx_hal_rcc.o
    0x08001b88   0x00000002   Code   RO         1279    .text.HAL_TIMEx_Break2Callback  stm32h7xx_hal_tim_ex.o
    0x08001b8a   0x00000002   Code   RO         1277    .text.HAL_TIMEx_BreakCallback  stm32h7xx_hal_tim_ex.o
    0x08001b8c   0x00000002   Code   RO         1273    .text.HAL_TIMEx_CommutCallback  stm32h7xx_hal_tim_ex.o
    0x08001b8e   0x00000060   Code   RO          952    .text.HAL_TIM_Base_Init  stm32h7xx_hal_tim.o
    0x08001bee   0x00000002   Code   RO          954    .text.HAL_TIM_Base_MspInit  stm32h7xx_hal_tim.o
    0x08001bf0   0x000000c6   Code   RO          966    .text.HAL_TIM_Base_Start_IT  stm32h7xx_hal_tim.o
    0x08001cb6   0x00000002   Code   RO         1088    .text.HAL_TIM_IC_CaptureCallback  stm32h7xx_hal_tim.o
    0x08001cb8   0x00000160   Code   RO         1086    .text.HAL_TIM_IRQHandler  stm32h7xx_hal_tim.o
    0x08001e18   0x00000002   Code   RO         1090    .text.HAL_TIM_OC_DelayElapsedCallback  stm32h7xx_hal_tim.o
    0x08001e1a   0x00000002   Code   RO         1092    .text.HAL_TIM_PWM_PulseFinishedCallback  stm32h7xx_hal_tim.o
    0x08001e1c   0x00000014   Code   RO           30    .text.HAL_TIM_PeriodElapsedCallback  main.o
    0x08001e30   0x00000002   Code   RO         1096    .text.HAL_TIM_TriggerCallback  stm32h7xx_hal_tim.o
    0x08001e32   0x00000002   PAD
    0x08001e34   0x00000002   Code   RO           68    .text.HardFault_Handler  stm32h7xx_it.o
    0x08001e36   0x00000002   PAD
    0x08001e38   0x000000c4   Code   RO         1324    .text.LL_GPIO_Init  stm32h7xx_ll_gpio.o
    0x08001efc   0x00000170   Code   RO         1342    .text.LL_RCC_GetPLL1ClockFreq  stm32h7xx_ll_rcc.o
    0x0800206c   0x00000170   Code   RO         1346    .text.LL_RCC_GetPLL2ClockFreq  stm32h7xx_ll_rcc.o
    0x080021dc   0x00000174   Code   RO         1348    .text.LL_RCC_GetPLL3ClockFreq  stm32h7xx_ll_rcc.o
    0x08002350   0x00000192   Code   RO         1350    .text.LL_RCC_GetUSARTClockFreq  stm32h7xx_ll_rcc.o
    0x080024e2   0x00000002   PAD
    0x080024e4   0x00000178   Code   RO         1397    .text.LL_USART_Init  stm32h7xx_ll_usart.o
    0x0800265c   0x00000024   Code   RO            2    .text.MX_FREERTOS_Init  freertos.o
    0x08002680   0x00000056   Code   RO           16    .text.MX_GPIO_Init  gpio.o
    0x080026d6   0x00000002   PAD
    0x080026d8   0x00000148   Code   RO          110    .text.MX_USART1_UART_Init  usart.o
    0x08002820   0x00000140   Code   RO          112    .text.MX_USART2_UART_Init  usart.o
    0x08002960   0x00000148   Code   RO          114    .text.MX_USART6_UART_Init  usart.o
    0x08002aa8   0x00000002   Code   RO           70    .text.MemManage_Handler  stm32h7xx_it.o
    0x08002aaa   0x00000002   PAD
    0x08002aac   0x00000002   Code   RO           66    .text.NMI_Handler   stm32h7xx_it.o
    0x08002aae   0x00000002   PAD
    0x08002ab0   0x00000064   Code   RO         1712    .text.PendSV_Handler  port.o
    0x08002b14   0x00000106   Code   RO          890    .text.RCCEx_PLL2_Config  stm32h7xx_hal_rcc_ex.o
    0x08002c1a   0x00000002   PAD
    0x08002c1c   0x00000106   Code   RO          892    .text.RCCEx_PLL3_Config  stm32h7xx_hal_rcc_ex.o
    0x08002d22   0x00000002   PAD
    0x08002d24   0x00000056   Code   RO         1340    .text.RCC_GetSystemClockFreq  stm32h7xx_ll_rcc.o
    0x08002d7a   0x00000006   PAD
    0x08002d80   0x00000024   Code   RO         1696    .text.SVC_Handler   port.o
    0x08002da4   0x00000008   Code   RO            4    .text.StartDefaultTask  freertos.o
    0x08002dac   0x0000001e   Code   RO         1444    .text.SysTick_Handler  cmsis_os2.o
    0x08002dca   0x00000002   PAD
    0x08002dcc   0x000000a6   Code   RO           26    .text.SystemClock_Config  main.o
    0x08002e72   0x000000d2   Code   RO           93    .text.SystemInit    system_stm32h7xx.o
    0x08002f44   0x0000000c   Code   RO           84    .text.TIM17_IRQHandler  stm32h7xx_it.o
    0x08002f50   0x00000152   Code   RO          956    .text.TIM_Base_SetConfig  stm32h7xx_hal_tim.o
    0x080030a2   0x00000004   Code   RO           78    .text.USART1_IRQHandler  stm32h7xx_it.o
    0x080030a6   0x00000004   Code   RO           80    .text.USART2_IRQHandler  stm32h7xx_it.o
    0x080030aa   0x00000004   Code   RO           82    .text.USART6_IRQHandler  stm32h7xx_it.o
    0x080030ae   0x00000002   PAD
    0x080030b0   0x00000002   Code   RO           74    .text.UsageFault_Handler  stm32h7xx_it.o
    0x080030b2   0x0000007a   Code   RO         2093    .text.__cxx_global_var_init  usart_api.o
    0x0800312c   0x0000004e   Code   RO           24    .text.main          main.o
    0x0800317a   0x0000001c   Code   RO         1504    .text.osDelay       cmsis_os2.o
    0x08003196   0x00000026   Code   RO         1446    .text.osKernelInitialize  cmsis_os2.o
    0x080031bc   0x0000003a   Code   RO         1452    .text.osKernelStart  cmsis_os2.o
    0x080031f6   0x0000008e   Code   RO         1468    .text.osThreadNew   cmsis_os2.o
    0x08003284   0x00000084   Code   RO         1876    .text.prvAddCurrentTaskToDelayedList  tasks.o
    0x08003308   0x00000118   Code   RO         1864    .text.prvAddNewTaskToReadyList  tasks.o
    0x08003420   0x0000007c   Code   RO         2005    .text.prvCheckForValidListAndQueue  timers.o
    0x0800349c   0x00000078   Code   RO         1755    .text.prvCopyDataToQueue  queue.o
    0x08003514   0x00000036   Code   RO         1870    .text.prvDeleteTCB  tasks.o
    0x0800354a   0x00000002   PAD
    0x0800354c   0x0000006c   Code   RO         1900    .text.prvIdleTask   tasks.o
    0x080035b8   0x00000094   Code   RO         1862    .text.prvInitialiseNewTask  tasks.o
    0x0800364c   0x00000058   Code   RO         1664    .text.prvInsertBlockIntoFreeList  heap_4.o
    0x080036a4   0x00000040   Code   RO         2045    .text.prvInsertTimerInActiveList  timers.o
    0x080036e4   0x00000028   Code   RO         1704    .text.prvPortStartFirstTask  port.o
    0x0800370c   0x000000b6   Code   RO         2043    .text.prvSampleTimeNow  timers.o
    0x080037c2   0x00000002   PAD
    0x080037c4   0x00000032   Code   RO         1694    .text.prvTaskExitError  port.o
    0x080037f6   0x00000002   PAD
    0x080037f8   0x000001f6   Code   RO         2007    .text.prvTimerTask  timers.o
    0x080039ee   0x00000002   PAD
    0x080039f0   0x00000072   Code   RO         1757    .text.prvUnlockQueue  queue.o
    0x08003a62   0x00000002   PAD
    0x08003a64   0x00000164   Code   RO         1662    .text.pvPortMalloc  heap_4.o
    0x08003bc8   0x0000002c   Code   RO         1692    .text.pxPortInitialiseStack  port.o
    0x08003bf4   0x0000002c   Code   RO         2187    .text.unlikely.__cxa_guard_acquire  libcppabi_wx.l(cxa_guard.cpp.o)
    0x08003c20   0x00000008   Code   RO         2189    .text.unlikely.__cxa_guard_release  libcppabi_wx.l(cxa_guard.cpp.o)
    0x08003c28   0x00000006   Code   RO         2292    .text.unlikely.abort_message  libcppabi_wx.l(abort_message.cpp.o)
    0x08003c2e   0x00000002   PAD
    0x08003c30   0x00000096   Code   RO         2066    .text.usart1_irq_handler  usart_api.o
    0x08003cc6   0x00000002   PAD
    0x08003cc8   0x00000096   Code   RO         2068    .text.usart2_irq_handler  usart_api.o
    0x08003d5e   0x00000002   PAD
    0x08003d60   0x00000096   Code   RO         2076    .text.usart6_irq_handler  usart_api.o
    0x08003df6   0x00000022   Code   RO         1652    .text.uxListRemove  list.o
    0x08003e18   0x0000001a   Code   RO         1590    .text.vApplicationGetIdleTaskMemory  cmsis_os2.o
    0x08003e32   0x0000001c   Code   RO         1592    .text.vApplicationGetTimerTaskMemory  cmsis_os2.o
    0x08003e4e   0x00000016   Code   RO         1644    .text.vListInitialise  list.o
    0x08003e64   0x00000006   Code   RO         1646    .text.vListInitialiseItem  list.o
    0x08003e6a   0x00000002   PAD
    0x08003e6c   0x0000003a   Code   RO         1650    .text.vListInsert   list.o
    0x08003ea6   0x0000001a   Code   RO         1648    .text.vListInsertEnd  list.o
    0x08003ec0   0x00000014   Code   RO         1702    .text.vPortEnableVFP  port.o
    0x08003ed4   0x0000004a   Code   RO         1708    .text.vPortEnterCritical  port.o
    0x08003f1e   0x00000002   PAD
    0x08003f20   0x0000002e   Code   RO         1710    .text.vPortExitCritical  port.o
    0x08003f4e   0x00000002   PAD
    0x08003f50   0x00000088   Code   RO         1666    .text.vPortFree     heap_4.o
    0x08003fd8   0x00000034   Code   RO         1700    .text.vPortSetupTimerInterrupt  port.o
    0x0800400c   0x00000062   Code   RO         1716    .text.vPortValidateInterruptPriority  port.o
    0x0800406e   0x00000002   PAD
    0x08004070   0x00000026   Code   RO         1791    .text.vQueueAddToRegistry  queue.o
    0x08004096   0x00000046   Code   RO         1795    .text.vQueueWaitForMessageRestricted  queue.o
    0x080040dc   0x0000004e   Code   RO         1880    .text.vTaskDelay    tasks.o
    0x0800412a   0x0000001a   Code   RO         1932    .text.vTaskInternalSetTimeOutState  tasks.o
    0x08004144   0x0000000e   Code   RO         1936    .text.vTaskMissedYield  tasks.o
    0x08004152   0x00000002   PAD
    0x08004154   0x00000036   Code   RO         1920    .text.vTaskPlaceOnEventList  tasks.o
    0x0800418a   0x00000002   PAD
    0x0800418c   0x0000003e   Code   RO         1924    .text.vTaskPlaceOnEventListRestricted  tasks.o
    0x080041ca   0x00000002   PAD
    0x080041cc   0x000000a4   Code   RO         1898    .text.vTaskStartScheduler  tasks.o
    0x08004270   0x00000010   Code   RO         1874    .text.vTaskSuspendAll  tasks.o
    0x08004280   0x0000008e   Code   RO         1892    .text.vTaskSwitchContext  tasks.o
    0x0800430e   0x00000002   PAD
    0x08004310   0x0000012a   Code   RO         1698    .text.xPortStartScheduler  port.o
    0x0800443a   0x0000002e   Code   RO         1714    .text.xPortSysTickHandler  port.o
    0x08004468   0x000000a6   Code   RO         1731    .text.xQueueGenericCreateStatic  queue.o
    0x0800450e   0x00000002   PAD
    0x08004510   0x00000084   Code   RO         1729    .text.xQueueGenericReset  queue.o
    0x08004594   0x000001a6   Code   RO         1745    .text.xQueueGenericSend  queue.o
    0x0800473a   0x00000002   PAD
    0x0800473c   0x000000c8   Code   RO         1759    .text.xQueueGenericSendFromISR  queue.o
    0x08004804   0x00000186   Code   RO         1763    .text.xQueueReceive  queue.o
    0x0800498a   0x00000002   PAD
    0x0800498c   0x00000088   Code   RO         1934    .text.xTaskCheckForTimeOut  tasks.o
    0x08004a14   0x0000005a   Code   RO         1866    .text.xTaskCreate   tasks.o
    0x08004a6e   0x00000002   PAD
    0x08004a70   0x0000007a   Code   RO         1860    .text.xTaskCreateStatic  tasks.o
    0x08004aea   0x00000024   Code   RO         1948    .text.xTaskGetSchedulerState  tasks.o
    0x08004b0e   0x0000000c   Code   RO         1906    .text.xTaskGetTickCount  tasks.o
    0x08004b1a   0x00000002   PAD
    0x08004b1c   0x00000168   Code   RO         1904    .text.xTaskIncrementTick  tasks.o
    0x08004c84   0x00000092   Code   RO         1952    .text.xTaskPriorityDisinherit  tasks.o
    0x08004d16   0x00000002   PAD
    0x08004d18   0x0000008e   Code   RO         1926    .text.xTaskRemoveFromEventList  tasks.o
    0x08004da6   0x00000002   PAD
    0x08004da8   0x00000132   Code   RO         1878    .text.xTaskResumeAll  tasks.o
    0x08004eda   0x00000002   PAD
    0x08004edc   0x00000074   Code   RO         2003    .text.xTimerCreateTimerTask  timers.o
    0x08004f50   0x00000062   Code   RO         2015    .text.xTimerGenericCommand  timers.o
    0x08004fb2   0x0000001a   Code   RO         2395    x$fpl$fpinit        fz_wv.l(fpinit.o)
    0x08004fcc   0x00000010   Data   RO          101    .rodata.D1CorePrescTable  system_stm32h7xx.o
    0x08004fdc   0x00000010   Data   RO         1386    .rodata.LL_RCC_PrescTable  stm32h7xx_ll_rcc.o
    0x08004fec   0x00000024   Data   RO            7    .rodata.defaultTask_attributes  freertos.o
    0x08005010   0x0000000c   Data   RO            6    .rodata.str1.1      freertos.o
    0x0800501c   0x00000093   Data   RO         2193    .rodata.str1.1      libcppabi_wx.l(cxa_guard.cpp.o)
    0x080050af   0x00000001   PAD
    0x080050b0   0x00000030   Data   RO         2489    Region$$Table       anon$$obj.o
    0x080050e0   0x00000004   Data   RO         2097    .init_array         usart_api.o
    0x080050e4   0x00000000   Data   RO         2181    .init_array         c_w.l(init_aeabi.o)


    Execution Region RW_IRAM1 (Base: 0x20000000, Size: 0x00003c00, Max: 0x00020000, ABSOLUTE)

    Base Addr    Size         Type   Attr      Idx    E Section Name        Object

    0x20000000   0x00003c00   Zero   RW         1683    .bss.ucHeap         heap_4.o


    Execution Region RW_IRAM2 (Base: 0x24000000, Size: 0x000015d8, Max: 0x00020000, ABSOLUTE)

    Base Addr    Size         Type   Attr      Idx    E Section Name        Object

    0x24000000   0x00000004   Data   RW           99    .data.SystemCoreClock  system_stm32h7xx.o
    0x24000004   0x00000004   Data   RW          100    .data.SystemD2Clock  system_stm32h7xx.o
    0x24000008   0x00000001   Data   RW          233    .data.uwTickFreq    stm32h7xx_hal.o
    0x24000009   0x00000003   PAD
    0x2400000c   0x00000004   Data   RW          232    .data.uwTickPrio    stm32h7xx_hal.o
    0x24000010   0x00000004   Data   RW         1720    .data.uxCriticalNesting  port.o
    0x24000014   0x00000004   PAD
    0x24000018   0x00000060   Zero   RW         2426    .bss                c_w.l(libspace.o)
    0x24000078   0x00000004   Zero   RW         1594    .bss.KernelState    cmsis_os2.o
    0x2400007c   0x00000004   Zero   RW         2096    .bss._ZGVN5usart11initializedE  usart_api.o
    0x24000080   0x00000001   Zero   RW         2095    .bss._ZN5usart11initializedE  usart_api.o
    0x24000081   0x00000003   PAD
    0x24000084   0x00000040   Zero   RW         2101    .bss._ZN5usart5RxBufILh1EE4dataE  usart_api.o
    0x240000c4   0x00000040   Zero   RW         2102    .bss._ZN5usart5RxBufILh2EE4dataE  usart_api.o
    0x24000104   0x00000040   Zero   RW         2103    .bss._ZN5usart5RxBufILh6EE4dataE  usart_api.o
    0x24000144   0x00000040   Zero   RW         2104    .bss._ZN5usart5TxBufILh1EE4dataE  usart_api.o
    0x24000184   0x00000001   Zero   RW         2098    .bss._ZN5usart5TxBufILh1EE4lockE  usart_api.o
    0x24000185   0x00000003   PAD
    0x24000188   0x00000040   Zero   RW         2105    .bss._ZN5usart5TxBufILh2EE4dataE  usart_api.o
    0x240001c8   0x00000001   Zero   RW         2099    .bss._ZN5usart5TxBufILh2EE4lockE  usart_api.o
    0x240001c9   0x00000003   PAD
    0x240001cc   0x00000040   Zero   RW         2106    .bss._ZN5usart5TxBufILh6EE4dataE  usart_api.o
    0x2400020c   0x00000001   Zero   RW         2100    .bss._ZN5usart5TxBufILh6EE4lockE  usart_api.o
    0x2400020d   0x00000003   PAD
    0x24000210   0x00000004   Zero   RW         2113    .bss._ZN5usart7rx_headILh1EEE  usart_api.o
    0x24000214   0x00000004   Zero   RW         2116    .bss._ZN5usart7rx_headILh2EEE  usart_api.o
    0x24000218   0x00000004   Zero   RW         2137    .bss._ZN5usart7rx_headILh6EEE  usart_api.o
    0x2400021c   0x00000004   Zero   RW         2115    .bss._ZN5usart7tx_tailILh1EEE  usart_api.o
    0x24000220   0x00000004   Zero   RW         2118    .bss._ZN5usart7tx_tailILh2EEE  usart_api.o
    0x24000224   0x00000004   Zero   RW         2139    .bss._ZN5usart7tx_tailILh6EEE  usart_api.o
    0x24000228   0x00000004   Zero   RW         2114    .bss._ZN5usart8tx_countILh1EEE  usart_api.o
    0x2400022c   0x00000004   Zero   RW         2117    .bss._ZN5usart8tx_countILh2EEE  usart_api.o
    0x24000230   0x00000004   Zero   RW         2138    .bss._ZN5usart8tx_countILh6EEE  usart_api.o
    0x24000234   0x00000004   Zero   RW            8    .bss.defaultTaskHandle  freertos.o
    0x24000238   0x0000004c   Zero   RW           57    .bss.htim17         stm32h7xx_hal_timebase_tim.o
    0x24000284   0x000000a0   Zero   RW         2055    .bss.prvCheckForValidListAndQueue.ucStaticTimerQueueStorage  timers.o
    0x24000324   0x00000050   Zero   RW         2054    .bss.prvCheckForValidListAndQueue.xStaticTimerQueue  timers.o
    0x24000374   0x00000004   Zero   RW         2051    .bss.prvSampleTimeNow.xLastTime  timers.o
    0x24000378   0x00000004   Zero   RW         1974    .bss.pxCurrentTCB   tasks.o
    0x2400037c   0x00000004   Zero   RW         2049    .bss.pxCurrentTimerList  timers.o
    0x24000380   0x00000004   Zero   RW         1982    .bss.pxDelayedTaskList  tasks.o
    0x24000384   0x00000004   Zero   RW         1676    .bss.pxEnd          heap_4.o
    0x24000388   0x00000004   Zero   RW         1983    .bss.pxOverflowDelayedTaskList  tasks.o
    0x2400038c   0x00000004   Zero   RW         2050    .bss.pxOverflowTimerList  timers.o
    0x24000390   0x00000460   Zero   RW         1985    .bss.pxReadyTasksLists  tasks.o
    0x240007f0   0x00000001   Zero   RW         1718    .bss.ucMaxSysCallPriority  port.o
    0x240007f1   0x00000003   PAD
    0x240007f4   0x00000004   Zero   RW         1719    .bss.ulMaxPRIGROUPValue  port.o
    0x240007f8   0x00000004   Zero   RW          234    .bss.uwTick         stm32h7xx_hal.o
    0x240007fc   0x00000004   Zero   RW         1978    .bss.uxCurrentNumberOfTasks  tasks.o
    0x24000800   0x00000004   Zero   RW         1977    .bss.uxDeletedTasksWaitingCleanUp  tasks.o
    0x24000804   0x00000004   Zero   RW         1980    .bss.uxSchedulerSuspended  tasks.o
    0x24000808   0x00000004   Zero   RW         1975    .bss.uxTaskNumber   tasks.o
    0x2400080c   0x00000004   Zero   RW         1986    .bss.uxTopReadyPriority  tasks.o
    0x24000810   0x00000200   Zero   RW         1596    .bss.vApplicationGetIdleTaskMemory.Idle_Stack  cmsis_os2.o
    0x24000a10   0x0000005c   Zero   RW         1595    .bss.vApplicationGetIdleTaskMemory.Idle_TCB  cmsis_os2.o
    0x24000a6c   0x00000400   Zero   RW         1598    .bss.vApplicationGetTimerTaskMemory.Timer_Stack  cmsis_os2.o
    0x24000e6c   0x0000005c   Zero   RW         1597    .bss.vApplicationGetTimerTaskMemory.Timer_TCB  cmsis_os2.o
    0x24000ec8   0x00000014   Zero   RW         2052    .bss.xActiveTimerList1  timers.o
    0x24000edc   0x00000014   Zero   RW         2053    .bss.xActiveTimerList2  timers.o
    0x24000ef0   0x00000001   Zero   RW         1677    .bss.xBlockAllocatedBit  heap_4.o
    0x24000ef1   0x00000003   PAD
    0x24000ef4   0x00000014   Zero   RW         1993    .bss.xDelayedTaskList1  tasks.o
    0x24000f08   0x00000014   Zero   RW         1994    .bss.xDelayedTaskList2  tasks.o
    0x24000f1c   0x00000004   Zero   RW         1678    .bss.xFreeBytesRemaining  heap_4.o
    0x24000f20   0x00000004   Zero   RW         1988    .bss.xIdleTaskHandle  tasks.o
    0x24000f24   0x00000004   Zero   RW         1680    .bss.xMinimumEverFreeBytesRemaining  heap_4.o
    0x24000f28   0x00000004   Zero   RW         1989    .bss.xNextTaskUnblockTime  tasks.o
    0x24000f2c   0x00000004   Zero   RW         1992    .bss.xNumOfOverflows  tasks.o
    0x24000f30   0x00000004   Zero   RW         1681    .bss.xNumberOfSuccessfulAllocations  heap_4.o
    0x24000f34   0x00000004   Zero   RW         1682    .bss.xNumberOfSuccessfulFrees  heap_4.o
    0x24000f38   0x00000004   Zero   RW         1991    .bss.xPendedTicks   tasks.o
    0x24000f3c   0x00000014   Zero   RW         1987    .bss.xPendingReadyList  tasks.o
    0x24000f50   0x00000040   Zero   RW         1797    .bss.xQueueRegistry  queue.o
    0x24000f90   0x00000004   Zero   RW         1979    .bss.xSchedulerRunning  tasks.o
    0x24000f94   0x00000008   Zero   RW         1679    .bss.xStart         heap_4.o
    0x24000f9c   0x00000014   Zero   RW         1984    .bss.xSuspendedTaskList  tasks.o
    0x24000fb0   0x00000014   Zero   RW         1976    .bss.xTasksWaitingTermination  tasks.o
    0x24000fc4   0x00000004   Zero   RW         1981    .bss.xTickCount     tasks.o
    0x24000fc8   0x00000004   Zero   RW         2047    .bss.xTimerQueue    timers.o
    0x24000fcc   0x00000004   Zero   RW         2048    .bss.xTimerTaskHandle  timers.o
    0x24000fd0   0x00000004   Zero   RW         1990    .bss.xYieldPending  tasks.o
    0x24000fd4   0x00000004   PAD
    0x24000fd8   0x00000200   Zero   RW         1435    HEAP                startup_stm32h723xx.o
    0x240011d8   0x00000400   Zero   RW         1434    STACK               startup_stm32h723xx.o


==============================================================================

Image component sizes


      Code (inc. data)   RO Data    RW Data    ZI Data      Debug   Object Name

       350          0          0          0       1724      43740   cmsis_os2.o
        44          0         48          0          4       2799   freertos.o
        86          0          0          0          0       2260   gpio.o
       580          0          0          0      15389       4905   heap_4.o
       146          0          0          0          0       2194   list.o
       274          0          0          0          0       6942   main.o
       904         16          0          4          5       4171   port.o
      1652          0          0          0         64      23323   queue.o
        72         30        716          0       1536        864   startup_stm32h723xx.o
       136          0          0          5          4      15940   stm32h7xx_hal.o
       306          0          0          0          0      12273   stm32h7xx_hal_cortex.o
        42          0          0          0          0       5417   stm32h7xx_hal_msp.o
        72          0          0          0          0       9579   stm32h7xx_hal_pwr_ex.o
      2336         24          0          0          0      11178   stm32h7xx_hal_rcc.o
      2822         84          0          0          0      18409   stm32h7xx_hal_rcc_ex.o
       994          0          0          0          0      55695   stm32h7xx_hal_tim.o
         6          0          0          0          0      25580   stm32h7xx_hal_tim_ex.o
       158          0          0          0         76       9629   stm32h7xx_hal_timebase_tim.o
        36          0          0          0          0       5042   stm32h7xx_it.o
       196          0          0          0          0       4634   stm32h7xx_ll_gpio.o
      1596         40         16          0          0      27560   stm32h7xx_ll_rcc.o
       376         48          0          0          0       6098   stm32h7xx_ll_usart.o
       234          0         16          8          0       5607   system_stm32h7xx.o
      2628          8          0          0       1280      30773   tasks.o
      1086         26          0          0        300      14889   timers.o
       976          0          0          0          0      13810   usart.o
       572          0          4          0        428      41954   usart_api.o

    ----------------------------------------------------------------------
     18758        276        848         20      20836     405265   Object Totals
         0          0         48          0          0          0   (incl. Generated)
        78          0          0          3         26          0   (incl. Padding)

    ----------------------------------------------------------------------

      Code (inc. data)   RO Data    RW Data    ZI Data      Debug   Library Member Name

         8          0          0          0          0         68   __main.o
         0          0          0          0          0          0   __rtentry.o
        12          0          0          0          0          0   __rtentry2.o
         6          0          0          0          0          0   __rtentry4.o
        94          8          0          0          0          0   __scatter.o
        26          0          0          0          0          0   __scatter_copy.o
        28          0          0          0          0          0   __scatter_zi.o
        22          0          0          0          0         80   abort.o
        16          0          0          0          0         68   aeabi_memset4.o
        48         34          0          0          0         76   defsig_abrt_inner.o
        14          0          0          0          0         80   defsig_abrt_outer.o
        10          0          0          0          0         68   defsig_exit.o
        50          0          0          0          0         88   defsig_general.o
        18          0          0          0          0         80   exit.o
         6          0          0          0          0        152   heapauxi.o
         0          0          0          0          0          0   indicate_semi.o
        44          8          0          0          0         80   init_aeabi.o
         2          0          0          0          0          0   libinit.o
        10          0          0          0          0          0   libinit2.o
         2          0          0          0          0          0   libshutdown.o
         2          0          0          0          0          0   libshutdown2.o
         8          4          0          0         96         68   libspace.o
        78          0          0          0          0         80   rt_memclr_w.o
       138          0          0          0          0         68   rt_memcpy_v6.o
       100          0          0          0          0         80   rt_memcpy_w.o
         2          0          0          0          0          0   rtexit.o
        10          0          0          0          0          0   rtexit2.o
        12          4          0          0          0         68   sys_exit.o
        74          0          0          0          0         80   sys_stackheap_outer.o
        14          0          0          0          0         76   sys_wrch.o
         2          0          0          0          0         68   use_no_semi.o
        26          0          0          0          0        116   fpinit.o
         6          0          0          0          0         44   abort_message.cpp.o
        52          0        147          0          0         76   cxa_guard.cpp.o

    ----------------------------------------------------------------------
       954         58        148          0         96       1664   Library Totals
        14          0          1          0          0          0   (incl. Padding)

    ----------------------------------------------------------------------

      Code (inc. data)   RO Data    RW Data    ZI Data      Debug   Library Name

       856         58          0          0         96       1428   c_w.l
        26          0          0          0          0        116   fz_wv.l
        58          0        147          0          0        120   libcppabi_wx.l

    ----------------------------------------------------------------------
       954         58        148          0         96       1664   Library Totals

    ----------------------------------------------------------------------

==============================================================================


      Code (inc. data)   RO Data    RW Data    ZI Data      Debug   

     19712        334        996         20      20932     405729   Grand Totals
     19712        334        996         20      20932     405729   ELF Image Totals
     19712        334        996         20          0          0   ROM Totals

==============================================================================

    Total RO  Size (Code + RO Data)                20708 (  20.22kB)
    Total RW  Size (RW Data + ZI Data)             20952 (  20.46kB)
    Total ROM Size (Code + RO Data + RW Data)      20728 (  20.24kB)

==============================================================================

